[    0.000000] Linux version 4.15.0-55-generic (buildd@lgw01-amd64-038) (gcc version 5.4.0 20160609 (Ubuntu 5.4.0-6ubuntu1~16.04.10)) #60~16.04.2-Ubuntu SMP Thu Jul 4 09:03:09 UTC 2019 (Ubuntu 4.15.0-55.60~16.04.2-generic 4.15.18)
[    0.000000] Command line: BOOT_IMAGE=/boot/vmlinuz-4.15.0-55-generic root=UUID=da2013a0-9036-46ec-9d43-26ac379cff66 ro quiet splash vt.handoff=7
[    0.000000] KERNEL supported cpus:
[    0.000000]   Intel GenuineIntel
[    0.000000]   AMD AuthenticAMD
[    0.000000]   Centaur CentaurHauls
[    0.000000] x86/fpu: Supporting XSAVE feature 0x001: 'x87 floating point registers'
[    0.000000] x86/fpu: Supporting XSAVE feature 0x002: 'SSE registers'
[    0.000000] x86/fpu: Supporting XSAVE feature 0x004: 'AVX registers'
[    0.000000] x86/fpu: Supporting XSAVE feature 0x008: 'MPX bounds registers'
[    0.000000] x86/fpu: Supporting XSAVE feature 0x010: 'MPX CSR'
[    0.000000] x86/fpu: xstate_offset[2]:  576, xstate_sizes[2]:  256
[    0.000000] x86/fpu: xstate_offset[3]:  832, xstate_sizes[3]:   64
[    0.000000] x86/fpu: xstate_offset[4]:  896, xstate_sizes[4]:   64
[    0.000000] x86/fpu: Enabled xstate features 0x1f, context size is 960 bytes, using 'compacted' format.
[    0.000000] e820: BIOS-provided physical RAM map:
[    0.000000] BIOS-e820: [mem 0x0000000000000000-0x0000000000000fff] reserved
[    0.000000] BIOS-e820: [mem 0x0000000000001000-0x000000000008ffff] usable
[    0.000000] BIOS-e820: [mem 0x0000000000090000-0x0000000000090fff] type 20
[    0.000000] BIOS-e820: [mem 0x0000000000091000-0x000000000009efff] usable
[    0.000000] BIOS-e820: [mem 0x000000000009f000-0x00000000000fffff] reserved
[    0.000000] BIOS-e820: [mem 0x0000000000100000-0x000000007d976fff] usable
[    0.000000] BIOS-e820: [mem 0x000000007d977000-0x000000007f1b9fff] reserved
[    0.000000] BIOS-e820: [mem 0x000000007f1ba000-0x000000007f394fff] ACPI data
[    0.000000] BIOS-e820: [mem 0x000000007f395000-0x000000007f40afff] ACPI NVS
[    0.000000] BIOS-e820: [mem 0x000000007f40b000-0x000000007fc4bfff] reserved
[    0.000000] BIOS-e820: [mem 0x000000007fc4c000-0x000000007fd0efff] type 20
[    0.000000] BIOS-e820: [mem 0x000000007fd0f000-0x000000007fd0ffff] usable
[    0.000000] BIOS-e820: [mem 0x000000007fd10000-0x000000008cffffff] reserved
[    0.000000] BIOS-e820: [mem 0x00000000e0000000-0x00000000efffffff] reserved
[    0.000000] BIOS-e820: [mem 0x00000000fe000000-0x00000000fe010fff] reserved
[    0.000000] BIOS-e820: [mem 0x00000000fec00000-0x00000000fec00fff] reserved
[    0.000000] BIOS-e820: [mem 0x00000000fed00000-0x00000000fed03fff] reserved
[    0.000000] BIOS-e820: [mem 0x00000000fee00000-0x00000000fee00fff] reserved
[    0.000000] BIOS-e820: [mem 0x00000000ff000000-0x00000000ffffffff] reserved
[    0.000000] BIOS-e820: [mem 0x0000000100000000-0x0000000870ffffff] usable
[    0.000000] NX (Execute Disable) protection: active
[    0.000000] efi: EFI v2.70 by American Megatrends
[    0.000000] efi:  ACPI 2.0=0x7f331000  ACPI=0x7f331000  SMBIOS=0x7faa2000  SMBIOS 3.0=0x7faa1000  MEMATTR=0x7af20018  ESRT=0x7b12bb18 
[    0.000000] secureboot: Secure boot could not be determined (mode 0)
[    0.000000] SMBIOS 3.2.1 present.
[    0.000000] DMI: System manufacturer System Product Name/ROG STRIX Z390-H GAMING, BIOS 2417 06/03/2019
[    0.000000] e820: update [mem 0x00000000-0x00000fff] usable ==> reserved
[    0.000000] e820: remove [mem 0x000a0000-0x000fffff] usable
[    0.000000] e820: last_pfn = 0x871000 max_arch_pfn = 0x400000000
[    0.000000] MTRR default type: write-back
[    0.000000] MTRR fixed ranges enabled:
[    0.000000]   00000-9FFFF write-back
[    0.000000]   A0000-BFFFF uncachable
[    0.000000]   C0000-FFFFF write-protect
[    0.000000] MTRR variable ranges enabled:
[    0.000000]   0 base 00C0000000 mask 7FC0000000 uncachable
[    0.000000]   1 base 00A0000000 mask 7FE0000000 uncachable
[    0.000000]   2 base 0090000000 mask 7FF0000000 uncachable
[    0.000000]   3 base 008C000000 mask 7FFC000000 uncachable
[    0.000000]   4 base 008A000000 mask 7FFE000000 uncachable
[    0.000000]   5 base 0089000000 mask 7FFF000000 uncachable
[    0.000000]   6 base 0088800000 mask 7FFF800000 uncachable
[    0.000000]   7 base 2000000000 mask 6000000000 uncachable
[    0.000000]   8 base 1000000000 mask 7000000000 uncachable
[    0.000000]   9 base 4000000000 mask 4000000000 uncachable
[    0.000000] x86/PAT: Configuration [0-7]: WB  WC  UC- UC  WB  WP  UC- WT  
[    0.000000] e820: last_pfn = 0x7fd10 max_arch_pfn = 0x400000000
[    0.000000] esrt: Reserving ESRT space from 0x000000007b12bb18 to 0x000000007b12bb50.
[    0.000000] Scanning 1 areas for low memory corruption
[    0.000000] Base memory trampoline at [        (ptrval)] 98000 size 24576
[    0.000000] Using GB pages for direct mapping
[    0.000000] BRK [0x79513f000, 0x79513ffff] PGTABLE
[    0.000000] BRK [0x795140000, 0x795140fff] PGTABLE
[    0.000000] BRK [0x795141000, 0x795141fff] PGTABLE
[    0.000000] BRK [0x795142000, 0x795142fff] PGTABLE
[    0.000000] BRK [0x795143000, 0x795143fff] PGTABLE
[    0.000000] BRK [0x795144000, 0x795144fff] PGTABLE
[    0.000000] BRK [0x795145000, 0x795145fff] PGTABLE
[    0.000000] BRK [0x795146000, 0x795146fff] PGTABLE
[    0.000000] RAMDISK: [mem 0x31658000-0x34b23fff]
[    0.000000] ACPI: Early table checksum verification disabled
[    0.000000] ACPI: RSDP 0x000000007F331000 000024 (v02 ALASKA)
[    0.000000] ACPI: XSDT 0x000000007F3310A8 0000C4 (v01 ALASKA A M I    01072009 AMI  00010013)
[    0.000000] ACPI: FACP 0x000000007F3716C0 000114 (v06 ALASKA A M I    01072009 AMI  00010013)
[    0.000000] ACPI: DSDT 0x000000007F331200 0404C0 (v02 ALASKA A M I    01072009 INTL 20160527)
[    0.000000] ACPI: FACS 0x000000007F40A080 000040
[    0.000000] ACPI: APIC 0x000000007F3717D8 0000A0 (v04 ALASKA A M I    01072009 AMI  00010013)
[    0.000000] ACPI: FPDT 0x000000007F371878 000044 (v01 ALASKA A M I    01072009 AMI  00010013)
[    0.000000] ACPI: FIDT 0x000000007F3718C0 00009C (v01 ALASKA A M I    01072009 AMI  00010013)
[    0.000000] ACPI: MCFG 0x000000007F371960 00003C (v01 ALASKA A M I    01072009 MSFT 00000097)
[    0.000000] ACPI: WSMT 0x000000007F380868 000028 (v01 ALASKA A M I    01072009 AMI  00010013)
[    0.000000] ACPI: SSDT 0x000000007F3719F8 001B1C (v02 CpuRef CpuSsdt  00003000 INTL 20160527)
[    0.000000] ACPI: SSDT 0x000000007F373518 003099 (v02 SaSsdt SaSsdt   00003000 INTL 20160527)
[    0.000000] ACPI: SSDT 0x000000007F3765B8 00232B (v02 PegSsd PegSsdt  00001000 INTL 20160527)
[    0.000000] ACPI: HPET 0x000000007F3788E8 000038 (v01 ALASKA A M I    00000002      01000013)
[    0.000000] ACPI: SSDT 0x000000007F378920 000FAE (v02 ALASKA Ther_Rvp 00001000 INTL 20160527)
[    0.000000] ACPI: SSDT 0x000000007F3798D0 002FD1 (v02 INTEL  xh_cfsd4 00000000 INTL 20160527)
[    0.000000] ACPI: UEFI 0x000000007F37C8A8 000042 (v01 ALASKA A M I    00000002      01000013)
[    0.000000] ACPI: LPIT 0x000000007F37C8F0 000094 (v01 ALASKA A M I    00000002      01000013)
[    0.000000] ACPI: SSDT 0x000000007F37C988 0027DE (v02 ALASKA PtidDevc 00001000 INTL 20160527)
[    0.000000] ACPI: SSDT 0x000000007F37F168 0014E2 (v02 ALASKA TbtTypeC 00000000 INTL 20160527)
[    0.000000] ACPI: DBGP 0x000000007F380650 000034 (v01 ALASKA A M I    00000002      01000013)
[    0.000000] ACPI: DBG2 0x000000007F380688 000054 (v00 ALASKA A M I    00000002      01000013)
[    0.000000] ACPI: SSDT 0x000000007F3806E0 000144 (v02 Intel  ADebTabl 00001000 INTL 20160527)
[    0.000000] ACPI: WPBT 0x000000007F380828 00003C (v01 ALASKA A M I    00000001 ASUS 00000001)
[    0.000000] ACPI: Local APIC address 0xfee00000
[    0.000000] No NUMA configuration found
[    0.000000] Faking a node at [mem 0x0000000000000000-0x0000000870ffffff]
[    0.000000] NODE_DATA(0) allocated [mem 0x870fd5000-0x870ffffff]
[    0.000000] Zone ranges:
[    0.000000]   DMA      [mem 0x0000000000001000-0x0000000000ffffff]
[    0.000000]   DMA32    [mem 0x0000000001000000-0x00000000ffffffff]
[    0.000000]   Normal   [mem 0x0000000100000000-0x0000000870ffffff]
[    0.000000]   Device   empty
[    0.000000] Movable zone start for each node
[    0.000000] Early memory node ranges
[    0.000000]   node   0: [mem 0x0000000000001000-0x000000000008ffff]
[    0.000000]   node   0: [mem 0x0000000000091000-0x000000000009efff]
[    0.000000]   node   0: [mem 0x0000000000100000-0x000000007d976fff]
[    0.000000]   node   0: [mem 0x000000007fd0f000-0x000000007fd0ffff]
[    0.000000]   node   0: [mem 0x0000000100000000-0x0000000870ffffff]
[    0.000000] Reserved but unavailable: 9963 pages
[    0.000000] Initmem setup node 0 [mem 0x0000000000001000-0x0000000870ffffff]
[    0.000000] On node 0 totalpages: 8317205
[    0.000000]   DMA zone: 64 pages used for memmap
[    0.000000]   DMA zone: 23 pages reserved
[    0.000000]   DMA zone: 3997 pages, LIFO batch:0
[    0.000000]   DMA32 zone: 7974 pages used for memmap
[    0.000000]   DMA32 zone: 510328 pages, LIFO batch:31
[    0.000000]   Normal zone: 121920 pages used for memmap
[    0.000000]   Normal zone: 7802880 pages, LIFO batch:31
[    0.000000] Reserving Intel graphics memory at 0x0000000089000000-0x000000008cffffff
[    0.000000] ACPI: PM-Timer IO Port: 0x1808
[    0.000000] ACPI: Local APIC address 0xfee00000
[    0.000000] ACPI: LAPIC_NMI (acpi_id[0x01] high edge lint[0x1])
[    0.000000] ACPI: LAPIC_NMI (acpi_id[0x02] high edge lint[0x1])
[    0.000000] ACPI: LAPIC_NMI (acpi_id[0x03] high edge lint[0x1])
[    0.000000] ACPI: LAPIC_NMI (acpi_id[0x04] high edge lint[0x1])
[    0.000000] ACPI: LAPIC_NMI (acpi_id[0x05] high edge lint[0x1])
[    0.000000] ACPI: LAPIC_NMI (acpi_id[0x06] high edge lint[0x1])
[    0.000000] IOAPIC[0]: apic_id 2, version 32, address 0xfec00000, GSI 0-119
[    0.000000] ACPI: INT_SRC_OVR (bus 0 bus_irq 0 global_irq 2 dfl dfl)
[    0.000000] ACPI: INT_SRC_OVR (bus 0 bus_irq 9 global_irq 9 high level)
[    0.000000] ACPI: IRQ0 used by override.
[    0.000000] ACPI: IRQ9 used by override.
[    0.000000] Using ACPI (MADT) for SMP configuration information
[    0.000000] ACPI: HPET id: 0x8086a201 base: 0xfed00000
[    0.000000] smpboot: Allowing 6 CPUs, 0 hotplug CPUs
[    0.000000] PM: Registered nosave memory: [mem 0x00000000-0x00000fff]
[    0.000000] PM: Registered nosave memory: [mem 0x00090000-0x00090fff]
[    0.000000] PM: Registered nosave memory: [mem 0x0009f000-0x000fffff]
[    0.000000] PM: Registered nosave memory: [mem 0x7d977000-0x7f1b9fff]
[    0.000000] PM: Registered nosave memory: [mem 0x7f1ba000-0x7f394fff]
[    0.000000] PM: Registered nosave memory: [mem 0x7f395000-0x7f40afff]
[    0.000000] PM: Registered nosave memory: [mem 0x7f40b000-0x7fc4bfff]
[    0.000000] PM: Registered nosave memory: [mem 0x7fc4c000-0x7fd0efff]
[    0.000000] PM: Registered nosave memory: [mem 0x7fd10000-0x8cffffff]
[    0.000000] PM: Registered nosave memory: [mem 0x8d000000-0xdfffffff]
[    0.000000] PM: Registered nosave memory: [mem 0xe0000000-0xefffffff]
[    0.000000] PM: Registered nosave memory: [mem 0xf0000000-0xfdffffff]
[    0.000000] PM: Registered nosave memory: [mem 0xfe000000-0xfe010fff]
[    0.000000] PM: Registered nosave memory: [mem 0xfe011000-0xfebfffff]
[    0.000000] PM: Registered nosave memory: [mem 0xfec00000-0xfec00fff]
[    0.000000] PM: Registered nosave memory: [mem 0xfec01000-0xfecfffff]
[    0.000000] PM: Registered nosave memory: [mem 0xfed00000-0xfed03fff]
[    0.000000] PM: Registered nosave memory: [mem 0xfed04000-0xfedfffff]
[    0.000000] PM: Registered nosave memory: [mem 0xfee00000-0xfee00fff]
[    0.000000] PM: Registered nosave memory: [mem 0xfee01000-0xfeffffff]
[    0.000000] PM: Registered nosave memory: [mem 0xff000000-0xffffffff]
[    0.000000] e820: [mem 0x8d000000-0xdfffffff] available for PCI devices
[    0.000000] Booting paravirtualized kernel on bare hardware
[    0.000000] clocksource: refined-jiffies: mask: 0xffffffff max_cycles: 0xffffffff, max_idle_ns: 7645519600211568 ns
[    0.000000] random: get_random_bytes called from start_kernel+0x99/0x51b with crng_init=0
[    0.000000] setup_percpu: NR_CPUS:8192 nr_cpumask_bits:6 nr_cpu_ids:6 nr_node_ids:1
[    0.000000] percpu: Embedded 46 pages/cpu @        (ptrval) s151552 r8192 d28672 u262144
[    0.000000] pcpu-alloc: s151552 r8192 d28672 u262144 alloc=1*2097152
[    0.000000] pcpu-alloc: [0] 0 1 2 3 4 5 - - 
[    0.000000] Built 1 zonelists, mobility grouping on.  Total pages: 8187224
[    0.000000] Policy zone: Normal
[    0.000000] Kernel command line: BOOT_IMAGE=/boot/vmlinuz-4.15.0-55-generic root=UUID=da2013a0-9036-46ec-9d43-26ac379cff66 ro quiet splash vt.handoff=7
[    0.000000] Calgary: detecting Calgary via BIOS EBDA area
[    0.000000] Calgary: Unable to locate Rio Grande table in EBDA - bailing!
[    0.000000] Memory: 32525200K/33268820K available (12300K kernel code, 2472K rwdata, 4284K rodata, 2408K init, 2416K bss, 743620K reserved, 0K cma-reserved)
[    0.000000] SLUB: HWalign=64, Order=0-3, MinObjects=0, CPUs=6, Nodes=1
[    0.000000] Kernel/User page tables isolation: enabled
[    0.000000] ftrace: allocating 39226 entries in 154 pages
[    0.000000] Hierarchical RCU implementation.
[    0.000000] 	RCU restricting CPUs from NR_CPUS=8192 to nr_cpu_ids=6.
[    0.000000] 	Tasks RCU enabled.
[    0.000000] RCU: Adjusting geometry for rcu_fanout_leaf=16, nr_cpu_ids=6
[    0.000000] NR_IRQS: 524544, nr_irqs: 1536, preallocated irqs: 16
[    0.000000] vt handoff: transparent VT on vt#7
[    0.000000] Console: colour dummy device 80x25
[    0.000000] console [tty0] enabled
[    0.000000] ACPI: Core revision 20170831
[    0.000000] ACPI: 9 ACPI AML tables successfully acquired and loaded
[    0.000000] clocksource: hpet: mask: 0xffffffff max_cycles: 0xffffffff, max_idle_ns: 79635855245 ns
[    0.000000] hpet clockevent registered
[    0.004000] APIC: Switch to symmetric I/O mode setup
[    0.004000] x2apic: IRQ remapping doesn't support X2APIC mode
[    0.008000] ..TIMER: vector=0x30 apic1=0 pin1=2 apic2=-1 pin2=-1
[    0.028000] tsc: Detected 3700.000 MHz processor
[    0.028000] tsc: Detected 3696.000 MHz TSC
[    0.028000] Calibrating delay loop (skipped), value calculated using timer frequency.. 7392.00 BogoMIPS (lpj=14784000)
[    0.028000] pid_max: default: 32768 minimum: 301
[    0.028000] efi: memattr: Entry attributes invalid: RO and XP bits both cleared
[    0.028000] efi: memattr: ! 0x000000090000-0x000000090fff [Runtime Code       |RUN|  |  |  |  |  |  |   |  |  |  |  ]
[    0.028000] Security Framework initialized
[    0.028000] Yama: becoming mindful.
[    0.028000] AppArmor: AppArmor initialized
[    0.034415] Dentry cache hash table entries: 4194304 (order: 13, 33554432 bytes)
[    0.036758] Inode-cache hash table entries: 2097152 (order: 12, 16777216 bytes)
[    0.036835] Mount-cache hash table entries: 65536 (order: 7, 524288 bytes)
[    0.036910] Mountpoint-cache hash table entries: 65536 (order: 7, 524288 bytes)
[    0.037040] ENERGY_PERF_BIAS: Set to 'normal', was 'performance'
[    0.037040] ENERGY_PERF_BIAS: View and update with x86_energy_perf_policy(8)
[    0.037044] mce: CPU supports 12 MCE banks
[    0.037051] CPU0: Thermal monitoring enabled (TM1)
[    0.037067] process: using mwait in idle threads
[    0.037068] Last level iTLB entries: 4KB 128, 2MB 8, 4MB 8
[    0.037069] Last level dTLB entries: 4KB 64, 2MB 0, 4MB 0, 1GB 4
[    0.037070] Spectre V2 : Mitigation: Full generic retpoline
[    0.037070] Spectre V2 : Spectre v2 / SpectreRSB mitigation: Filling RSB on context switch
[    0.037070] Spectre V2 : Enabling Restricted Speculation for firmware calls
[    0.037074] Spectre V2 : mitigation: Enabling conditional Indirect Branch Prediction Barrier
[    0.037075] Spectre V2 : User space: Mitigation: STIBP via seccomp and prctl
[    0.037076] Speculative Store Bypass: Mitigation: Speculative Store Bypass disabled via prctl and seccomp
[    0.037094] MDS: Mitigation: Clear CPU buffers
[    0.041697] Freeing SMP alternatives memory: 36K
[    0.045132] TSC deadline timer enabled
[    0.045137] smpboot: CPU0: Intel(R) Core(TM) i7-8700K CPU @ 3.70GHz (family: 0x6, model: 0x9e, stepping: 0xa)
[    0.045178] Performance Events: PEBS fmt3+, Skylake events, 32-deep LBR, full-width counters, Intel PMU driver.
[    0.045199] ... version:                4
[    0.045200] ... bit width:              48
[    0.045200] ... generic registers:      8
[    0.045200] ... value mask:             0000ffffffffffff
[    0.045201] ... max period:             00007fffffffffff
[    0.045201] ... fixed-purpose events:   3
[    0.045201] ... event mask:             00000007000000ff
[    0.045227] Hierarchical SRCU implementation.
[    0.045955] NMI watchdog: Enabled. Permanently consumes one hw-PMU counter.
[    0.045964] smp: Bringing up secondary CPUs ...
[    0.046008] x86: Booting SMP configuration:
[    0.046009] .... node  #0, CPUs:      #1 #2 #3 #4 #5
[    0.048727] smp: Brought up 1 node, 6 CPUs
[    0.048727] smpboot: Max logical packages: 1
[    0.048727] smpboot: Total of 6 processors activated (44352.00 BogoMIPS)
[    0.052486] devtmpfs: initialized
[    0.052486] x86/mm: Memory block size: 128MB
[    0.053397] evm: security.selinux
[    0.053397] evm: security.SMACK64
[    0.053397] evm: security.SMACK64EXEC
[    0.053398] evm: security.SMACK64TRANSMUTE
[    0.053398] evm: security.SMACK64MMAP
[    0.053398] evm: security.apparmor
[    0.053399] evm: security.ima
[    0.053399] evm: security.capability
[    0.053408] PM: Registering ACPI NVS region [mem 0x7f395000-0x7f40afff] (483328 bytes)
[    0.053408] clocksource: jiffies: mask: 0xffffffff max_cycles: 0xffffffff, max_idle_ns: 7645041785100000 ns
[    0.053408] futex hash table entries: 2048 (order: 5, 131072 bytes)
[    0.053408] pinctrl core: initialized pinctrl subsystem
[    0.053408] RTC time: 14:50:10, date: 07/27/19
[    0.053408] NET: Registered protocol family 16
[    0.053408] audit: initializing netlink subsys (disabled)
[    0.053408] audit: type=2000 audit(1564239010.052:1): state=initialized audit_enabled=0 res=1
[    0.053408] cpuidle: using governor ladder
[    0.053408] cpuidle: using governor menu
[    0.053408] ACPI FADT declares the system doesn't support PCIe ASPM, so disable it
[    0.053408] ACPI: bus type PCI registered
[    0.053408] acpiphp: ACPI Hot Plug PCI Controller Driver version: 0.5
[    0.053408] PCI: MMCONFIG for domain 0000 [bus 00-ff] at [mem 0xe0000000-0xefffffff] (base 0xe0000000)
[    0.053408] PCI: MMCONFIG at [mem 0xe0000000-0xefffffff] reserved in E820
[    0.053408] PCI: Using configuration type 1 for base access
[    0.053408] HugeTLB registered 1.00 GiB page size, pre-allocated 0 pages
[    0.053408] HugeTLB registered 2.00 MiB page size, pre-allocated 0 pages
[    0.053408] ACPI: Added _OSI(Module Device)
[    0.053408] ACPI: Added _OSI(Processor Device)
[    0.053408] ACPI: Added _OSI(3.0 _SCP Extensions)
[    0.053408] ACPI: Added _OSI(Processor Aggregator Device)
[    0.053408] ACPI: Added _OSI(Linux-Dell-Video)
[    0.053408] ACPI: Added _OSI(Linux-Lenovo-NV-HDMI-Audio)
[    0.053408] ACPI: Added _OSI(Linux-HPI-Hybrid-Graphics)
[    0.082566] ACPI: Executed 45 blocks of module-level executable AML code
[    0.100471] ACPI: Dynamic OEM Table Load:
[    0.100475] ACPI: SSDT 0xFFFF98B48C896800 0000F4 (v02 PmRef  Cpu0Psd  00003000 INTL 20160527)
[    0.100682] ACPI: Executed 1 blocks of module-level executable AML code
[    0.100778] ACPI: \_SB_.PR00: _OSC native thermal LVT Acked
[    0.102210] ACPI: Dynamic OEM Table Load:
[    0.102213] ACPI: SSDT 0xFFFF98B48C890800 000400 (v02 PmRef  Cpu0Cst  00003001 INTL 20160527)
[    0.102418] ACPI: Executed 1 blocks of module-level executable AML code
[    0.102609] ACPI: Dynamic OEM Table Load:
[    0.102613] ACPI: SSDT 0xFFFF98B48C82E000 0006EC (v02 PmRef  Cpu0Ist  00003000 INTL 20160527)
[    0.102799] ACPI: Executed 1 blocks of module-level executable AML code
[    0.102950] ACPI: Dynamic OEM Table Load:
[    0.102952] ACPI: SSDT 0xFFFF98B48C8B4600 000133 (v02 PmRef  Cpu0Hwp  00003000 INTL 20160527)
[    0.103140] ACPI: Executed 1 blocks of module-level executable AML code
[    0.103273] ACPI: Dynamic OEM Table Load:
[    0.103277] ACPI: SSDT 0xFFFF98B48C82A800 000724 (v02 PmRef  HwpLvt   00003000 INTL 20160527)
[    0.103449] ACPI: Executed 1 blocks of module-level executable AML code
[    0.103845] ACPI: Dynamic OEM Table Load:
[    0.103848] ACPI: SSDT 0xFFFF98B48C829800 0005FC (v02 PmRef  ApIst    00003000 INTL 20160527)
[    0.104194] ACPI: Executed 1 blocks of module-level executable AML code
[    0.104346] ACPI: Dynamic OEM Table Load:
[    0.104349] ACPI: SSDT 0xFFFF98B48C9E5800 000317 (v02 PmRef  ApHwp    00003000 INTL 20160527)
[    0.104589] ACPI: Executed 1 blocks of module-level executable AML code
[    0.104843] ACPI: Dynamic OEM Table Load:
[    0.104846] ACPI: SSDT 0xFFFF98B490545000 000AB0 (v02 PmRef  ApPsd    00003000 INTL 20160527)
[    0.105529] ACPI: Executed 1 blocks of module-level executable AML code
[    0.105686] ACPI: Dynamic OEM Table Load:
[    0.105689] ACPI: SSDT 0xFFFF98B48C9E5400 00030A (v02 PmRef  ApCst    00003000 INTL 20160527)
[    0.105936] ACPI: Executed 1 blocks of module-level executable AML code
[    0.109358] ACPI: Interpreter enabled
[    0.109388] ACPI: (supports S0 S3 S4 S5)
[    0.109389] ACPI: Using IOAPIC for interrupt routing
[    0.109419] PCI: Using host bridge windows from ACPI; if necessary, use "pci=nocrs" and report a bug
[    0.110516] ACPI: Enabled 7 GPEs in block 00 to 7F
[    0.123867] ACPI: Power Resource [USBC] (on)
[    0.126743] ACPI: Power Resource [V0PR] (on)
[    0.127105] ACPI: Power Resource [V1PR] (on)
[    0.127461] ACPI: Power Resource [V2PR] (on)
[    0.136959] ACPI: Power Resource [WRST] (on)
[    0.142185] ACPI: Power Resource [FN00] (off)
[    0.142267] ACPI: Power Resource [FN01] (off)
[    0.142344] ACPI: Power Resource [FN02] (off)
[    0.142419] ACPI: Power Resource [FN03] (off)
[    0.142496] ACPI: Power Resource [FN04] (off)
[    0.143180] ACPI: Power Resource [PIN] (off)
[    0.143601] ACPI: PCI Root Bridge [PCI0] (domain 0000 [bus 00-fe])
[    0.143606] acpi PNP0A08:00: _OSC: OS supports [ExtendedConfig ASPM ClockPM Segments MSI]
[    0.143781] acpi PNP0A08:00: _OSC: platform does not support [PCIeHotplug PME]
[    0.143947] acpi PNP0A08:00: _OSC: OS now controls [AER PCIeCapability]
[    0.143948] acpi PNP0A08:00: FADT indicates ASPM is unsupported, using BIOS configuration
[    0.144796] PCI host bridge to bus 0000:00
[    0.144797] pci_bus 0000:00: root bus resource [io  0x0000-0x0cf7 window]
[    0.144798] pci_bus 0000:00: root bus resource [io  0x0d00-0xffff window]
[    0.144799] pci_bus 0000:00: root bus resource [mem 0x000a0000-0x000bffff window]
[    0.144800] pci_bus 0000:00: root bus resource [mem 0x8d000000-0xdfffffff window]
[    0.144801] pci_bus 0000:00: root bus resource [mem 0xfc800000-0xfe7fffff window]
[    0.144802] pci_bus 0000:00: root bus resource [bus 00-fe]
[    0.144807] pci 0000:00:00.0: [8086:3ec2] type 00 class 0x060000
[    0.145129] pci 0000:00:01.0: [8086:1901] type 01 class 0x060400
[    0.145160] pci 0000:00:01.0: PME# supported from D0 D3hot D3cold
[    0.145301] pci 0000:00:01.1: [8086:1905] type 01 class 0x060400
[    0.145330] pci 0000:00:01.1: PME# supported from D0 D3hot D3cold
[    0.145498] pci 0000:00:02.0: [8086:3e92] type 00 class 0x030000
[    0.145505] pci 0000:00:02.0: reg 0x10: [mem 0x8d000000-0x8dffffff 64bit]
[    0.145509] pci 0000:00:02.0: reg 0x18: [mem 0x90000000-0x9fffffff 64bit pref]
[    0.145512] pci 0000:00:02.0: reg 0x20: [io  0x3000-0x303f]
[    0.145724] pci 0000:00:14.0: [8086:a36d] type 00 class 0x0c0330
[    0.145740] pci 0000:00:14.0: reg 0x10: [mem 0x8e420000-0x8e42ffff 64bit]
[    0.145792] pci 0000:00:14.0: PME# supported from D3hot D3cold
[    0.146134] pci 0000:00:14.2: [8086:a36f] type 00 class 0x050000
[    0.146151] pci 0000:00:14.2: reg 0x10: [mem 0x8e436000-0x8e437fff 64bit]
[    0.146160] pci 0000:00:14.2: reg 0x18: [mem 0x8e43c000-0x8e43cfff 64bit]
[    0.146309] pci 0000:00:16.0: [8086:a360] type 00 class 0x078000
[    0.146331] pci 0000:00:16.0: reg 0x10: [mem 0x8e43b000-0x8e43bfff 64bit]
[    0.146397] pci 0000:00:16.0: PME# supported from D3hot
[    0.146594] pci 0000:00:17.0: [8086:a352] type 00 class 0x010601
[    0.146609] pci 0000:00:17.0: reg 0x10: [mem 0x8e434000-0x8e435fff]
[    0.146617] pci 0000:00:17.0: reg 0x14: [mem 0x8e43a000-0x8e43a0ff]
[    0.146625] pci 0000:00:17.0: reg 0x18: [io  0x3090-0x3097]
[    0.146633] pci 0000:00:17.0: reg 0x1c: [io  0x3080-0x3083]
[    0.146641] pci 0000:00:17.0: reg 0x20: [io  0x3060-0x307f]
[    0.146648] pci 0000:00:17.0: reg 0x24: [mem 0x8e439000-0x8e4397ff]
[    0.146684] pci 0000:00:17.0: PME# supported from D3hot
[    0.146842] pci 0000:00:1b.0: [8086:a340] type 01 class 0x060400
[    0.146907] pci 0000:00:1b.0: PME# supported from D0 D3hot D3cold
[    0.147105] pci 0000:00:1c.0: [8086:a338] type 01 class 0x060400
[    0.147169] pci 0000:00:1c.0: PME# supported from D0 D3hot D3cold
[    0.147361] pci 0000:00:1d.0: [8086:a330] type 01 class 0x060400
[    0.147426] pci 0000:00:1d.0: PME# supported from D0 D3hot D3cold
[    0.147439] pci 0000:00:1d.0: PTM enabled (root), 4dns granularity
[    0.147635] pci 0000:00:1f.0: [8086:a305] type 00 class 0x060100
[    0.147921] pci 0000:00:1f.3: [8086:a348] type 00 class 0x040300
[    0.147960] pci 0000:00:1f.3: reg 0x10: [mem 0x8e430000-0x8e433fff 64bit]
[    0.147996] pci 0000:00:1f.3: reg 0x20: [mem 0x8e000000-0x8e0fffff 64bit]
[    0.148070] pci 0000:00:1f.3: PME# supported from D3hot D3cold
[    0.148669] pci 0000:00:1f.4: [8086:a323] type 00 class 0x0c0500
[    0.148688] pci 0000:00:1f.4: reg 0x10: [mem 0x8e438000-0x8e4380ff 64bit]
[    0.148715] pci 0000:00:1f.4: reg 0x20: [io  0xefa0-0xefbf]
[    0.148870] pci 0000:00:1f.5: [8086:a324] type 00 class 0x0c8000
[    0.148884] pci 0000:00:1f.5: reg 0x10: [mem 0xfe010000-0xfe010fff]
[    0.149028] pci 0000:00:1f.6: [8086:15bc] type 00 class 0x020000
[    0.149062] pci 0000:00:1f.6: reg 0x10: [mem 0x8e400000-0x8e41ffff]
[    0.149205] pci 0000:00:1f.6: PME# supported from D0 D3hot D3cold
[    0.149324] pci 0000:00:01.0: PCI bridge to [bus 01]
[    0.149356] pci 0000:02:00.0: [8086:1572] type 00 class 0x020000
[    0.149372] pci 0000:02:00.0: reg 0x10: [mem 0xa1800000-0xa1ffffff 64bit pref]
[    0.149383] pci 0000:02:00.0: reg 0x1c: [mem 0xa2018000-0xa201ffff 64bit pref]
[    0.149393] pci 0000:02:00.0: reg 0x30: [mem 0x8e280000-0x8e2fffff pref]
[    0.149434] pci 0000:02:00.0: PME# supported from D0 D3hot D3cold
[    0.149450] pci 0000:02:00.0: reg 0x184: [mem 0x00000000-0x0000ffff 64bit pref]
[    0.149452] pci 0000:02:00.0: VF(n) BAR0 space: [mem 0x00000000-0x001fffff 64bit pref] (contains BAR0 for 32 VFs)
[    0.149461] pci 0000:02:00.0: reg 0x190: [mem 0x00000000-0x00003fff 64bit pref]
[    0.149463] pci 0000:02:00.0: VF(n) BAR3 space: [mem 0x00000000-0x0007ffff 64bit pref] (contains BAR3 for 32 VFs)
[    0.149546] pci 0000:02:00.1: [8086:1572] type 00 class 0x020000
[    0.149562] pci 0000:02:00.1: reg 0x10: [mem 0xa1000000-0xa17fffff 64bit pref]
[    0.149573] pci 0000:02:00.1: reg 0x1c: [mem 0xa2010000-0xa2017fff 64bit pref]
[    0.149582] pci 0000:02:00.1: reg 0x30: [mem 0x8e200000-0x8e27ffff pref]
[    0.149622] pci 0000:02:00.1: PME# supported from D0 D3hot D3cold
[    0.149638] pci 0000:02:00.1: reg 0x184: [mem 0x00000000-0x0000ffff 64bit pref]
[    0.149639] pci 0000:02:00.1: VF(n) BAR0 space: [mem 0x00000000-0x001fffff 64bit pref] (contains BAR0 for 32 VFs)
[    0.149649] pci 0000:02:00.1: reg 0x190: [mem 0x00000000-0x00003fff 64bit pref]
[    0.149650] pci 0000:02:00.1: VF(n) BAR3 space: [mem 0x00000000-0x0007ffff 64bit pref] (contains BAR3 for 32 VFs)
[    0.149730] pci 0000:02:00.2: [8086:1572] type 00 class 0x020000
[    0.149745] pci 0000:02:00.2: reg 0x10: [mem 0xa0800000-0xa0ffffff 64bit pref]
[    0.149756] pci 0000:02:00.2: reg 0x1c: [mem 0xa2008000-0xa200ffff 64bit pref]
[    0.149766] pci 0000:02:00.2: reg 0x30: [mem 0x8e180000-0x8e1fffff pref]
[    0.149805] pci 0000:02:00.2: PME# supported from D0 D3hot D3cold
[    0.149821] pci 0000:02:00.2: reg 0x184: [mem 0x00000000-0x0000ffff 64bit pref]
[    0.149822] pci 0000:02:00.2: VF(n) BAR0 space: [mem 0x00000000-0x001fffff 64bit pref] (contains BAR0 for 32 VFs)
[    0.149831] pci 0000:02:00.2: reg 0x190: [mem 0x00000000-0x00003fff 64bit pref]
[    0.149832] pci 0000:02:00.2: VF(n) BAR3 space: [mem 0x00000000-0x0007ffff 64bit pref] (contains BAR3 for 32 VFs)
[    0.149911] pci 0000:02:00.3: [8086:1572] type 00 class 0x020000
[    0.149926] pci 0000:02:00.3: reg 0x10: [mem 0xa0000000-0xa07fffff 64bit pref]
[    0.149937] pci 0000:02:00.3: reg 0x1c: [mem 0xa2000000-0xa2007fff 64bit pref]
[    0.149946] pci 0000:02:00.3: reg 0x30: [mem 0x8e100000-0x8e17ffff pref]
[    0.149986] pci 0000:02:00.3: PME# supported from D0 D3hot D3cold
[    0.150001] pci 0000:02:00.3: reg 0x184: [mem 0x00000000-0x0000ffff 64bit pref]
[    0.150002] pci 0000:02:00.3: VF(n) BAR0 space: [mem 0x00000000-0x001fffff 64bit pref] (contains BAR0 for 32 VFs)
[    0.150012] pci 0000:02:00.3: reg 0x190: [mem 0x00000000-0x00003fff 64bit pref]
[    0.150013] pci 0000:02:00.3: VF(n) BAR3 space: [mem 0x00000000-0x0007ffff 64bit pref] (contains BAR3 for 32 VFs)
[    0.160012] pci 0000:00:01.1: PCI bridge to [bus 02]
[    0.160015] pci 0000:00:01.1:   bridge window [mem 0x8e100000-0x8e2fffff]
[    0.160017] pci 0000:00:01.1:   bridge window [mem 0xa0000000-0xa20fffff 64bit pref]
[    0.160018] pci 0000:00:01.1: bridge has subordinate 02 but max busn 03
[    0.160091] acpiphp: Slot [1] registered
[    0.160101] pci 0000:00:1b.0: PCI bridge to [bus 03]
[    0.160171] acpiphp: Slot [1-1] registered
[    0.160181] pci 0000:00:1c.0: PCI bridge to [bus 04]
[    0.160250] pci 0000:05:00.0: [144d:a804] type 00 class 0x010802
[    0.160275] pci 0000:05:00.0: reg 0x10: [mem 0x8e300000-0x8e303fff 64bit]
[    0.160439] pci 0000:00:1d.0: PCI bridge to [bus 05]
[    0.160443] pci 0000:00:1d.0:   bridge window [mem 0x8e300000-0x8e3fffff]
[    0.161776] ACPI: PCI Interrupt Link [LNKA] (IRQs 3 4 5 6 10 11 12 14 15) *0
[    0.161851] ACPI: PCI Interrupt Link [LNKB] (IRQs 3 4 5 6 10 11 12 14 15) *1
[    0.161923] ACPI: PCI Interrupt Link [LNKC] (IRQs 3 4 5 6 10 11 12 14 15) *0
[    0.161996] ACPI: PCI Interrupt Link [LNKD] (IRQs 3 4 5 6 10 11 12 14 15) *0
[    0.162068] ACPI: PCI Interrupt Link [LNKE] (IRQs 3 4 5 6 10 11 12 14 15) *0
[    0.162141] ACPI: PCI Interrupt Link [LNKF] (IRQs 3 4 5 6 10 11 12 14 15) *0
[    0.162213] ACPI: PCI Interrupt Link [LNKG] (IRQs 3 4 5 6 10 11 12 14 15) *0
[    0.162285] ACPI: PCI Interrupt Link [LNKH] (IRQs 3 4 5 6 10 11 12 14 15) *0
[    0.162996] SCSI subsystem initialized
[    0.163003] libata version 3.00 loaded.
[    0.163003] pci 0000:00:02.0: vgaarb: setting as boot VGA device
[    0.163003] pci 0000:00:02.0: vgaarb: VGA device added: decodes=io+mem,owns=io+mem,locks=none
[    0.163003] pci 0000:00:02.0: vgaarb: bridge control possible
[    0.163003] vgaarb: loaded
[    0.163003] ACPI: bus type USB registered
[    0.163003] usbcore: registered new interface driver usbfs
[    0.163003] usbcore: registered new interface driver hub
[    0.163003] usbcore: registered new device driver usb
[    0.163003] EDAC MC: Ver: 3.0.0
[    0.163003] Registered efivars operations
[    0.184860] PCI: Using ACPI for IRQ routing
[    0.227531] PCI: pci_cache_line_size set to 64 bytes
[    0.227604] e820: reserve RAM buffer [mem 0x0009f000-0x0009ffff]
[    0.227605] e820: reserve RAM buffer [mem 0x7d977000-0x7fffffff]
[    0.227606] e820: reserve RAM buffer [mem 0x7fd10000-0x7fffffff]
[    0.227607] e820: reserve RAM buffer [mem 0x871000000-0x873ffffff]
[    0.227660] NetLabel: Initializing
[    0.227661] NetLabel:  domain hash size = 128
[    0.227661] NetLabel:  protocols = UNLABELED CIPSOv4 CALIPSO
[    0.227669] NetLabel:  unlabeled traffic allowed by default
[    0.228098] hpet0: at MMIO 0xfed00000, IRQs 2, 8, 0, 0, 0, 0, 0, 0
[    0.228101] hpet0: 8 comparators, 64-bit 24.000000 MHz counter
[    0.230147] clocksource: Switched to clocksource hpet
[    0.234241] VFS: Disk quotas dquot_6.6.0
[    0.234250] VFS: Dquot-cache hash table entries: 512 (order 0, 4096 bytes)
[    0.234305] AppArmor: AppArmor Filesystem Enabled
[    0.234319] pnp: PnP ACPI init
[    0.234390] system 00:00: [mem 0x40000000-0x403fffff] could not be reserved
[    0.234393] system 00:00: Plug and Play ACPI device, IDs PNP0c02 (active)
[    0.234552] system 00:01: [io  0x0290-0x029f] has been reserved
[    0.234555] system 00:01: Plug and Play ACPI device, IDs PNP0c02 (active)
[    0.234993] pnp 00:02: [dma 0 disabled]
[    0.235022] pnp 00:02: Plug and Play ACPI device, IDs PNP0501 (active)
[    0.235107] system 00:03: [io  0x0680-0x069f] has been reserved
[    0.235109] system 00:03: Plug and Play ACPI device, IDs PNP0c02 (active)
[    0.235203] system 00:04: [io  0x1854-0x1857] has been reserved
[    0.235205] system 00:04: Plug and Play ACPI device, IDs INT3f0d PNP0c02 (active)
[    0.235363] system 00:05: [mem 0xfed10000-0xfed17fff] has been reserved
[    0.235364] system 00:05: [mem 0xfed18000-0xfed18fff] has been reserved
[    0.235365] system 00:05: [mem 0xfed19000-0xfed19fff] has been reserved
[    0.235366] system 00:05: [mem 0xe0000000-0xefffffff] has been reserved
[    0.235367] system 00:05: [mem 0xfed20000-0xfed3ffff] has been reserved
[    0.235368] system 00:05: [mem 0xfed90000-0xfed93fff] has been reserved
[    0.235369] system 00:05: [mem 0xfed45000-0xfed8ffff] has been reserved
[    0.235370] system 00:05: [mem 0xfee00000-0xfeefffff] could not be reserved
[    0.235372] system 00:05: Plug and Play ACPI device, IDs PNP0c02 (active)
[    0.235561] system 00:06: [io  0x1800-0x18fe] could not be reserved
[    0.235562] system 00:06: [mem 0xfd000000-0xfd69ffff] has been reserved
[    0.235563] system 00:06: [mem 0xfd6c0000-0xfd6cffff] has been reserved
[    0.235564] system 00:06: [mem 0xfd6f0000-0xfdffffff] has been reserved
[    0.235565] system 00:06: [mem 0xfe000000-0xfe01ffff] could not be reserved
[    0.235566] system 00:06: [mem 0xfe200000-0xfe7fffff] has been reserved
[    0.235567] system 00:06: [mem 0xff000000-0xffffffff] has been reserved
[    0.235569] system 00:06: Plug and Play ACPI device, IDs PNP0c02 (active)
[    0.235820] system 00:07: [io  0x2000-0x20fe] has been reserved
[    0.235822] system 00:07: Plug and Play ACPI device, IDs PNP0c02 (active)
[    0.236957] system 00:08: [mem 0xfd6e0000-0xfd6effff] has been reserved
[    0.236958] system 00:08: [mem 0xfd6d0000-0xfd6dffff] has been reserved
[    0.236959] system 00:08: [mem 0xfd6b0000-0xfd6bffff] has been reserved
[    0.236960] system 00:08: [mem 0xfd6a0000-0xfd6affff] has been reserved
[    0.236962] system 00:08: Plug and Play ACPI device, IDs PNP0c02 (active)
[    0.237764] pnp: PnP ACPI: found 9 devices
[    0.247679] clocksource: acpi_pm: mask: 0xffffff max_cycles: 0xffffff, max_idle_ns: 2085701024 ns
[    0.247682] pci_bus 0000:00: max bus depth: 1 pci_try_num: 2
[    0.247711] pci 0000:00:1b.0: BAR 14: assigned [mem 0x8e500000-0x8e6fffff]
[    0.247714] pci 0000:00:1b.0: BAR 15: assigned [mem 0x8e700000-0x8e8fffff 64bit pref]
[    0.247716] pci 0000:00:1b.0: BAR 13: assigned [io  0x4000-0x4fff]
[    0.247717] pci 0000:00:01.0: PCI bridge to [bus 01]
[    0.247724] pci 0000:02:00.0: BAR 7: no space for [mem size 0x00200000 64bit pref]
[    0.247725] pci 0000:02:00.0: BAR 7: failed to assign [mem size 0x00200000 64bit pref]
[    0.247726] pci 0000:02:00.1: BAR 7: no space for [mem size 0x00200000 64bit pref]
[    0.247727] pci 0000:02:00.1: BAR 7: failed to assign [mem size 0x00200000 64bit pref]
[    0.247728] pci 0000:02:00.2: BAR 7: no space for [mem size 0x00200000 64bit pref]
[    0.247729] pci 0000:02:00.2: BAR 7: failed to assign [mem size 0x00200000 64bit pref]
[    0.247731] pci 0000:02:00.3: BAR 7: no space for [mem size 0x00200000 64bit pref]
[    0.247731] pci 0000:02:00.3: BAR 7: failed to assign [mem size 0x00200000 64bit pref]
[    0.247733] pci 0000:02:00.0: BAR 10: assigned [mem 0xa2020000-0xa209ffff 64bit pref]
[    0.247736] pci 0000:02:00.1: BAR 10: no space for [mem size 0x00080000 64bit pref]
[    0.247737] pci 0000:02:00.1: BAR 10: failed to assign [mem size 0x00080000 64bit pref]
[    0.247738] pci 0000:02:00.2: BAR 10: no space for [mem size 0x00080000 64bit pref]
[    0.247739] pci 0000:02:00.2: BAR 10: failed to assign [mem size 0x00080000 64bit pref]
[    0.247740] pci 0000:02:00.3: BAR 10: no space for [mem size 0x00080000 64bit pref]
[    0.247741] pci 0000:02:00.3: BAR 10: failed to assign [mem size 0x00080000 64bit pref]
[    0.247742] pci 0000:00:01.1: PCI bridge to [bus 02]
[    0.247744] pci 0000:00:01.1:   bridge window [mem 0x8e100000-0x8e2fffff]
[    0.247746] pci 0000:00:01.1:   bridge window [mem 0xa0000000-0xa20fffff 64bit pref]
[    0.247748] pci 0000:00:1b.0: PCI bridge to [bus 03]
[    0.247754] pci 0000:00:1b.0:   bridge window [io  0x4000-0x4fff]
[    0.247757] pci 0000:00:1b.0:   bridge window [mem 0x8e500000-0x8e6fffff]
[    0.247760] pci 0000:00:1b.0:   bridge window [mem 0x8e700000-0x8e8fffff 64bit pref]
[    0.247763] pci 0000:00:1c.0: PCI bridge to [bus 04]
[    0.247772] pci 0000:00:1d.0: PCI bridge to [bus 05]
[    0.247775] pci 0000:00:1d.0:   bridge window [mem 0x8e300000-0x8e3fffff]
[    0.247780] pci_bus 0000:00: No. 2 try to assign unassigned res
[    0.247781] release child resource [mem 0xa0000000-0xa07fffff 64bit pref]
[    0.247781] release child resource [mem 0xa0800000-0xa0ffffff 64bit pref]
[    0.247781] release child resource [mem 0xa1000000-0xa17fffff 64bit pref]
[    0.247782] release child resource [mem 0xa1800000-0xa1ffffff 64bit pref]
[    0.247782] release child resource [mem 0xa2000000-0xa2007fff 64bit pref]
[    0.247782] release child resource [mem 0xa2008000-0xa200ffff 64bit pref]
[    0.247783] release child resource [mem 0xa2010000-0xa2017fff 64bit pref]
[    0.247783] release child resource [mem 0xa2018000-0xa201ffff 64bit pref]
[    0.247784] release child resource [mem 0xa2020000-0xa209ffff 64bit pref]
[    0.247785] pci 0000:00:01.1: resource 15 [mem 0xa0000000-0xa20fffff 64bit pref] released
[    0.247785] pci 0000:00:01.1: PCI bridge to [bus 02]
[    0.247794] pci 0000:00:01.1: bridge window [mem 0x00400000-0x027fffff 64bit pref] to [bus 02] add_size 800000 add_align 400000
[    0.247817] pci 0000:00:01.1: BAR 15: assigned [mem 0xa0000000-0xa2bfffff 64bit pref]
[    0.247818] pci 0000:00:01.0: PCI bridge to [bus 01]
[    0.247825] pci 0000:02:00.0: BAR 0: assigned [mem 0xa0000000-0xa07fffff 64bit pref]
[    0.247831] pci 0000:02:00.1: BAR 0: assigned [mem 0xa0800000-0xa0ffffff 64bit pref]
[    0.247836] pci 0000:02:00.2: BAR 0: assigned [mem 0xa1000000-0xa17fffff 64bit pref]
[    0.247841] pci 0000:02:00.3: BAR 0: assigned [mem 0xa1800000-0xa1ffffff 64bit pref]
[    0.247846] pci 0000:02:00.0: BAR 7: assigned [mem 0xa2000000-0xa21fffff 64bit pref]
[    0.247849] pci 0000:02:00.1: BAR 7: assigned [mem 0xa2200000-0xa23fffff 64bit pref]
[    0.247851] pci 0000:02:00.2: BAR 7: assigned [mem 0xa2400000-0xa25fffff 64bit pref]
[    0.247854] pci 0000:02:00.3: BAR 7: assigned [mem 0xa2600000-0xa27fffff 64bit pref]
[    0.247856] pci 0000:02:00.0: BAR 3: assigned [mem 0xa2800000-0xa2807fff 64bit pref]
[    0.247861] pci 0000:02:00.1: BAR 3: assigned [mem 0xa2808000-0xa280ffff 64bit pref]
[    0.247867] pci 0000:02:00.2: BAR 3: assigned [mem 0xa2810000-0xa2817fff 64bit pref]
[    0.247872] pci 0000:02:00.3: BAR 3: assigned [mem 0xa2818000-0xa281ffff 64bit pref]
[    0.247877] pci 0000:02:00.0: BAR 10: assigned [mem 0xa2820000-0xa289ffff 64bit pref]
[    0.247880] pci 0000:02:00.1: BAR 10: assigned [mem 0xa28a0000-0xa291ffff 64bit pref]
[    0.247882] pci 0000:02:00.2: BAR 10: assigned [mem 0xa2920000-0xa299ffff 64bit pref]
[    0.247885] pci 0000:02:00.3: BAR 10: assigned [mem 0xa29a0000-0xa2a1ffff 64bit pref]
[    0.247888] pci 0000:00:01.1: PCI bridge to [bus 02]
[    0.247889] pci 0000:00:01.1:   bridge window [mem 0x8e100000-0x8e2fffff]
[    0.247891] pci 0000:00:01.1:   bridge window [mem 0xa0000000-0xa2bfffff 64bit pref]
[    0.247893] pci 0000:00:1b.0: PCI bridge to [bus 03]
[    0.247900] pci 0000:00:1b.0:   bridge window [io  0x4000-0x4fff]
[    0.247903] pci 0000:00:1b.0:   bridge window [mem 0x8e500000-0x8e6fffff]
[    0.247905] pci 0000:00:1b.0:   bridge window [mem 0x8e700000-0x8e8fffff 64bit pref]
[    0.247909] pci 0000:00:1c.0: PCI bridge to [bus 04]
[    0.247918] pci 0000:00:1d.0: PCI bridge to [bus 05]
[    0.247920] pci 0000:00:1d.0:   bridge window [mem 0x8e300000-0x8e3fffff]
[    0.247925] pci_bus 0000:00: resource 4 [io  0x0000-0x0cf7 window]
[    0.247926] pci_bus 0000:00: resource 5 [io  0x0d00-0xffff window]
[    0.247927] pci_bus 0000:00: resource 6 [mem 0x000a0000-0x000bffff window]
[    0.247928] pci_bus 0000:00: resource 7 [mem 0x8d000000-0xdfffffff window]
[    0.247929] pci_bus 0000:00: resource 8 [mem 0xfc800000-0xfe7fffff window]
[    0.247930] pci_bus 0000:02: resource 1 [mem 0x8e100000-0x8e2fffff]
[    0.247931] pci_bus 0000:02: resource 2 [mem 0xa0000000-0xa2bfffff 64bit pref]
[    0.247932] pci_bus 0000:03: resource 0 [io  0x4000-0x4fff]
[    0.247932] pci_bus 0000:03: resource 1 [mem 0x8e500000-0x8e6fffff]
[    0.247933] pci_bus 0000:03: resource 2 [mem 0x8e700000-0x8e8fffff 64bit pref]
[    0.247934] pci_bus 0000:05: resource 1 [mem 0x8e300000-0x8e3fffff]
[    0.248105] NET: Registered protocol family 2
[    0.248245] TCP established hash table entries: 262144 (order: 9, 2097152 bytes)
[    0.248519] TCP bind hash table entries: 65536 (order: 8, 1048576 bytes)
[    0.248649] TCP: Hash tables configured (established 262144 bind 65536)
[    0.248677] UDP hash table entries: 16384 (order: 7, 524288 bytes)
[    0.248751] UDP-Lite hash table entries: 16384 (order: 7, 524288 bytes)
[    0.248836] NET: Registered protocol family 1
[    0.248844] pci 0000:00:02.0: Video device with shadowed ROM at [mem 0x000c0000-0x000dffff]
[    0.249037] PCI: CLS 64 bytes, default 64
[    0.249056] Unpacking initramfs...
[    0.755021] Freeing initrd memory: 54064K
[    0.755032] PCI-DMA: Using software bounce buffering for IO (SWIOTLB)
[    0.755034] software IO TLB [mem 0x76f20000-0x7af20000] (64MB) mapped at [        (ptrval)-        (ptrval)]
[    0.755358] clocksource: tsc: mask: 0xffffffffffffffff max_cycles: 0x6a8d280fdb9, max_idle_ns: 881591151302 ns
[    0.755384] platform rtc_cmos: registered platform RTC device (no PNP device found)
[    0.755673] Scanning for low memory corruption every 60 seconds
[    0.756309] Initialise system trusted keyrings
[    0.756315] Key type blacklist registered
[    0.756438] workingset: timestamp_bits=36 max_order=23 bucket_order=0
[    0.757071] zbud: loaded
[    0.757483] squashfs: version 4.0 (2009/01/31) Phillip Lougher
[    0.757689] fuse init (API version 7.26)
[    0.762042] Key type asymmetric registered
[    0.762043] Asymmetric key parser 'x509' registered
[    0.762058] Block layer SCSI generic (bsg) driver version 0.4 loaded (major 246)
[    0.762141] io scheduler noop registered
[    0.762141] io scheduler deadline registered
[    0.762156] io scheduler cfq registered (default)
[    0.762951] pcieport 0000:00:1d.0: AER enabled with IRQ 120
[    0.762963] dpc 0000:00:1d.0:pcie010: DPC error containment capabilities: Int Msg #0, RPExt+ PoisonedTLP+ SwTrigger+ RP PIO Log 4, DL_ActiveErr+
[    0.762998] intel_idle: MWAIT substates: 0x11142120
[    0.762998] intel_idle: v0.4.1 model 0x9E
[    0.763408] intel_idle: lapic_timer_reliable_states 0xffffffff
[    0.763498] input: Sleep Button as /devices/LNXSYSTM:00/LNXSYBUS:00/PNP0C0E:00/input/input0
[    0.763512] ACPI: Sleep Button [SLPB]
[    0.763532] input: Power Button as /devices/LNXSYSTM:00/LNXSYBUS:00/PNP0C0C:00/input/input1
[    0.763545] ACPI: Power Button [PWRB]
[    0.763562] input: Power Button as /devices/LNXSYSTM:00/LNXPWRBN:00/input/input2
[    0.763663] ACPI: Power Button [PWRF]
[    0.821300] (NULL device *): hwmon_device_register() is deprecated. Please convert the driver to use hwmon_device_register_with_info().
[    0.880306] thermal LNXTHERM:00: registered as thermal_zone0
[    0.880307] ACPI: Thermal Zone [TZ00] (28 C)
[    0.880507] Serial: 8250/16550 driver, 32 ports, IRQ sharing enabled
[    0.901643] 00:02: ttyS0 at I/O 0x3f8 (irq = 4, base_baud = 115200) is a 16550A
[    0.905424] Linux agpgart interface v0.103
[    0.907347] loop: module loaded
[    0.907436] libphy: Fixed MDIO Bus: probed
[    0.907437] tun: Universal TUN/TAP device driver, 1.6
[    0.907500] PPP generic driver version 2.4.2
[    0.907575] ehci_hcd: USB 2.0 'Enhanced' Host Controller (EHCI) Driver
[    0.907576] ehci-pci: EHCI PCI platform driver
[    0.907581] ehci-platform: EHCI generic platform driver
[    0.907585] ohci_hcd: USB 1.1 'Open' Host Controller (OHCI) Driver
[    0.907586] ohci-pci: OHCI PCI platform driver
[    0.907590] ohci-platform: OHCI generic platform driver
[    0.907595] uhci_hcd: USB Universal Host Controller Interface driver
[    0.907692] xhci_hcd 0000:00:14.0: xHCI Host Controller
[    0.907695] xhci_hcd 0000:00:14.0: new USB bus registered, assigned bus number 1
[    0.908839] xhci_hcd 0000:00:14.0: hcc params 0x200077c1 hci version 0x110 quirks 0x0000000000009810
[    0.908842] xhci_hcd 0000:00:14.0: cache line size of 64 is not supported
[    0.908953] usb usb1: New USB device found, idVendor=1d6b, idProduct=0002
[    0.908954] usb usb1: New USB device strings: Mfr=3, Product=2, SerialNumber=1
[    0.908955] usb usb1: Product: xHCI Host Controller
[    0.908956] usb usb1: Manufacturer: Linux 4.15.0-55-generic xhci-hcd
[    0.908957] usb usb1: SerialNumber: 0000:00:14.0
[    0.909094] hub 1-0:1.0: USB hub found
[    0.909108] hub 1-0:1.0: 16 ports detected
[    0.910335] xhci_hcd 0000:00:14.0: xHCI Host Controller
[    0.910337] xhci_hcd 0000:00:14.0: new USB bus registered, assigned bus number 2
[    0.910339] xhci_hcd 0000:00:14.0: Host supports USB 3.1 Enhanced SuperSpeed
[    0.910361] usb usb2: New USB device found, idVendor=1d6b, idProduct=0003
[    0.910362] usb usb2: New USB device strings: Mfr=3, Product=2, SerialNumber=1
[    0.910363] usb usb2: Product: xHCI Host Controller
[    0.910364] usb usb2: Manufacturer: Linux 4.15.0-55-generic xhci-hcd
[    0.910365] usb usb2: SerialNumber: 0000:00:14.0
[    0.910497] hub 2-0:1.0: USB hub found
[    0.910507] hub 2-0:1.0: 10 ports detected
[    0.911346] i8042: PNP: No PS/2 controller found.
[    0.911540] mousedev: PS/2 mouse device common for all mice
[    0.911895] rtc_cmos rtc_cmos: RTC can wake from S4
[    0.912519] rtc_cmos rtc_cmos: rtc core: registered rtc_cmos as rtc0
[    0.912622] rtc_cmos rtc_cmos: alarms up to one month, y3k, 114 bytes nvram, hpet irqs
[    0.912625] i2c /dev entries driver
[    0.912649] device-mapper: uevent: version 1.0.3
[    0.912757] device-mapper: ioctl: 4.37.0-ioctl (2017-09-20) initialised: dm-devel@redhat.com
[    0.912759] intel_pstate: Intel P-state driver initializing
[    0.914310] intel_pstate: HWP enabled
[    0.914769] ledtrig-cpu: registered to indicate activity on CPUs
[    0.914770] EFI Variables Facility v0.08 2004-May-17
[    0.943458] intel_pmc_core:  initialized
[    0.943608] NET: Registered protocol family 10
[    0.947965] Segment Routing with IPv6
[    0.947975] NET: Registered protocol family 17
[    0.948155] Key type dns_resolver registered
[    0.948993] RAS: Correctable Errors collector initialized.
[    0.949063] microcode: sig=0x906ea, pf=0x2, revision=0xb4
[    0.949405] microcode: Microcode Update Driver: v2.2.
[    0.949409] sched_clock: Marking stable (949386905, 0)->(939237023, 10149882)
[    0.950193] registered taskstats version 1
[    0.950197] Loading compiled-in X.509 certificates
[    0.951992] Loaded X.509 cert 'Build time autogenerated kernel key: e7667cc27bc30ba13155414766d1ea2a3e33b877'
[    0.954417] Loaded UEFI:db cert 'ASUSTeK MotherBoard SW Key Certificate: da83b990422ebc8c441f8d8b039a65a2' linked to secondary sys keyring
[    0.954532] Loaded UEFI:db cert 'ASUSTeK Notebook SW Key Certificate: b8e581e4df77a5bb4282d5ccfc00c071' linked to secondary sys keyring
[    0.954545] Loaded UEFI:db cert 'Microsoft Corporation UEFI CA 2011: 13adbf4309bd82709c8cd54f316ed522988a1bd4' linked to secondary sys keyring
[    0.954556] Loaded UEFI:db cert 'Microsoft Windows Production PCA 2011: a92902398e16c49778cd90f99e4f9ae17c55af53' linked to secondary sys keyring
[    0.954673] Loaded UEFI:db cert 'Canonical Ltd. Master Certificate Authority: ad91990bc22ab1f517048c23b6655a268e345a63' linked to secondary sys keyring
[    0.954927] Couldn't get size: 0x800000000000000e
[    0.954929] MODSIGN: Couldn't get UEFI MokListRT
[    0.955589] zswap: loaded using pool lzo/zbud
[    0.959001] Key type big_key registered
[    0.959003] Key type trusted registered
[    0.960571] Key type encrypted registered
[    0.960573] AppArmor: AppArmor sha1 policy hashing enabled
[    0.960574] ima: No TPM chip found, activating TPM-bypass! (rc=-19)
[    0.960577] ima: Allocated hash algorithm: sha1
[    0.960586] evm: HMAC attrs: 0x1
[    0.961943]   Magic number: 11:308:840
[    0.962243] rtc_cmos rtc_cmos: setting system clock to 2019-07-27 14:50:11 UTC (1564239011)
[    0.962401] BIOS EDD facility v0.16 2004-Jun-25, 0 devices found
[    0.962402] EDD information not available.
[    1.214291] Freeing unused kernel image memory: 2408K
[    1.240222] Write protecting the kernel read-only data: 20480k
[    1.241266] Freeing unused kernel image memory: 2008K
[    1.241480] Freeing unused kernel image memory: 1860K
[    1.245762] x86/mm: Checked W+X mappings: passed, no W+X pages found.
[    1.245763] x86/mm: Checking user space page tables
[    1.249857] x86/mm: Checked W+X mappings: passed, no W+X pages found.
[    1.256716] random: systemd-udevd: uninitialized urandom read (16 bytes read)
[    1.256761] random: systemd-udevd: uninitialized urandom read (16 bytes read)
[    1.256766] random: systemd-udevd: uninitialized urandom read (16 bytes read)
[    1.307554] acpi PNP0C14:02: duplicate WMI GUID 05901221-D566-11D1-B2F0-00A0C9062910 (first instance was on PNP0C14:01)
[    1.307587] acpi PNP0C14:03: duplicate WMI GUID 05901221-D566-11D1-B2F0-00A0C9062910 (first instance was on PNP0C14:01)
[    1.307638] acpi PNP0C14:04: duplicate WMI GUID 05901221-D566-11D1-B2F0-00A0C9062910 (first instance was on PNP0C14:01)
[    1.329033] pps_core: LinuxPPS API ver. 1 registered
[    1.329034] pps_core: Software ver. 5.3.6 - Copyright 2005-2007 Rodolfo Giometti <giometti@linux.it>
[    1.329630] PTP clock support registered
[    1.332422] i40e: Intel(R) Ethernet Connection XL710 Network Driver - version 2.1.14-k
[    1.332422] i40e: Copyright (c) 2013 - 2014 Intel Corporation.
[    1.333669] ahci 0000:00:17.0: version 3.0
[    1.333986] ahci 0000:00:17.0: AHCI 0001.0301 32 slots 6 ports 6 Gbps 0x3f impl SATA mode
[    1.333987] ahci 0000:00:17.0: flags: 64bit ncq sntf led clo only pio slum part ems deso sadm sds apst 
[    1.334992] e1000e: Intel(R) PRO/1000 Network Driver - 3.2.6-k
[    1.334992] e1000e: Copyright(c) 1999 - 2015 Intel Corporation.
[    1.336524] nvme nvme0: pci function 0000:05:00.0
[    1.344679] i40e 0000:02:00.0: fw 6.0.48442 api 1.7 nvm 6.01 0x80003484 1.1747.0
[    1.584677]  nvme0n1: p1 p2 p3
[    1.621139] i40e 0000:02:00.0: MAC address: 3c:fd:fe:b0:ad:90
[    1.631519] i40e 0000:02:00.0 eth0: NIC Link is Up, 10 Gbps Full Duplex, Flow Control: RX/TX
[    1.636846] scsi host0: ahci
[    1.637137] scsi host1: ahci
[    1.637423] scsi host2: ahci
[    1.638934] scsi host3: ahci
[    1.639187] scsi host4: ahci
[    1.639548] scsi host5: ahci
[    1.639608] ata1: SATA max UDMA/133 abar m2048@0x8e439000 port 0x8e439100 irq 122
[    1.639619] ata2: SATA max UDMA/133 abar m2048@0x8e439000 port 0x8e439180 irq 122
[    1.639630] ata3: SATA max UDMA/133 abar m2048@0x8e439000 port 0x8e439200 irq 122
[    1.639642] ata4: SATA max UDMA/133 abar m2048@0x8e439000 port 0x8e439280 irq 122
[    1.639653] ata5: SATA max UDMA/133 abar m2048@0x8e439000 port 0x8e439300 irq 122
[    1.639664] ata6: SATA max UDMA/133 abar m2048@0x8e439000 port 0x8e439380 irq 122
[    1.640110] e1000e 0000:00:1f.6: Interrupt Throttling Rate (ints/sec) set to dynamic conservative mode
[    1.640327] i40e 0000:02:00.0: PCI-Express: Speed 8.0GT/s Width x8
[    1.649081] i40e 0000:02:00.0: Features: PF-id[0] VFs: 32 VSIs: 34 QP: 6 RSS FD_ATR FD_SB NTUPLE DCB VxLAN Geneve PTP VEPA
[    1.661101] i40e 0000:02:00.1: fw 6.0.48442 api 1.7 nvm 6.01 0x80003484 1.1747.0
[    1.892894] clocksource: Switched to clocksource tsc
[    1.893564] i40e 0000:02:00.1: MAC address: 3c:fd:fe:b0:ad:91
[    1.897990] i40e 0000:02:00.1: PCI-Express: Speed 8.0GT/s Width x8
[    1.898405] i40e 0000:02:00.1: Features: PF-id[1] VFs: 32 VSIs: 34 QP: 6 RSS FD_ATR FD_SB NTUPLE DCB VxLAN Geneve PTP VEPA
[    1.909975] i40e 0000:02:00.2: fw 6.0.48442 api 1.7 nvm 6.01 0x80003484 1.1747.0
[    1.967165] e1000e 0000:00:1f.6 0000:00:1f.6 (uninitialized): registered PHC clock
[    1.999640] ata2: SATA link down (SStatus 4 SControl 300)
[    1.999695] ata5: SATA link down (SStatus 4 SControl 300)
[    1.999789] ata4: SATA link down (SStatus 4 SControl 300)
[    1.999852] ata1: SATA link down (SStatus 4 SControl 300)
[    1.999870] ata3: SATA link down (SStatus 4 SControl 300)
[    1.999888] ata6: SATA link down (SStatus 4 SControl 300)
[    2.035528] e1000e 0000:00:1f.6 eth2: (PCI Express:2.5GT/s:Width x1) 04:d4:c4:8d:cc:12
[    2.035529] e1000e 0000:00:1f.6 eth2: Intel(R) PRO/1000 Network Connection
[    2.035589] e1000e 0000:00:1f.6 eth2: MAC: 13, PHY: 12, PBA No: FFFFFF-0FF
[    2.036091] e1000e 0000:00:1f.6 eno1: renamed from eth2
[    2.038285] [drm] Memory usable by graphics device = 4096M
[    2.038286] [drm] Replacing VGA console driver
[    2.044087] [drm] Supports vblank timestamp caching Rev 2 (21.10.2013).
[    2.044088] [drm] Driver supports precise vblank timestamp query.
[    2.044121] [drm:intel_bios_init [i915]] *ERROR* Unexpected child device config size 39 (expected 38 for VBT version 221)
[    2.048083] i915 0000:00:02.0: vgaarb: changed VGA decodes: olddecodes=io+mem,decodes=io+mem:owns=io+mem
[    2.048481] [drm] Finished loading DMC firmware i915/kbl_dmc_ver1_01.bin (v1.1)
[    2.142305] i40e 0000:02:00.2: MAC address: 3c:fd:fe:b0:ad:92
[    2.158533] i40e 0000:02:00.2: PCI-Express: Speed 8.0GT/s Width x8
[    2.158945] i40e 0000:02:00.2: Features: PF-id[2] VFs: 32 VSIs: 34 QP: 6 RSS FD_ATR FD_SB NTUPLE DCB VxLAN Geneve PTP VEPA
[    2.170135] i40e 0000:02:00.3: fw 6.0.48442 api 1.7 nvm 6.01 0x80003484 1.1747.0
[    2.321123] [drm] failed to retrieve link info, disabling eDP
[    2.324831] [drm] Initialized i915 1.6.0 20171023 for 0000:00:02.0 on minor 0
[    2.420930] i40e 0000:02:00.3: MAC address: 3c:fd:fe:b0:ad:93
[    2.421332] ACPI: Video Device [GFX0] (multi-head: yes  rom: no  post: no)
[    2.421511] input: Video Bus as /devices/LNXSYSTM:00/LNXSYBUS:00/PNP0A08:00/LNXVIDEO:00/input/input3
[    2.426059] i40e 0000:02:00.3: PCI-Express: Speed 8.0GT/s Width x8
[    2.426597] i40e 0000:02:00.3: Features: PF-id[3] VFs: 32 VSIs: 34 QP: 6 RSS FD_ATR FD_SB NTUPLE DCB VxLAN Geneve PTP VEPA
[    2.427326] i40e 0000:02:00.2 enp2s0f2: renamed from eth2
[    2.444238] i40e 0000:02:00.1 enp2s0f1: renamed from eth1
[    2.456230] [drm] Cannot find any crtc or sizes
[    2.468268] i40e 0000:02:00.0 enp2s0f0: renamed from eth0
[    2.484233] i40e 0000:02:00.3 enp2s0f3: renamed from eth3
[    2.538547] random: fast init done
[    2.666795] EXT4-fs (nvme0n1p2): mounted filesystem with ordered data mode. Opts: (null)
[    2.778662] systemd[1]: systemd 229 running in system mode. (+PAM +AUDIT +SELINUX +IMA +APPARMOR +SMACK +SYSVINIT +UTMP +LIBCRYPTSETUP +GCRYPT +GNUTLS +ACL +XZ -LZ4 +SECCOMP +BLKID +ELFUTILS +KMOD -IDN)
[    2.796146] systemd[1]: Detected architecture x86-64.
[    2.796247] systemd[1]: Set hostname to <yangz-SGX>.
[    2.830018] systemd[1]: Listening on udev Control Socket.
[    2.830057] systemd[1]: Listening on udev Kernel Socket.
[    2.830075] systemd[1]: Listening on /dev/initctl Compatibility Named Pipe.
[    2.830079] systemd[1]: Reached target Encrypted Volumes.
[    2.830083] systemd[1]: Reached target Remote File Systems (Pre).
[    2.830114] systemd[1]: Listening on Journal Audit Socket.
[    2.830134] systemd[1]: Listening on Syslog Socket.
[    2.844031] lp: driver loaded but no devices found
[    2.845341] ppdev: user-space parallel port driver
[    2.879827] EXT4-fs (nvme0n1p2): re-mounted. Opts: errors=remount-ro
[    2.883454] systemd-journald[274]: Received request to flush runtime journal from PID 1
[    2.919584] PKCS#7 signature not signed with a trusted key
[    2.919593] isgx: loading out-of-tree module taints kernel.
[    2.919613] isgx: module verification failed: signature and/or required key missing - tainting kernel
[    2.919788] intel_sgx: Intel SGX Driver v0.10
[    2.919800] intel_sgx: Number of EPCs 1
[    2.919801] intel_sgx: EPC memory range 0x80200000-0x85f80000
[    2.959595] shpchp: Standard Hot Plug PCI Controller Driver version: 0.4
[    2.961723] asus_wmi: ASUS WMI generic driver loaded
[    2.962088] mei_me 0000:00:16.0: enabling device (0000 -> 0002)
[    2.963886] asus_wmi: Initialization: 0x0
[    2.963908] asus_wmi: BIOS WMI version: 0.9
[    2.964015] asus_wmi: SFUN value: 0x0
[    2.964331] input: Eee PC WMI hotkeys as /devices/platform/eeepc-wmi/input/input4
[    2.964457] asus_wmi: Number of fans: 1
[    2.973913] RAPL PMU: API unit is 2^-32 Joules, 5 fixed counters, 655360 ms ovfl timer
[    2.973914] RAPL PMU: hw unit of domain pp0-core 2^-14 Joules
[    2.973915] RAPL PMU: hw unit of domain package 2^-14 Joules
[    2.973915] RAPL PMU: hw unit of domain dram 2^-14 Joules
[    2.973915] RAPL PMU: hw unit of domain pp1-gpu 2^-14 Joules
[    2.973916] RAPL PMU: hw unit of domain psys 2^-14 Joules
[    2.975492] random: crng init done
[    2.975493] random: 7 urandom warning(s) missed due to ratelimiting
[    2.993237] AVX2 version of gcm_enc/dec engaged.
[    2.993238] AES CTR mode by8 optimization enabled
[    3.023823] snd_hda_intel 0000:00:1f.3: enabling device (0000 -> 0002)
[    3.024003] snd_hda_intel 0000:00:1f.3: bound 0000:00:02.0 (ops i915_audio_component_bind_ops [i915])
[    3.033802] kvm: disabled by bios
[    3.056801] snd_hda_codec_realtek hdaudioC0D0: autoconfig for ALC1220: line_outs=3 (0x14/0x15/0x16/0x0/0x0) type:line
[    3.056802] snd_hda_codec_realtek hdaudioC0D0:    speaker_outs=0 (0x0/0x0/0x0/0x0/0x0)
[    3.056803] snd_hda_codec_realtek hdaudioC0D0:    hp_outs=1 (0x1b/0x0/0x0/0x0/0x0)
[    3.056804] snd_hda_codec_realtek hdaudioC0D0:    mono: mono_out=0x0
[    3.056805] snd_hda_codec_realtek hdaudioC0D0:    dig-out=0x1e/0x0
[    3.056805] snd_hda_codec_realtek hdaudioC0D0:    inputs:
[    3.056806] snd_hda_codec_realtek hdaudioC0D0:      Front Mic=0x19
[    3.056807] snd_hda_codec_realtek hdaudioC0D0:      Rear Mic=0x18
[    3.056808] snd_hda_codec_realtek hdaudioC0D0:      Line=0x1a
[    3.083665] intel_rapl: Found RAPL domain package
[    3.083666] intel_rapl: Found RAPL domain core
[    3.083666] intel_rapl: Found RAPL domain uncore
[    3.083667] intel_rapl: Found RAPL domain dram
[    3.086486] input: HDA Intel PCH Front Mic as /devices/pci0000:00/0000:00:1f.3/sound/card0/input5
[    3.086510] input: HDA Intel PCH Rear Mic as /devices/pci0000:00/0000:00:1f.3/sound/card0/input6
[    3.086530] input: HDA Intel PCH Line as /devices/pci0000:00/0000:00:1f.3/sound/card0/input7
[    3.086550] input: HDA Intel PCH Line Out Front as /devices/pci0000:00/0000:00:1f.3/sound/card0/input8
[    3.086570] input: HDA Intel PCH Line Out Surround as /devices/pci0000:00/0000:00:1f.3/sound/card0/input9
[    3.086590] input: HDA Intel PCH Line Out CLFE as /devices/pci0000:00/0000:00:1f.3/sound/card0/input10
[    3.086611] input: HDA Intel PCH Front Headphone as /devices/pci0000:00/0000:00:1f.3/sound/card0/input11
[    3.086631] input: HDA Intel PCH HDMI/DP,pcm=3 as /devices/pci0000:00/0000:00:1f.3/sound/card0/input12
[    3.086652] input: HDA Intel PCH HDMI/DP,pcm=7 as /devices/pci0000:00/0000:00:1f.3/sound/card0/input13
[    3.086671] input: HDA Intel PCH HDMI/DP,pcm=8 as /devices/pci0000:00/0000:00:1f.3/sound/card0/input14
[    3.086691] input: HDA Intel PCH HDMI/DP,pcm=9 as /devices/pci0000:00/0000:00:1f.3/sound/card0/input15
[    3.086710] input: HDA Intel PCH HDMI/DP,pcm=10 as /devices/pci0000:00/0000:00:1f.3/sound/card0/input16
[    3.089226] Adding 999420k swap on /dev/nvme0n1p3.  Priority:-2 extents:1 across:999420k SSFS
[    3.145627] audit: type=1400 audit(1564239013.678:2): apparmor="STATUS" operation="profile_load" profile="unconfined" name="/usr/sbin/cups-browsed" pid=702 comm="apparmor_parser"
[    3.146017] audit: type=1400 audit(1564239013.678:3): apparmor="STATUS" operation="profile_load" profile="unconfined" name="/usr/lib/snapd/snap-confine" pid=701 comm="apparmor_parser"
[    3.146018] audit: type=1400 audit(1564239013.678:4): apparmor="STATUS" operation="profile_load" profile="unconfined" name="/usr/lib/snapd/snap-confine//mount-namespace-capture-helper" pid=701 comm="apparmor_parser"
[    3.146382] audit: type=1400 audit(1564239013.678:5): apparmor="STATUS" operation="profile_load" profile="unconfined" name="/usr/lib/lightdm/lightdm-guest-session" pid=696 comm="apparmor_parser"
[    3.146383] audit: type=1400 audit(1564239013.678:6): apparmor="STATUS" operation="profile_load" profile="unconfined" name="/usr/lib/lightdm/lightdm-guest-session//chromium" pid=696 comm="apparmor_parser"
[    3.146586] audit: type=1400 audit(1564239013.678:7): apparmor="STATUS" operation="profile_load" profile="unconfined" name="/usr/sbin/ippusbxd" pid=704 comm="apparmor_parser"
[    3.147423] audit: type=1400 audit(1564239013.678:8): apparmor="STATUS" operation="profile_load" profile="unconfined" name="/usr/sbin/tcpdump" pid=706 comm="apparmor_parser"
[    3.147502] audit: type=1400 audit(1564239013.678:9): apparmor="STATUS" operation="profile_load" profile="unconfined" name="/usr/lib/cups/backend/cups-pdf" pid=703 comm="apparmor_parser"
[    3.147503] audit: type=1400 audit(1564239013.678:10): apparmor="STATUS" operation="profile_load" profile="unconfined" name="/usr/sbin/cupsd" pid=703 comm="apparmor_parser"
[    3.238703] IPv6: ADDRCONF(NETDEV_UP): enp2s0f0: link is not ready
[    3.239551] IPv6: ADDRCONF(NETDEV_UP): enp2s0f0: link is not ready
[    3.241779] IPv6: ADDRCONF(NETDEV_UP): enp2s0f3: link is not ready
[    3.243965] IPv6: ADDRCONF(NETDEV_UP): enp2s0f3: link is not ready
[    3.245766] IPv6: ADDRCONF(NETDEV_UP): enp2s0f2: link is not ready
[    3.247482] IPv6: ADDRCONF(NETDEV_UP): enp2s0f2: link is not ready
[    3.248910] IPv6: ADDRCONF(NETDEV_UP): eno1: link is not ready
[    3.320149] [drm] RC6 on
[    3.444260] IPv6: ADDRCONF(NETDEV_UP): eno1: link is not ready
[    3.446144] IPv6: ADDRCONF(NETDEV_UP): enp2s0f1: link is not ready
[    3.446981] IPv6: ADDRCONF(NETDEV_UP): enp2s0f1: link is not ready
[    3.454507] IPv6: ADDRCONF(NETDEV_UP): enp2s0f0: link is not ready
[    3.457846] IPv6: ADDRCONF(NETDEV_UP): enp2s0f0: link is not ready
[    3.652030] IPv6: ADDRCONF(NETDEV_CHANGE): enp2s0f0: link becomes ready
[    6.266458] e1000e: eno1 NIC Link is Up 1000 Mbps Full Duplex, Flow Control: None
[    6.266507] IPv6: ADDRCONF(NETDEV_CHANGE): eno1: link becomes ready
[   16.148698] i40e 0000:02:00.0 enp2s0f0: NIC Link is Down
[   16.779631] i40e 0000:02:00.0 enp2s0f0: NIC Link is Up, 10 Gbps Full Duplex, Flow Control: None
[   39.150020] i40e 0000:02:00.0 enp2s0f0: NIC Link is Down
[   39.727837] i40e 0000:02:00.0 enp2s0f0: NIC Link is Up, 10 Gbps Full Duplex, Flow Control: None
[   62.165593] i40e 0000:02:00.0 enp2s0f0: NIC Link is Down
[   62.779851] i40e 0000:02:00.0 enp2s0f0: NIC Link is Up, 10 Gbps Full Duplex, Flow Control: None
[   86.775164] i40e 0000:02:00.0 enp2s0f0: NIC Link is Down
[   87.389451] i40e 0000:02:00.0 enp2s0f0: NIC Link is Up, 10 Gbps Full Duplex, Flow Control: None
[  110.657911] i40e 0000:02:00.0 enp2s0f0: NIC Link is Down
[  111.272197] i40e 0000:02:00.0 enp2s0f0: NIC Link is Up, 10 Gbps Full Duplex, Flow Control: None
[  134.532820] i40e 0000:02:00.0 enp2s0f0: NIC Link is Down
[  135.154941] i40e 0000:02:00.0 enp2s0f0: NIC Link is Up, 10 Gbps Full Duplex, Flow Control: None
[  158.400344] i40e 0000:02:00.0 enp2s0f0: NIC Link is Down
[  159.037690] i40e 0000:02:00.0 enp2s0f0: NIC Link is Up, 10 Gbps Full Duplex, Flow Control: None
[  181.682049] i40e 0000:02:00.0 enp2s0f0: NIC Link is Down
[  182.297484] i40e 0000:02:00.0 enp2s0f0: NIC Link is Up, 10 Gbps Full Duplex, Flow Control: None
[  205.551218] i40e 0000:02:00.0 enp2s0f0: NIC Link is Down
[  206.180166] i40e 0000:02:00.0 enp2s0f0: NIC Link is Up, 10 Gbps Full Duplex, Flow Control: None
[  229.424605] i40e 0000:02:00.0 enp2s0f0: NIC Link is Down
[  230.062962] i40e 0000:02:00.0 enp2s0f0: NIC Link is Up, 10 Gbps Full Duplex, Flow Control: None
[  253.308364] i40e 0000:02:00.0 enp2s0f0: NIC Link is Down
[  253.945664] i40e 0000:02:00.0 enp2s0f0: NIC Link is Up, 10 Gbps Full Duplex, Flow Control: None
[  277.179365] i40e 0000:02:00.0 enp2s0f0: NIC Link is Down
[  277.828416] i40e 0000:02:00.0 enp2s0f0: NIC Link is Up, 10 Gbps Full Duplex, Flow Control: None
[  301.062401] i40e 0000:02:00.0 enp2s0f0: NIC Link is Down
[  301.711214] i40e 0000:02:00.0 enp2s0f0: NIC Link is Up, 10 Gbps Full Duplex, Flow Control: None
[  326.202197] i40e 0000:02:00.0 enp2s0f0: NIC Link is Down
[  326.839981] i40e 0000:02:00.0 enp2s0f0: NIC Link is Up, 10 Gbps Full Duplex, Flow Control: None
[  351.302690] i40e 0000:02:00.0 enp2s0f0: NIC Link is Down
[  351.864943] i40e 0000:02:00.0 enp2s0f0: NIC Link is Up, 10 Gbps Full Duplex, Flow Control: None
[  376.402310] i40e 0000:02:00.0 enp2s0f0: NIC Link is Down
[  376.993754] i40e 0000:02:00.0 enp2s0f0: NIC Link is Up, 10 Gbps Full Duplex, Flow Control: None
[  401.522872] i40e 0000:02:00.0 enp2s0f0: NIC Link is Down
[  402.122559] i40e 0000:02:00.0 enp2s0f0: NIC Link is Up, 10 Gbps Full Duplex, Flow Control: None
[  426.628984] i40e 0000:02:00.0 enp2s0f0: NIC Link is Down
[  427.251379] i40e 0000:02:00.0 enp2s0f0: NIC Link is Up, 10 Gbps Full Duplex, Flow Control: None
[  451.720279] i40e 0000:02:00.0 enp2s0f0: NIC Link is Down
[  452.276389] i40e 0000:02:00.0 enp2s0f0: NIC Link is Up, 10 Gbps Full Duplex, Flow Control: None
[  476.817003] i40e 0000:02:00.0 enp2s0f0: NIC Link is Down
[  477.405157] i40e 0000:02:00.0 enp2s0f0: NIC Link is Up, 10 Gbps Full Duplex, Flow Control: None
[  501.913911] i40e 0000:02:00.0 enp2s0f0: NIC Link is Down
[  502.533973] i40e 0000:02:00.0 enp2s0f0: NIC Link is Up, 10 Gbps Full Duplex, Flow Control: None
[  527.017968] i40e 0000:02:00.0 enp2s0f0: NIC Link is Down
[  527.662771] i40e 0000:02:00.0 enp2s0f0: NIC Link is Up, 10 Gbps Full Duplex, Flow Control: None
[  552.103618] i40e 0000:02:00.0 enp2s0f0: NIC Link is Down
[  552.687737] i40e 0000:02:00.0 enp2s0f0: NIC Link is Up, 10 Gbps Full Duplex, Flow Control: None
[  579.714545] i40e 0000:02:00.0 enp2s0f0: NIC Link is Down
[  580.308726] i40e 0000:02:00.0 enp2s0f0: NIC Link is Up, 10 Gbps Full Duplex, Flow Control: None
[  607.309703] i40e 0000:02:00.0 enp2s0f0: NIC Link is Down
[  607.929595] i40e 0000:02:00.0 enp2s0f0: NIC Link is Up, 10 Gbps Full Duplex, Flow Control: None
[  634.890470] i40e 0000:02:00.0 enp2s0f0: NIC Link is Down
[  635.550525] i40e 0000:02:00.0 enp2s0f0: NIC Link is Up, 10 Gbps Full Duplex, Flow Control: None
[  662.471357] i40e 0000:02:00.0 enp2s0f0: NIC Link is Down
[  663.171468] i40e 0000:02:00.0 enp2s0f0: NIC Link is Up, 10 Gbps Full Duplex, Flow Control: None
[  688.952074] i40e 0000:02:00.0 enp2s0f0: NIC Link is Down
[  689.546321] i40e 0000:02:00.0 enp2s0f0: NIC Link is Up, 10 Gbps Full Duplex, Flow Control: None
[  716.541780] i40e 0000:02:00.0 enp2s0f0: NIC Link is Down
[  717.167251] i40e 0000:02:00.0 enp2s0f0: NIC Link is Up, 10 Gbps Full Duplex, Flow Control: None
[  744.122166] i40e 0000:02:00.0 enp2s0f0: NIC Link is Down
[  744.788656] i40e 0000:02:00.0 enp2s0f0: NIC Link is Up, 10 Gbps Full Duplex, Flow Control: None
[  771.686562] i40e 0000:02:00.0 enp2s0f0: NIC Link is Down
[  772.305288] i40e 0000:02:00.0 enp2s0f0: NIC Link is Up, 10 Gbps Full Duplex, Flow Control: None
[  799.267997] i40e 0000:02:00.0 enp2s0f0: NIC Link is Down
[  799.822392] i40e 0000:02:00.0 enp2s0f0: NIC Link is Up, 10 Gbps Full Duplex, Flow Control: None
[  825.752175] i40e 0000:02:00.0 enp2s0f0: NIC Link is Down
[  826.404894] i40e 0000:02:00.0 enp2s0f0: NIC Link is Up, 10 Gbps Full Duplex, Flow Control: None
[  851.574114] i40e 0000:02:00.0 enp2s0f0: NIC Link is Down
[  852.156769] i40e 0000:02:00.0 enp2s0f0: NIC Link is Up, 10 Gbps Full Duplex, Flow Control: None
[  877.137351] i40e 0000:02:00.0 enp2s0f0: NIC Link is Down
[  877.804797] i40e 0000:02:00.0 enp2s0f0: NIC Link is Up, 10 Gbps Full Duplex, Flow Control: None
[  902.638675] i40e 0000:02:00.0 enp2s0f0: NIC Link is Down
[  903.245130] i40e 0000:02:00.0 enp2s0f0: NIC Link is Up, 10 Gbps Full Duplex, Flow Control: None
[  928.108122] i40e 0000:02:00.0 enp2s0f0: NIC Link is Down
[  928.789241] i40e 0000:02:00.0 enp2s0f0: NIC Link is Up, 10 Gbps Full Duplex, Flow Control: None
[  953.568318] i40e 0000:02:00.0 enp2s0f0: NIC Link is Down
[  954.125740] i40e 0000:02:00.0 enp2s0f0: NIC Link is Up, 10 Gbps Full Duplex, Flow Control: None
[  979.021075] i40e 0000:02:00.0 enp2s0f0: NIC Link is Down
[  979.669901] i40e 0000:02:00.0 enp2s0f0: NIC Link is Up, 10 Gbps Full Duplex, Flow Control: None
[ 1004.463072] i40e 0000:02:00.0 enp2s0f0: NIC Link is Down
[ 1005.110241] i40e 0000:02:00.0 enp2s0f0: NIC Link is Up, 10 Gbps Full Duplex, Flow Control: None
[ 1029.898097] i40e 0000:02:00.0 enp2s0f0: NIC Link is Down
[ 1030.550603] i40e 0000:02:00.0 enp2s0f0: NIC Link is Up, 10 Gbps Full Duplex, Flow Control: None
[ 1055.356441] i40e 0000:02:00.0 enp2s0f0: NIC Link is Down
[ 1055.990889] i40e 0000:02:00.0 enp2s0f0: NIC Link is Up, 10 Gbps Full Duplex, Flow Control: None
[ 1080.814335] i40e 0000:02:00.0 enp2s0f0: NIC Link is Down
[ 1081.535075] i40e 0000:02:00.0 enp2s0f0: NIC Link is Up, 10 Gbps Full Duplex, Flow Control: None
[ 1105.297730] i40e 0000:02:00.0 enp2s0f0: NIC Link is Down
[ 1105.937020] i40e 0000:02:00.0 enp2s0f0: NIC Link is Up, 10 Gbps Full Duplex, Flow Control: None
[ 1128.920538] i40e 0000:02:00.0 enp2s0f0: NIC Link is Down
[ 1129.612144] i40e 0000:02:00.0 enp2s0f0: NIC Link is Up, 10 Gbps Full Duplex, Flow Control: None
[ 1152.264199] i40e 0000:02:00.0 enp2s0f0: NIC Link is Down
[ 1152.871807] i40e 0000:02:00.0 enp2s0f0: NIC Link is Up, 10 Gbps Full Duplex, Flow Control: None
[ 1175.437098] i40e 0000:02:00.0 enp2s0f0: NIC Link is Down
[ 1176.131549] i40e 0000:02:00.0 enp2s0f0: NIC Link is Up, 10 Gbps Full Duplex, Flow Control: None
[ 1198.567665] i40e 0000:02:00.0 enp2s0f0: NIC Link is Down
[ 1199.183611] i40e 0000:02:00.0 enp2s0f0: NIC Link is Up, 10 Gbps Full Duplex, Flow Control: None
[ 1221.618686] i40e 0000:02:00.0 enp2s0f0: NIC Link is Down
[ 1222.339497] i40e 0000:02:00.0 enp2s0f0: NIC Link is Up, 10 Gbps Full Duplex, Flow Control: None
[ 1244.637571] i40e 0000:02:00.0 enp2s0f0: NIC Link is Down
[ 1245.287715] i40e 0000:02:00.0 enp2s0f0: NIC Link is Up, 10 Gbps Full Duplex, Flow Control: None
[ 1267.619722] i40e 0000:02:00.0 enp2s0f0: NIC Link is Down
[ 1268.235936] i40e 0000:02:00.0 enp2s0f0: NIC Link is Up, 10 Gbps Full Duplex, Flow Control: None
[ 1290.616820] i40e 0000:02:00.0 enp2s0f0: NIC Link is Down
[ 1291.184194] i40e 0000:02:00.0 enp2s0f0: NIC Link is Up, 10 Gbps Full Duplex, Flow Control: None
[ 1313.621085] i40e 0000:02:00.0 enp2s0f0: NIC Link is Down
[ 1314.236199] i40e 0000:02:00.0 enp2s0f0: NIC Link is Up, 10 Gbps Full Duplex, Flow Control: None
[ 1338.370324] i40e 0000:02:00.0 enp2s0f0: NIC Link is Down
[ 1339.053520] i40e 0000:02:00.0 enp2s0f0: NIC Link is Up, 10 Gbps Full Duplex, Flow Control: None
[ 1362.267235] i40e 0000:02:00.0 enp2s0f0: NIC Link is Down
[ 1362.936283] i40e 0000:02:00.0 enp2s0f0: NIC Link is Up, 10 Gbps Full Duplex, Flow Control: None
[ 1386.147258] i40e 0000:02:00.0 enp2s0f0: NIC Link is Down
[ 1386.819024] i40e 0000:02:00.0 enp2s0f0: NIC Link is Up, 10 Gbps Full Duplex, Flow Control: None
[ 1410.028467] i40e 0000:02:00.0 enp2s0f0: NIC Link is Down
[ 1410.597949] i40e 0000:02:00.0 enp2s0f0: NIC Link is Up, 10 Gbps Full Duplex, Flow Control: None
[ 1433.305570] i40e 0000:02:00.0 enp2s0f0: NIC Link is Down
[ 1433.962031] i40e 0000:02:00.0 enp2s0f0: NIC Link is Up, 10 Gbps Full Duplex, Flow Control: None
[ 1457.170562] i40e 0000:02:00.0 enp2s0f0: NIC Link is Down
[ 1457.844279] i40e 0000:02:00.0 enp2s0f0: NIC Link is Up, 10 Gbps Full Duplex, Flow Control: None
[ 1481.056249] i40e 0000:02:00.0 enp2s0f0: NIC Link is Down
[ 1481.727096] i40e 0000:02:00.0 enp2s0f0: NIC Link is Up, 10 Gbps Full Duplex, Flow Control: None
[ 1504.927351] i40e 0000:02:00.0 enp2s0f0: NIC Link is Down
[ 1505.505982] i40e 0000:02:00.0 enp2s0f0: NIC Link is Up, 10 Gbps Full Duplex, Flow Control: None
[ 1528.212150] i40e 0000:02:00.0 enp2s0f0: NIC Link is Down
[ 1528.869543] i40e 0000:02:00.0 enp2s0f0: NIC Link is Up, 10 Gbps Full Duplex, Flow Control: None
[ 1552.084299] i40e 0000:02:00.0 enp2s0f0: NIC Link is Down
[ 1552.752303] i40e 0000:02:00.0 enp2s0f0: NIC Link is Up, 10 Gbps Full Duplex, Flow Control: None
[ 1577.178276] i40e 0000:02:00.0 enp2s0f0: NIC Link is Down
[ 1577.881126] i40e 0000:02:00.0 enp2s0f0: NIC Link is Up, 10 Gbps Full Duplex, Flow Control: None
[ 1602.274744] i40e 0000:02:00.0 enp2s0f0: NIC Link is Down
[ 1602.906101] i40e 0000:02:00.0 enp2s0f0: NIC Link is Up, 10 Gbps Full Duplex, Flow Control: None
[ 1627.388276] i40e 0000:02:00.0 enp2s0f0: NIC Link is Down
[ 1628.034969] i40e 0000:02:00.0 enp2s0f0: NIC Link is Up, 10 Gbps Full Duplex, Flow Control: None
[ 1652.489236] i40e 0000:02:00.0 enp2s0f0: NIC Link is Down
[ 1653.163752] i40e 0000:02:00.0 enp2s0f0: NIC Link is Up, 10 Gbps Full Duplex, Flow Control: None
[ 1677.586107] i40e 0000:02:00.0 enp2s0f0: NIC Link is Down
[ 1678.292552] i40e 0000:02:00.0 enp2s0f0: NIC Link is Up, 10 Gbps Full Duplex, Flow Control: None
[ 1702.691974] i40e 0000:02:00.0 enp2s0f0: NIC Link is Down
[ 1703.317541] i40e 0000:02:00.0 enp2s0f0: NIC Link is Up, 10 Gbps Full Duplex, Flow Control: None
[ 1727.783780] i40e 0000:02:00.0 enp2s0f0: NIC Link is Down
[ 1728.446352] i40e 0000:02:00.0 enp2s0f0: NIC Link is Up, 10 Gbps Full Duplex, Flow Control: None
[ 1751.884635] i40e 0000:02:00.0 enp2s0f0: NIC Link is Down
[ 1752.536827] i40e 0000:02:00.0 enp2s0f0: NIC Link is Up, 10 Gbps Full Duplex, Flow Control: None
[ 1775.995885] i40e 0000:02:00.0 enp2s0f0: NIC Link is Down
[ 1776.627222] i40e 0000:02:00.0 enp2s0f0: NIC Link is Up, 10 Gbps Full Duplex, Flow Control: None
[ 1801.097881] i40e 0000:02:00.0 enp2s0f0: NIC Link is Down
[ 1801.756050] i40e 0000:02:00.0 enp2s0f0: NIC Link is Up, 10 Gbps Full Duplex, Flow Control: None
[ 1828.671926] i40e 0000:02:00.0 enp2s0f0: NIC Link is Down
[ 1829.273145] i40e 0000:02:00.0 enp2s0f0: NIC Link is Up, 10 Gbps Full Duplex, Flow Control: None
[ 1856.240970] i40e 0000:02:00.0 enp2s0f0: NIC Link is Down
[ 1856.894066] i40e 0000:02:00.0 enp2s0f0: NIC Link is Up, 10 Gbps Full Duplex, Flow Control: None
[ 1882.777673] i40e 0000:02:00.0 enp2s0f0: NIC Link is Down
[ 1883.372798] i40e 0000:02:00.0 enp2s0f0: NIC Link is Up, 10 Gbps Full Duplex, Flow Control: None
[ 1910.346006] i40e 0000:02:00.0 enp2s0f0: NIC Link is Down
[ 1910.993711] i40e 0000:02:00.0 enp2s0f0: NIC Link is Up, 10 Gbps Full Duplex, Flow Control: None
[ 1937.948695] i40e 0000:02:00.0 enp2s0f0: NIC Link is Down
[ 1938.614707] i40e 0000:02:00.0 enp2s0f0: NIC Link is Up, 10 Gbps Full Duplex, Flow Control: None
[ 1965.527926] i40e 0000:02:00.0 enp2s0f0: NIC Link is Down
[ 1966.131740] i40e 0000:02:00.0 enp2s0f0: NIC Link is Up, 10 Gbps Full Duplex, Flow Control: None
[ 1993.112847] i40e 0000:02:00.0 enp2s0f0: NIC Link is Down
[ 1993.752674] i40e 0000:02:00.0 enp2s0f0: NIC Link is Up, 10 Gbps Full Duplex, Flow Control: None
[ 2020.677800] i40e 0000:02:00.0 enp2s0f0: NIC Link is Down
[ 2021.269771] i40e 0000:02:00.0 enp2s0f0: NIC Link is Up, 10 Gbps Full Duplex, Flow Control: None
[ 2048.258602] i40e 0000:02:00.0 enp2s0f0: NIC Link is Down
[ 2048.890700] i40e 0000:02:00.0 enp2s0f0: NIC Link is Up, 10 Gbps Full Duplex, Flow Control: None
[ 2075.830180] i40e 0000:02:00.0 enp2s0f0: NIC Link is Down
[ 2076.511685] i40e 0000:02:00.0 enp2s0f0: NIC Link is Up, 10 Gbps Full Duplex, Flow Control: None
[ 2101.663771] i40e 0000:02:00.0 enp2s0f0: NIC Link is Down
[ 2102.263491] i40e 0000:02:00.0 enp2s0f0: NIC Link is Up, 10 Gbps Full Duplex, Flow Control: None
[ 2127.224076] i40e 0000:02:00.0 enp2s0f0: NIC Link is Down
[ 2127.911515] i40e 0000:02:00.0 enp2s0f0: NIC Link is Up, 10 Gbps Full Duplex, Flow Control: None
[ 2152.707154] i40e 0000:02:00.0 enp2s0f0: NIC Link is Down
[ 2153.248006] i40e 0000:02:00.0 enp2s0f0: NIC Link is Up, 10 Gbps Full Duplex, Flow Control: None
[ 2178.184690] i40e 0000:02:00.0 enp2s0f0: NIC Link is Down
[ 2178.792209] i40e 0000:02:00.0 enp2s0f0: NIC Link is Up, 10 Gbps Full Duplex, Flow Control: None
[ 2203.647377] i40e 0000:02:00.0 enp2s0f0: NIC Link is Down
[ 2204.336345] i40e 0000:02:00.0 enp2s0f0: NIC Link is Up, 10 Gbps Full Duplex, Flow Control: None
[ 2229.104903] i40e 0000:02:00.0 enp2s0f0: NIC Link is Down
[ 2229.672822] i40e 0000:02:00.0 enp2s0f0: NIC Link is Up, 10 Gbps Full Duplex, Flow Control: None
[ 2254.541529] i40e 0000:02:00.0 enp2s0f0: NIC Link is Down
[ 2255.217009] i40e 0000:02:00.0 enp2s0f0: NIC Link is Up, 10 Gbps Full Duplex, Flow Control: None
[ 2279.998417] i40e 0000:02:00.0 enp2s0f0: NIC Link is Down
[ 2280.657379] i40e 0000:02:00.0 enp2s0f0: NIC Link is Up, 10 Gbps Full Duplex, Flow Control: None
[ 2305.451556] i40e 0000:02:00.0 enp2s0f0: NIC Link is Down
[ 2306.097665] i40e 0000:02:00.0 enp2s0f0: NIC Link is Up, 10 Gbps Full Duplex, Flow Control: None
[ 2330.903430] i40e 0000:02:00.0 enp2s0f0: NIC Link is Down
[ 2331.538039] i40e 0000:02:00.0 enp2s0f0: NIC Link is Up, 10 Gbps Full Duplex, Flow Control: None
[ 2355.493378] i40e 0000:02:00.0 enp2s0f0: NIC Link is Down
[ 2356.147671] i40e 0000:02:00.0 enp2s0f0: NIC Link is Up, 10 Gbps Full Duplex, Flow Control: None
[ 2379.150862] i40e 0000:02:00.0 enp2s0f0: NIC Link is Down
[ 2379.822693] i40e 0000:02:00.0 enp2s0f0: NIC Link is Up, 10 Gbps Full Duplex, Flow Control: None
[ 2402.498806] i40e 0000:02:00.0 enp2s0f0: NIC Link is Down
[ 2403.082460] i40e 0000:02:00.0 enp2s0f0: NIC Link is Up, 10 Gbps Full Duplex, Flow Control: None
[ 2425.670059] i40e 0000:02:00.0 enp2s0f0: NIC Link is Down
[ 2426.342169] i40e 0000:02:00.0 enp2s0f0: NIC Link is Up, 10 Gbps Full Duplex, Flow Control: None
[ 2448.801681] i40e 0000:02:00.0 enp2s0f0: NIC Link is Down
[ 2449.394241] i40e 0000:02:00.0 enp2s0f0: NIC Link is Up, 10 Gbps Full Duplex, Flow Control: None
[ 2471.874520] i40e 0000:02:00.0 enp2s0f0: NIC Link is Down
[ 2472.550146] i40e 0000:02:00.0 enp2s0f0: NIC Link is Up, 10 Gbps Full Duplex, Flow Control: None
[ 2494.890736] i40e 0000:02:00.0 enp2s0f0: NIC Link is Down
[ 2495.498347] i40e 0000:02:00.0 enp2s0f0: NIC Link is Up, 10 Gbps Full Duplex, Flow Control: None
[ 2517.846927] i40e 0000:02:00.0 enp2s0f0: NIC Link is Down
[ 2518.446580] i40e 0000:02:00.0 enp2s0f0: NIC Link is Up, 10 Gbps Full Duplex, Flow Control: None
[ 2540.817875] i40e 0000:02:00.0 enp2s0f0: NIC Link is Down
[ 2541.394785] i40e 0000:02:00.0 enp2s0f0: NIC Link is Up, 10 Gbps Full Duplex, Flow Control: None
[ 2563.814881] i40e 0000:02:00.0 enp2s0f0: NIC Link is Down
[ 2564.446838] i40e 0000:02:00.0 enp2s0f0: NIC Link is Up, 10 Gbps Full Duplex, Flow Control: None
[ 2588.673664] i40e 0000:02:00.0 enp2s0f0: NIC Link is Down
[ 2589.367945] i40e 0000:02:00.0 enp2s0f0: NIC Link is Up, 10 Gbps Full Duplex, Flow Control: None
[ 2612.601195] i40e 0000:02:00.0 enp2s0f0: NIC Link is Down
[ 2613.250731] i40e 0000:02:00.0 enp2s0f0: NIC Link is Up, 10 Gbps Full Duplex, Flow Control: None
[ 2636.482678] i40e 0000:02:00.0 enp2s0f0: NIC Link is Down
[ 2637.133510] i40e 0000:02:00.0 enp2s0f0: NIC Link is Up, 10 Gbps Full Duplex, Flow Control: None
[ 2660.362487] i40e 0000:02:00.0 enp2s0f0: NIC Link is Down
[ 2660.912455] i40e 0000:02:00.0 enp2s0f0: NIC Link is Up, 10 Gbps Full Duplex, Flow Control: None
[ 2684.233966] i40e 0000:02:00.0 enp2s0f0: NIC Link is Down
[ 2684.795221] i40e 0000:02:00.0 enp2s0f0: NIC Link is Up, 10 Gbps Full Duplex, Flow Control: None
[ 2708.105072] i40e 0000:02:00.0 enp2s0f0: NIC Link is Down
[ 2708.781789] i40e 0000:02:00.0 enp2s0f0: NIC Link is Up, 10 Gbps Full Duplex, Flow Control: None
[ 2731.986819] i40e 0000:02:00.0 enp2s0f0: NIC Link is Down
[ 2732.664527] i40e 0000:02:00.0 enp2s0f0: NIC Link is Up, 10 Gbps Full Duplex, Flow Control: None
[ 2755.867261] i40e 0000:02:00.0 enp2s0f0: NIC Link is Down
[ 2756.443453] i40e 0000:02:00.0 enp2s0f0: NIC Link is Up, 10 Gbps Full Duplex, Flow Control: None
[ 2779.743826] i40e 0000:02:00.0 enp2s0f0: NIC Link is Down
[ 2780.326233] i40e 0000:02:00.0 enp2s0f0: NIC Link is Up, 10 Gbps Full Duplex, Flow Control: None
[ 2803.623411] i40e 0000:02:00.0 enp2s0f0: NIC Link is Down
[ 2804.312798] i40e 0000:02:00.0 enp2s0f0: NIC Link is Up, 10 Gbps Full Duplex, Flow Control: None
[ 2828.821083] i40e 0000:02:00.0 enp2s0f0: NIC Link is Down
[ 2829.441638] i40e 0000:02:00.0 enp2s0f0: NIC Link is Up, 10 Gbps Full Duplex, Flow Control: None
[ 2853.922021] i40e 0000:02:00.0 enp2s0f0: NIC Link is Down
[ 2854.570472] i40e 0000:02:00.0 enp2s0f0: NIC Link is Up, 10 Gbps Full Duplex, Flow Control: None
[ 2879.022616] i40e 0000:02:00.0 enp2s0f0: NIC Link is Down
[ 2879.699296] i40e 0000:02:00.0 enp2s0f0: NIC Link is Up, 10 Gbps Full Duplex, Flow Control: None
[ 2904.118917] i40e 0000:02:00.0 enp2s0f0: NIC Link is Down
[ 2904.724335] i40e 0000:02:00.0 enp2s0f0: NIC Link is Up, 10 Gbps Full Duplex, Flow Control: None
[ 2928.224902] i40e 0000:02:00.0 enp2s0f0: NIC Link is Down
[ 2928.918507] i40e 0000:02:00.0 enp2s0f0: NIC Link is Up, 10 Gbps Full Duplex, Flow Control: None
[ 2953.311064] i40e 0000:02:00.0 enp2s0f0: NIC Link is Down
[ 2953.943497] i40e 0000:02:00.0 enp2s0f0: NIC Link is Up, 10 Gbps Full Duplex, Flow Control: None
[ 2978.402021] i40e 0000:02:00.0 enp2s0f0: NIC Link is Down
[ 2979.072351] i40e 0000:02:00.0 enp2s0f0: NIC Link is Up, 10 Gbps Full Duplex, Flow Control: None
[ 3003.473691] i40e 0000:02:00.0 enp2s0f0: NIC Link is Down
[ 3004.097294] i40e 0000:02:00.0 enp2s0f0: NIC Link is Up, 10 Gbps Full Duplex, Flow Control: None
[ 3028.569419] i40e 0000:02:00.0 enp2s0f0: NIC Link is Down
[ 3029.226100] i40e 0000:02:00.0 enp2s0f0: NIC Link is Up, 10 Gbps Full Duplex, Flow Control: None
[ 3053.665784] i40e 0000:02:00.0 enp2s0f0: NIC Link is Down
[ 3054.251163] i40e 0000:02:00.0 enp2s0f0: NIC Link is Up, 10 Gbps Full Duplex, Flow Control: None
[ 3081.281926] i40e 0000:02:00.0 enp2s0f0: NIC Link is Down
[ 3081.872006] i40e 0000:02:00.0 enp2s0f0: NIC Link is Up, 10 Gbps Full Duplex, Flow Control: None
[ 3108.854785] i40e 0000:02:00.0 enp2s0f0: NIC Link is Down
[ 3109.278289] IPv6: ADDRCONF(NETDEV_UP): enp2s0f0: link is not ready
[ 3109.493850] i40e 0000:02:00.0 enp2s0f0: NIC Link is Up, 10 Gbps Full Duplex, Flow Control: None
[ 3109.495827] IPv6: ADDRCONF(NETDEV_CHANGE): enp2s0f0: link becomes ready
[ 3136.443665] i40e 0000:02:00.0 enp2s0f0: NIC Link is Down
[ 3137.113855] i40e 0000:02:00.0 enp2s0f0: NIC Link is Up, 10 Gbps Full Duplex, Flow Control: None
[ 3164.016044] i40e 0000:02:00.0 enp2s0f0: NIC Link is Down
[ 3164.630950] i40e 0000:02:00.0 enp2s0f0: NIC Link is Up, 10 Gbps Full Duplex, Flow Control: None
[ 3190.500830] i40e 0000:02:00.0 enp2s0f0: NIC Link is Down
[ 3191.109664] i40e 0000:02:00.0 enp2s0f0: NIC Link is Up, 10 Gbps Full Duplex, Flow Control: None
[ 3218.078535] i40e 0000:02:00.0 enp2s0f0: NIC Link is Down
[ 3218.730598] i40e 0000:02:00.0 enp2s0f0: NIC Link is Up, 10 Gbps Full Duplex, Flow Control: None
[ 3245.651292] i40e 0000:02:00.0 enp2s0f0: NIC Link is Down
[ 3246.351517] i40e 0000:02:00.0 enp2s0f0: NIC Link is Up, 10 Gbps Full Duplex, Flow Control: None
[ 3273.228294] i40e 0000:02:00.0 enp2s0f0: NIC Link is Down
[ 3273.765262] i40e 0000:02:00.0 enp2s0f0: NIC Link is Up, 10 Gbps Full Duplex, Flow Control: None
[ 3300.813874] i40e 0000:02:00.0 enp2s0f0: NIC Link is Down
[ 3301.385723] i40e 0000:02:00.0 enp2s0f0: NIC Link is Up, 10 Gbps Full Duplex, Flow Control: None
[ 3358.409750] i40e 0000:02:00.0 enp2s0f0: NIC Link is Down
[ 3359.015864] i40e 0000:02:00.0 enp2s0f0: NIC Link is Up, 10 Gbps Full Duplex, Flow Control: None
[ 3415.859234] i40e 0000:02:00.0 enp2s0f0: NIC Link is Down
[ 3416.542143] i40e 0000:02:00.0 enp2s0f0: NIC Link is Up, 10 Gbps Full Duplex, Flow Control: None
[ 3471.920047] i40e 0000:02:00.0 enp2s0f0: NIC Link is Down
[ 3472.510862] i40e 0000:02:00.0 enp2s0f0: NIC Link is Up, 10 Gbps Full Duplex, Flow Control: None
[ 3527.648952] i40e 0000:02:00.0 enp2s0f0: NIC Link is Down
[ 3528.271990] i40e 0000:02:00.0 enp2s0f0: NIC Link is Up, 10 Gbps Full Duplex, Flow Control: None
[ 3583.282756] i40e 0000:02:00.0 enp2s0f0: NIC Link is Down
[ 3583.929142] i40e 0000:02:00.0 enp2s0f0: NIC Link is Up, 10 Gbps Full Duplex, Flow Control: None
[ 3638.926834] i40e 0000:02:00.0 enp2s0f0: NIC Link is Down
[ 3639.586371] i40e 0000:02:00.0 enp2s0f0: NIC Link is Up, 10 Gbps Full Duplex, Flow Control: None
[ 3694.531290] i40e 0000:02:00.0 enp2s0f0: NIC Link is Down
[ 3695.139743] i40e 0000:02:00.0 enp2s0f0: NIC Link is Up, 10 Gbps Full Duplex, Flow Control: None
[ 3750.117782] i40e 0000:02:00.0 enp2s0f0: NIC Link is Down
[ 3750.796949] i40e 0000:02:00.0 enp2s0f0: NIC Link is Up, 10 Gbps Full Duplex, Flow Control: None
[ 3783.047164] igb_uio: Use MSIX interrupt by default
[ 3783.167983] i40e 0000:02:00.0: i40e_ptp_stop: removed PHC on enp2s0f0
[ 3783.427655] igb_uio 0000:02:00.0: uio device registered with irq 81
[ 3783.427663] igb_uio 0000:02:00.0: mapping 1K dma=0x8441a9000 host=00000000f9ef1c83
[ 3783.427669] igb_uio 0000:02:00.0: unmapping 1K dma=0x8441a9000 host=00000000f9ef1c83
[15151.742646] show_signal_msg: 12 callbacks suppressed
[15151.742651] dpdkIO[1003]: segfault at 0 ip 00007fa53f90512d sp 00007ffe99eae840 error 4 in libzcsi.so[7fa53f6e1000+40b000]
[15174.730319] dpdkIO[1415]: segfault at 0 ip 00007fd4925cb12d sp 00007ffc39f76940 error 4 in libzcsi.so[7fd4923a7000+40b000]
[17277.270713] i40e 0000:02:00.3 enp2s0f3: NIC Link is Up, 10 Gbps Full Duplex, Flow Control: None
[17277.274134] i40e 0000:02:00.1 enp2s0f1: NIC Link is Up, 10 Gbps Full Duplex, Flow Control: None
[17277.280529] IPv6: ADDRCONF(NETDEV_CHANGE): enp2s0f3: link becomes ready
[17277.280560] IPv6: ADDRCONF(NETDEV_CHANGE): enp2s0f1: link becomes ready
[17298.899229] i40e 0000:02:00.3 enp2s0f3: NIC Link is Down
[17298.900719] i40e 0000:02:00.1 enp2s0f1: NIC Link is Down
[17316.002267] i40e 0000:02:00.3 enp2s0f3: NIC Link is Up, 10 Gbps Full Duplex, Flow Control: None
[17316.005740] i40e 0000:02:00.1 enp2s0f1: NIC Link is Up, 10 Gbps Full Duplex, Flow Control: None
[17878.854224] i40e 0000:02:00.1: i40e_ptp_stop: removed PHC on enp2s0f1
[17879.228709] igb_uio 0000:02:00.1: uio device registered with irq 82
[17879.228713] igb_uio 0000:02:00.1: mapping 1K dma=0x8447c2000 host=00000000db478b71
[17879.228714] igb_uio 0000:02:00.1: unmapping 1K dma=0x8447c2000 host=00000000db478b71
[17879.228839] i40e 0000:02:00.2: i40e_ptp_stop: removed PHC on enp2s0f2
[17879.816701] igb_uio 0000:02:00.2: uio device registered with irq 83
[17879.816705] igb_uio 0000:02:00.2: mapping 1K dma=0x84116e000 host=00000000cdcda14b
[17879.816706] igb_uio 0000:02:00.2: unmapping 1K dma=0x84116e000 host=00000000cdcda14b
[17879.816857] i40e 0000:02:00.3: i40e_ptp_stop: removed PHC on enp2s0f3
[17880.228665] igb_uio 0000:02:00.3: uio device registered with irq 84
[17880.228667] igb_uio 0000:02:00.3: mapping 1K dma=0x83f3ef000 host=0000000004a80a3b
[17880.228668] igb_uio 0000:02:00.3: unmapping 1K dma=0x83f3ef000 host=0000000004a80a3b
[20581.004365] e1000e: eno1 NIC Link is Down
[20584.702532] e1000e: eno1 NIC Link is Up 1000 Mbps Full Duplex, Flow Control: None
[23922.243185] sgx-runner[1892]: segfault at 7f87f3b70000 ip 0000560fb788dfb4 sp 00007fe00b10f4f0 error 4 in sgx-runner[560fb70db000+dbe000]
[24138.124497] sgx-runner[4628]: segfault at 7f6663b45000 ip 000056421d4c2fb4 sp 00007f08618ee4f0 error 4 in sgx-runner[56421cd10000+dbe000]
[25921.369923] NMI watchdog: Watchdog detected hard LOCKUP on cpu 1
[25921.369924] Modules linked in: igb_uio(OE) binfmt_misc nls_iso8859_1 intel_rapl snd_hda_codec_hdmi x86_pkg_temp_thermal intel_powerclamp snd_hda_codec_realtek coretemp snd_hda_codec_generic kvm snd_hda_intel irqbypass snd_hda_codec snd_hda_core crct10dif_pclmul snd_hwdep crc32_pclmul ghash_clmulni_intel snd_pcm pcbc snd_seq_midi snd_seq_midi_event snd_rawmidi aesni_intel aes_x86_64 crypto_simd snd_seq glue_helper cryptd snd_seq_device snd_timer intel_cstate intel_rapl_perf snd eeepc_wmi soundcore mei_me asus_wmi sparse_keymap mei wmi_bmof shpchp mac_hid isgx(OE) acpi_pad uio_pci_generic uio parport_pc ppdev lp parport autofs4 mxm_wmi i915 i2c_algo_bit drm_kms_helper nvme nvme_core e1000e syscopyarea sysfillrect ahci sysimgblt fb_sys_fops libahci i40e drm ptp pps_core wmi video
[25921.369942] CPU: 1 PID: 30794 Comm: sgx-runner Tainted: G           OE    4.15.0-55-generic #60~16.04.2-Ubuntu
[25921.369943] Hardware name: System manufacturer System Product Name/ROG STRIX Z390-H GAMING, BIOS 2417 06/03/2019
[25921.369944] RIP: 0033:0x5585b636d5c4
[25921.369945] RSP: 002b:00007f975d4324f0 EFLAGS: 00003002
[25921.369945] RAX: 0000000000000003 RBX: 00007f974aaf9000 RCX: 00005585b636d5c4
[25921.369946] RDX: 0000000000000000 RSI: 0000000000000000 RDI: 0000000000000000
[25921.369946] RBP: 00007f975d43e7f0 R08: 0000000000000000 R09: 0000000000000000
[25921.369946] R10: 0000000000000000 R11: 0000000000000000 R12: 0000000000000000
[25921.369947] R13: 0000000000000000 R14: 0000000000000000 R15: 0000000000000000
[25921.369947] FS:  00007f975d43f700(0000) GS:ffff98b4b0c40000(0000) knlGS:0000000000000000
[25921.369948] CS:  0010 DS: 0000 ES: 0000 CR0: 0000000080050033
[25921.369948] CR2: 00007ff1636a4b24 CR3: 00000008489fe003 CR4: 00000000003606e0
[25921.369948] DR0: 0000000000000000 DR1: 0000000000000000 DR2: 0000000000000000
[25921.369949] DR3: 0000000000000000 DR6: 00000000fffe0ff0 DR7: 0000000000000400
[25937.097252] watchdog: BUG: soft lockup - CPU#2 stuck for 22s! [sgx-runner:30821]
[25937.097254] Modules linked in: igb_uio(OE) binfmt_misc nls_iso8859_1 intel_rapl snd_hda_codec_hdmi x86_pkg_temp_thermal intel_powerclamp snd_hda_codec_realtek coretemp snd_hda_codec_generic kvm snd_hda_intel irqbypass snd_hda_codec snd_hda_core crct10dif_pclmul snd_hwdep crc32_pclmul ghash_clmulni_intel snd_pcm pcbc snd_seq_midi snd_seq_midi_event snd_rawmidi aesni_intel aes_x86_64 crypto_simd snd_seq glue_helper cryptd snd_seq_device snd_timer intel_cstate intel_rapl_perf snd eeepc_wmi soundcore mei_me asus_wmi sparse_keymap mei wmi_bmof shpchp mac_hid isgx(OE) acpi_pad uio_pci_generic uio parport_pc ppdev lp parport autofs4 mxm_wmi i915 i2c_algo_bit drm_kms_helper nvme nvme_core e1000e syscopyarea sysfillrect ahci sysimgblt fb_sys_fops libahci i40e drm ptp pps_core wmi video
[25937.097328] CPU: 2 PID: 30821 Comm: sgx-runner Tainted: G           OE    4.15.0-55-generic #60~16.04.2-Ubuntu
[25937.097329] Hardware name: System manufacturer System Product Name/ROG STRIX Z390-H GAMING, BIOS 2417 06/03/2019
[25937.097331] RIP: 0010:smp_call_function_single+0xe2/0x110
[25937.097332] RSP: 0000:ffffa66d23297bc0 EFLAGS: 00003202 ORIG_RAX: ffffffffffffff11
[25937.097333] RAX: 0000000000000000 RBX: 0000000000000002 RCX: 0000000000000000
[25937.097333] RDX: 0000000000000001 RSI: 00000000000000fb RDI: 0000000000003282
[25937.097334] RBP: ffffa66d23297c10 R08: 0000000000000001 R09: 0000000000000006
[25937.097334] R10: ffffa66d23297c38 R11: 0000000000000000 R12: ffffffff90a7d690
[25937.097334] R13: ffffa66d23297cb0 R14: 0000000000000001 R15: ffff98b2b2d8acf0
[25937.097335] FS:  00007f975d02c700(0000) GS:ffff98b4b0c80000(0000) knlGS:0000000000000000
[25937.097336] CS:  0010 DS: 0000 ES: 0000 CR0: 0000000080050033
[25937.097336] CR2: 00007f975d00bf90 CR3: 00000008489fe004 CR4: 00000000003606e0
[25937.097337] DR0: 0000000000000000 DR1: 0000000000000000 DR2: 0000000000000000
[25937.097337] DR3: 0000000000000000 DR6: 00000000fffe0ff0 DR7: 0000000000000400
[25937.097337] Call Trace:
[25937.097340]  ? flush_tlb_func_common+0x230/0x230
[25937.097342]  ? find_next_bit+0xb/0x10
[25937.097343]  smp_call_function_many+0x21a/0x260
[25937.097344]  ? flush_tlb_func_common+0x230/0x230
[25937.097344]  ? smp_call_function_many+0x21a/0x260
[25937.097345]  native_flush_tlb_others+0x3c/0xf0
[25937.097346]  flush_tlb_mm_range+0xae/0x110
[25937.097348]  ptep_clear_flush+0x4d/0x60
[25937.097349]  wp_page_copy+0x30f/0x7f0
[25937.097350]  do_wp_page+0x155/0x500
[25937.097351]  __handle_mm_fault+0x8a9/0x11b0
[25937.097352]  handle_mm_fault+0xcc/0x1c0
[25937.097353]  __do_page_fault+0x260/0x500
[25937.097354]  do_page_fault+0x2e/0xf0
[25937.097356]  ? page_fault+0x2f/0x50
[25937.097356]  page_fault+0x45/0x50
[25937.097357] RIP: 0033:0x5585b638e791
[25937.097358] RSP: 002b:00007f975d005000 EFLAGS: 00013202
[25937.097358] RAX: 00007f97500009a0 RBX: 00007f975d02ba10 RCX: 0000000037947d7e
[25937.097359] RDX: 0000000000000000 RSI: 00007f975d004fc8 RDI: 00007f975d005fe0
[25937.097359] RBP: 00007f975d00eff0 R08: 00005585b67b179b R09: 00007f9750001230
[25937.097360] R10: ffffffffffffff3d R11: 0000000000000000 R12: 0000000000000030
[25937.097360] R13: 00007ffdcf35af2f R14: 00007f975d02ba18 R15: 00005585b6aea1e0
[25937.097361] Code: 28 00 00 00 75 40 48 83 c4 48 41 5a 5d 49 8d 62 f8 c3 48 89 d1 48 89 f2 48 8d 75 b0 e8 48 fe ff ff 8b 55 c8 83 e2 01 74 0a f3 90 <8b> 55 c8 83 e2 01 75 f6 eb c2 8b 05 fe ed 82 01 85 c0 75 80 0f 
[25965.098144] watchdog: BUG: soft lockup - CPU#2 stuck for 22s! [sgx-runner:30821]
[25965.098146] Modules linked in: igb_uio(OE) binfmt_misc nls_iso8859_1 intel_rapl snd_hda_codec_hdmi x86_pkg_temp_thermal intel_powerclamp snd_hda_codec_realtek coretemp snd_hda_codec_generic kvm snd_hda_intel irqbypass snd_hda_codec snd_hda_core crct10dif_pclmul snd_hwdep crc32_pclmul ghash_clmulni_intel snd_pcm pcbc snd_seq_midi snd_seq_midi_event snd_rawmidi aesni_intel aes_x86_64 crypto_simd snd_seq glue_helper cryptd snd_seq_device snd_timer intel_cstate intel_rapl_perf snd eeepc_wmi soundcore mei_me asus_wmi sparse_keymap mei wmi_bmof shpchp mac_hid isgx(OE) acpi_pad uio_pci_generic uio parport_pc ppdev lp parport autofs4 mxm_wmi i915 i2c_algo_bit drm_kms_helper nvme nvme_core e1000e syscopyarea sysfillrect ahci sysimgblt fb_sys_fops libahci i40e drm ptp pps_core wmi video
[25965.098203] CPU: 2 PID: 30821 Comm: sgx-runner Tainted: G           OEL   4.15.0-55-generic #60~16.04.2-Ubuntu
[25965.098204] Hardware name: System manufacturer System Product Name/ROG STRIX Z390-H GAMING, BIOS 2417 06/03/2019
[25965.098218] RIP: 0010:smp_call_function_single+0xe2/0x110
[25965.098219] RSP: 0000:ffffa66d23297bc0 EFLAGS: 00003202 ORIG_RAX: ffffffffffffff11
[25965.098219] RAX: 0000000000000000 RBX: 0000000000000002 RCX: 0000000000000000
[25965.098220] RDX: 0000000000000001 RSI: 00000000000000fb RDI: 0000000000003282
[25965.098220] RBP: ffffa66d23297c10 R08: 0000000000000001 R09: 0000000000000006
[25965.098221] R10: ffffa66d23297c38 R11: 0000000000000000 R12: ffffffff90a7d690
[25965.098221] R13: ffffa66d23297cb0 R14: 0000000000000001 R15: ffff98b2b2d8acf0
[25965.098222] FS:  00007f975d02c700(0000) GS:ffff98b4b0c80000(0000) knlGS:0000000000000000
[25965.098222] CS:  0010 DS: 0000 ES: 0000 CR0: 0000000080050033
[25965.098223] CR2: 00007f975d00bf90 CR3: 00000008489fe004 CR4: 00000000003606e0
[25965.098223] DR0: 0000000000000000 DR1: 0000000000000000 DR2: 0000000000000000
[25965.098224] DR3: 0000000000000000 DR6: 00000000fffe0ff0 DR7: 0000000000000400
[25965.098224] Call Trace:
[25965.098226]  ? flush_tlb_func_common+0x230/0x230
[25965.098227]  ? find_next_bit+0xb/0x10
[25965.098228]  smp_call_function_many+0x21a/0x260
[25965.098229]  ? flush_tlb_func_common+0x230/0x230
[25965.098229]  ? smp_call_function_many+0x21a/0x260
[25965.098230]  native_flush_tlb_others+0x3c/0xf0
[25965.098231]  flush_tlb_mm_range+0xae/0x110
[25965.098232]  ptep_clear_flush+0x4d/0x60
[25965.098234]  wp_page_copy+0x30f/0x7f0
[25965.098235]  do_wp_page+0x155/0x500
[25965.098236]  __handle_mm_fault+0x8a9/0x11b0
[25965.098237]  handle_mm_fault+0xcc/0x1c0
[25965.098238]  __do_page_fault+0x260/0x500
[25965.098239]  do_page_fault+0x2e/0xf0
[25965.098241]  ? page_fault+0x2f/0x50
[25965.098241]  page_fault+0x45/0x50
[25965.098242] RIP: 0033:0x5585b638e791
[25965.098242] RSP: 002b:0007f975d005000 EFLAGS: 00013202
[25965.098243] RAX: 00007f97500009a0 RBX: 00007f975d02ba10 RCX: 0000000037947d7e
[25965.098243] RDX: 0000000000000000 RSI: 00007f975d004fc8 RDI: 00007f975d005fe0
[25965.098244] RBP: 00007f975d00eff0 R08: 00005585b67b179b R09: 00007f9750001230
[25965.098244] R10: ffffffffffffff3d R11: 0000000000000000 R12: 0000000000000030
[25965.098245] R13: 00007ffdcf35af2f R14: 00007f975d02ba18 R15: 00005585b6aea1e0
[25965.098245] Code: 28 00 00 00 75 40 48 83 c4 48 41 5a 5d 49 8d 62 f8 c3 48 89 d1 48 89 f2 48 8d 75 b0 e8 48 fe ff ff 8b 55 c8 83 e2 01 74 0a f3 90 <8b> 55 c8 83 e2 01 75 f6 eb c2 8b 05 fe ed 82 01 85 c0 75 80 0f 
[25969.618288] INFO: rcu_sched detected stalls on CPUs/tasks:
[25969.618291] 	1-...0: (17 GPs behind) idle=38a/140000000000000/0 softirq=631593/631593 fqs=7498 
[25969.618292] 	(detected by 2, t=15002 jiffies, g=614176, c=614175, q=44162)
[25969.618316] Sending NMI from CPU 2 to CPUs 1:
[25969.618318] NMI backtrace for cpu 1
[25969.618319] CPU: 1 PID: 30794 Comm: sgx-runner Tainted: G           OEL   4.15.0-55-generic #60~16.04.2-Ubuntu
[25969.618320] Hardware name: System manufacturer System Product Name/ROG STRIX Z390-H GAMING, BIOS 2417 06/03/2019
[25969.618321] RIP: 0033:0x5585b636d5c4
[25969.618321] RSP: 002b:00007f975d4324f0 EFLAGS: 00003002
[25969.618322] RAX: 0000000000000003 RBX: 00007f974aaf9000 RCX: 00005585b636d5c4
[25969.618322] RDX: 0000000000000000 RSI: 0000000000000000 RDI: 0000000000000000
[25969.618322] RBP: 00007f975d43e7f0 R08: 0000000000000000 R09: 0000000000000000
[25969.618323] R10: 0000000000000000 R11: 0000000000000000 R12: 0000000000000000
[25969.618323] R13: 0000000000000000 R14: 0000000000000000 R15: 0000000000000000
[25969.618324] FS:  00007f975d43f700(0000) GS:ffff98b4b0c40000(0000) knlGS:0000000000000000
[25969.618324] CS:  0010 DS: 0000 ES: 0000 CR0: 0000000080050033
[25969.618324] CR2: 00007ff1636a4b24 CR3: 00000008489fe003 CR4: 00000000003606e0
[25969.618325] DR0: 0000000000000000 DR1: 0000000000000000 DR2: 0000000000000000
[25969.618325] DR3: 0000000000000000 DR6: 00000000fffe0ff0 DR7: 0000000000000400
[25997.099166] watchdog: BUG: soft lockup - CPU#2 stuck for 22s! [sgx-runner:30821]
