[    0.000000] Linux version 4.15.0-55-generic (buildd@lgw01-amd64-038) (gcc version 5.4.0 20160609 (Ubuntu 5.4.0-6ubuntu1~16.04.10)) #60~16.04.2-Ubuntu SMP Thu Jul 4 09:03:09 UTC 2019 (Ubuntu 4.15.0-55.60~16.04.2-generic 4.15.18)
[    0.000000] Command line: BOOT_IMAGE=/boot/vmlinuz-4.15.0-55-generic root=UUID=da2013a0-9036-46ec-9d43-26ac379cff66 ro quiet splash vt.handoff=7
[    0.000000] KERNEL supported cpus:
[    0.000000]   Intel GenuineIntel
[    0.000000]   AMD AuthenticAMD
[    0.000000]   Centaur CentaurHauls
[    0.000000] x86/fpu: Supporting XSAVE feature 0x001: 'x87 floating point registers'
[    0.000000] x86/fpu: Supporting XSAVE feature 0x002: 'SSE registers'
[    0.000000] x86/fpu: Supporting XSAVE feature 0x004: 'AVX registers'
[    0.000000] x86/fpu: Supporting XSAVE feature 0x008: 'MPX bounds registers'
[    0.000000] x86/fpu: Supporting XSAVE feature 0x010: 'MPX CSR'
[    0.000000] x86/fpu: xstate_offset[2]:  576, xstate_sizes[2]:  256
[    0.000000] x86/fpu: xstate_offset[3]:  832, xstate_sizes[3]:   64
[    0.000000] x86/fpu: xstate_offset[4]:  896, xstate_sizes[4]:   64
[    0.000000] x86/fpu: Enabled xstate features 0x1f, context size is 960 bytes, using 'compacted' format.
[    0.000000] e820: BIOS-provided physical RAM map:
[    0.000000] BIOS-e820: [mem 0x0000000000000000-0x0000000000000fff] reserved
[    0.000000] BIOS-e820: [mem 0x0000000000001000-0x000000000008ffff] usable
[    0.000000] BIOS-e820: [mem 0x0000000000090000-0x0000000000090fff] type 20
[    0.000000] BIOS-e820: [mem 0x0000000000091000-0x000000000009efff] usable
[    0.000000] BIOS-e820: [mem 0x000000000009f000-0x00000000000fffff] reserved
[    0.000000] BIOS-e820: [mem 0x0000000000100000-0x000000007d976fff] usable
[    0.000000] BIOS-e820: [mem 0x000000007d977000-0x000000007f1b9fff] reserved
[    0.000000] BIOS-e820: [mem 0x000000007f1ba000-0x000000007f394fff] ACPI data
[    0.000000] BIOS-e820: [mem 0x000000007f395000-0x000000007f40afff] ACPI NVS
[    0.000000] BIOS-e820: [mem 0x000000007f40b000-0x000000007fc4bfff] reserved
[    0.000000] BIOS-e820: [mem 0x000000007fc4c000-0x000000007fd0efff] type 20
[    0.000000] BIOS-e820: [mem 0x000000007fd0f000-0x000000007fd0ffff] usable
[    0.000000] BIOS-e820: [mem 0x000000007fd10000-0x000000008cffffff] reserved
[    0.000000] BIOS-e820: [mem 0x00000000e0000000-0x00000000efffffff] reserved
[    0.000000] BIOS-e820: [mem 0x00000000fe000000-0x00000000fe010fff] reserved
[    0.000000] BIOS-e820: [mem 0x00000000fec00000-0x00000000fec00fff] reserved
[    0.000000] BIOS-e820: [mem 0x00000000fed00000-0x00000000fed03fff] reserved
[    0.000000] BIOS-e820: [mem 0x00000000fee00000-0x00000000fee00fff] reserved
[    0.000000] BIOS-e820: [mem 0x00000000ff000000-0x00000000ffffffff] reserved
[    0.000000] BIOS-e820: [mem 0x0000000100000000-0x0000000870ffffff] usable
[    0.000000] NX (Execute Disable) protection: active
[    0.000000] efi: EFI v2.70 by American Megatrends
[    0.000000] efi:  ACPI 2.0=0x7f331000  ACPI=0x7f331000  SMBIOS=0x7faa2000  SMBIOS 3.0=0x7faa1000  MEMATTR=0x78385018  ESRT=0x7b119c98 
[    0.000000] secureboot: Secure boot could not be determined (mode 0)
[    0.000000] SMBIOS 3.2.1 present.
[    0.000000] DMI: System manufacturer System Product Name/ROG STRIX Z390-H GAMING, BIOS 2417 06/03/2019
[    0.000000] e820: update [mem 0x00000000-0x00000fff] usable ==> reserved
[    0.000000] e820: remove [mem 0x000a0000-0x000fffff] usable
[    0.000000] e820: last_pfn = 0x871000 max_arch_pfn = 0x400000000
[    0.000000] MTRR default type: write-back
[    0.000000] MTRR fixed ranges enabled:
[    0.000000]   00000-9FFFF write-back
[    0.000000]   A0000-BFFFF uncachable
[    0.000000]   C0000-FFFFF write-protect
[    0.000000] MTRR variable ranges enabled:
[    0.000000]   0 base 00C0000000 mask 7FC0000000 uncachable
[    0.000000]   1 base 00A0000000 mask 7FE0000000 uncachable
[    0.000000]   2 base 0090000000 mask 7FF0000000 uncachable
[    0.000000]   3 base 008C000000 mask 7FFC000000 uncachable
[    0.000000]   4 base 008A000000 mask 7FFE000000 uncachable
[    0.000000]   5 base 0089000000 mask 7FFF000000 uncachable
[    0.000000]   6 base 0088800000 mask 7FFF800000 uncachable
[    0.000000]   7 base 2000000000 mask 6000000000 uncachable
[    0.000000]   8 base 1000000000 mask 7000000000 uncachable
[    0.000000]   9 base 4000000000 mask 4000000000 uncachable
[    0.000000] x86/PAT: Configuration [0-7]: WB  WC  UC- UC  WB  WP  UC- WT  
[    0.000000] e820: last_pfn = 0x7fd10 max_arch_pfn = 0x400000000
[    0.000000] esrt: Reserving ESRT space from 0x000000007b119c98 to 0x000000007b119cd0.
[    0.000000] Scanning 1 areas for low memory corruption
[    0.000000] Base memory trampoline at [        (ptrval)] 98000 size 24576
[    0.000000] Using GB pages for direct mapping
[    0.000000] BRK [0x3ce53f000, 0x3ce53ffff] PGTABLE
[    0.000000] BRK [0x3ce540000, 0x3ce540fff] PGTABLE
[    0.000000] BRK [0x3ce541000, 0x3ce541fff] PGTABLE
[    0.000000] BRK [0x3ce542000, 0x3ce542fff] PGTABLE
[    0.000000] BRK [0x3ce543000, 0x3ce543fff] PGTABLE
[    0.000000] BRK [0x3ce544000, 0x3ce544fff] PGTABLE
[    0.000000] BRK [0x3ce545000, 0x3ce545fff] PGTABLE
[    0.000000] BRK [0x3ce546000, 0x3ce546fff] PGTABLE
[    0.000000] RAMDISK: [mem 0x31658000-0x34b23fff]
[    0.000000] ACPI: Early table checksum verification disabled
[    0.000000] ACPI: RSDP 0x000000007F331000 000024 (v02 ALASKA)
[    0.000000] ACPI: XSDT 0x000000007F3310A8 0000CC (v01 ALASKA A M I    01072009 AMI  00010013)
[    0.000000] ACPI: FACP 0x000000007F3716D0 000114 (v06 ALASKA A M I    01072009 AMI  00010013)
[    0.000000] ACPI: DSDT 0x000000007F331210 0404C0 (v02 ALASKA A M I    01072009 INTL 20160527)
[    0.000000] ACPI: FACS 0x000000007F40A080 000040
[    0.000000] ACPI: APIC 0x000000007F3717E8 0000A0 (v04 ALASKA A M I    01072009 AMI  00010013)
[    0.000000] ACPI: FPDT 0x000000007F371888 000044 (v01 ALASKA A M I    01072009 AMI  00010013)
[    0.000000] ACPI: FIDT 0x000000007F3718D0 00009C (v01 ALASKA A M I    01072009 AMI  00010013)
[    0.000000] ACPI: MCFG 0x000000007F371970 00003C (v01 ALASKA A M I    01072009 MSFT 00000097)
[    0.000000] ACPI: WSMT 0x000000007F3808B0 000028 (v01 ALASKA A M I    01072009 AMI  00010013)
[    0.000000] ACPI: SSDT 0x000000007F371A08 001B1C (v02 CpuRef CpuSsdt  00003000 INTL 20160527)
[    0.000000] ACPI: SSDT 0x000000007F373528 003099 (v02 SaSsdt SaSsdt   00003000 INTL 20160527)
[    0.000000] ACPI: SSDT 0x000000007F3765C8 00232B (v02 PegSsd PegSsdt  00001000 INTL 20160527)
[    0.000000] ACPI: HPET 0x000000007F3788F8 000038 (v01 ALASKA A M I    00000002      01000013)
[    0.000000] ACPI: SSDT 0x000000007F378930 000FAE (v02 ALASKA Ther_Rvp 00001000 INTL 20160527)
[    0.000000] ACPI: SSDT 0x000000007F3798E0 002FD1 (v02 INTEL  xh_cfsd4 00000000 INTL 20160527)
[    0.000000] ACPI: UEFI 0x000000007F37C8B8 000042 (v01 ALASKA A M I    00000002      01000013)
[    0.000000] ACPI: LPIT 0x000000007F37C900 000094 (v01 ALASKA A M I    00000002      01000013)
[    0.000000] ACPI: SSDT 0x000000007F37C998 0027DE (v02 ALASKA PtidDevc 00001000 INTL 20160527)
[    0.000000] ACPI: SSDT 0x000000007F37F178 0014E2 (v02 ALASKA TbtTypeC 00000000 INTL 20160527)
[    0.000000] ACPI: DBGP 0x000000007F380660 000034 (v01 ALASKA A M I    00000002      01000013)
[    0.000000] ACPI: DBG2 0x000000007F380698 000054 (v00 ALASKA A M I    00000002      01000013)
[    0.000000] ACPI: SSDT 0x000000007F3806F0 000144 (v02 Intel  ADebTabl 00001000 INTL 20160527)
[    0.000000] ACPI: BGRT 0x000000007F380838 000038 (v01 ALASKA A M I    01072009 AMI  00010013)
[    0.000000] ACPI: WPBT 0x000000007F380870 00003C (v01 ALASKA A M I    00000001 ASUS 00000001)
[    0.000000] ACPI: Local APIC address 0xfee00000
[    0.000000] No NUMA configuration found
[    0.000000] Faking a node at [mem 0x0000000000000000-0x0000000870ffffff]
[    0.000000] NODE_DATA(0) allocated [mem 0x870fd5000-0x870ffffff]
[    0.000000] Zone ranges:
[    0.000000]   DMA      [mem 0x0000000000001000-0x0000000000ffffff]
[    0.000000]   DMA32    [mem 0x0000000001000000-0x00000000ffffffff]
[    0.000000]   Normal   [mem 0x0000000100000000-0x0000000870ffffff]
[    0.000000]   Device   empty
[    0.000000] Movable zone start for each node
[    0.000000] Early memory node ranges
[    0.000000]   node   0: [mem 0x0000000000001000-0x000000000008ffff]
[    0.000000]   node   0: [mem 0x0000000000091000-0x000000000009efff]
[    0.000000]   node   0: [mem 0x0000000000100000-0x000000007d976fff]
[    0.000000]   node   0: [mem 0x000000007fd0f000-0x000000007fd0ffff]
[    0.000000]   node   0: [mem 0x0000000100000000-0x0000000870ffffff]
[    0.000000] Reserved but unavailable: 9963 pages
[    0.000000] Initmem setup node 0 [mem 0x0000000000001000-0x0000000870ffffff]
[    0.000000] On node 0 totalpages: 8317205
[    0.000000]   DMA zone: 64 pages used for memmap
[    0.000000]   DMA zone: 23 pages reserved
[    0.000000]   DMA zone: 3997 pages, LIFO batch:0
[    0.000000]   DMA32 zone: 7974 pages used for memmap
[    0.000000]   DMA32 zone: 510328 pages, LIFO batch:31
[    0.000000]   Normal zone: 121920 pages used for memmap
[    0.000000]   Normal zone: 7802880 pages, LIFO batch:31
[    0.000000] Reserving Intel graphics memory at 0x0000000089000000-0x000000008cffffff
[    0.000000] ACPI: PM-Timer IO Port: 0x1808
[    0.000000] ACPI: Local APIC address 0xfee00000
[    0.000000] ACPI: LAPIC_NMI (acpi_id[0x01] high edge lint[0x1])
[    0.000000] ACPI: LAPIC_NMI (acpi_id[0x02] high edge lint[0x1])
[    0.000000] ACPI: LAPIC_NMI (acpi_id[0x03] high edge lint[0x1])
[    0.000000] ACPI: LAPIC_NMI (acpi_id[0x04] high edge lint[0x1])
[    0.000000] ACPI: LAPIC_NMI (acpi_id[0x05] high edge lint[0x1])
[    0.000000] ACPI: LAPIC_NMI (acpi_id[0x06] high edge lint[0x1])
[    0.000000] IOAPIC[0]: apic_id 2, version 32, address 0xfec00000, GSI 0-119
[    0.000000] ACPI: INT_SRC_OVR (bus 0 bus_irq 0 global_irq 2 dfl dfl)
[    0.000000] ACPI: INT_SRC_OVR (bus 0 bus_irq 9 global_irq 9 high level)
[    0.000000] ACPI: IRQ0 used by override.
[    0.000000] ACPI: IRQ9 used by override.
[    0.000000] Using ACPI (MADT) for SMP configuration information
[    0.000000] ACPI: HPET id: 0x8086a201 base: 0xfed00000
[    0.000000] smpboot: Allowing 6 CPUs, 0 hotplug CPUs
[    0.000000] PM: Registered nosave memory: [mem 0x00000000-0x00000fff]
[    0.000000] PM: Registered nosave memory: [mem 0x00090000-0x00090fff]
[    0.000000] PM: Registered nosave memory: [mem 0x0009f000-0x000fffff]
[    0.000000] PM: Registered nosave memory: [mem 0x7d977000-0x7f1b9fff]
[    0.000000] PM: Registered nosave memory: [mem 0x7f1ba000-0x7f394fff]
[    0.000000] PM: Registered nosave memory: [mem 0x7f395000-0x7f40afff]
[    0.000000] PM: Registered nosave memory: [mem 0x7f40b000-0x7fc4bfff]
[    0.000000] PM: Registered nosave memory: [mem 0x7fc4c000-0x7fd0efff]
[    0.000000] PM: Registered nosave memory: [mem 0x7fd10000-0x8cffffff]
[    0.000000] PM: Registered nosave memory: [mem 0x8d000000-0xdfffffff]
[    0.000000] PM: Registered nosave memory: [mem 0xe0000000-0xefffffff]
[    0.000000] PM: Registered nosave memory: [mem 0xf0000000-0xfdffffff]
[    0.000000] PM: Registered nosave memory: [mem 0xfe000000-0xfe010fff]
[    0.000000] PM: Registered nosave memory: [mem 0xfe011000-0xfebfffff]
[    0.000000] PM: Registered nosave memory: [mem 0xfec00000-0xfec00fff]
[    0.000000] PM: Registered nosave memory: [mem 0xfec01000-0xfecfffff]
[    0.000000] PM: Registered nosave memory: [mem 0xfed00000-0xfed03fff]
[    0.000000] PM: Registered nosave memory: [mem 0xfed04000-0xfedfffff]
[    0.000000] PM: Registered nosave memory: [mem 0xfee00000-0xfee00fff]
[    0.000000] PM: Registered nosave memory: [mem 0xfee01000-0xfeffffff]
[    0.000000] PM: Registered nosave memory: [mem 0xff000000-0xffffffff]
[    0.000000] e820: [mem 0x8d000000-0xdfffffff] available for PCI devices
[    0.000000] Booting paravirtualized kernel on bare hardware
[    0.000000] clocksource: refined-jiffies: mask: 0xffffffff max_cycles: 0xffffffff, max_idle_ns: 7645519600211568 ns
[    0.000000] random: get_random_bytes called from start_kernel+0x99/0x51b with crng_init=0
[    0.000000] setup_percpu: NR_CPUS:8192 nr_cpumask_bits:6 nr_cpu_ids:6 nr_node_ids:1
[    0.000000] percpu: Embedded 46 pages/cpu @        (ptrval) s151552 r8192 d28672 u262144
[    0.000000] pcpu-alloc: s151552 r8192 d28672 u262144 alloc=1*2097152
[    0.000000] pcpu-alloc: [0] 0 1 2 3 4 5 - - 
[    0.000000] Built 1 zonelists, mobility grouping on.  Total pages: 8187224
[    0.000000] Policy zone: Normal
[    0.000000] Kernel command line: BOOT_IMAGE=/boot/vmlinuz-4.15.0-55-generic root=UUID=da2013a0-9036-46ec-9d43-26ac379cff66 ro quiet splash vt.handoff=7
[    0.000000] Calgary: detecting Calgary via BIOS EBDA area
[    0.000000] Calgary: Unable to locate Rio Grande table in EBDA - bailing!
[    0.000000] Memory: 32524152K/33268820K available (12300K kernel code, 2472K rwdata, 4284K rodata, 2408K init, 2416K bss, 744668K reserved, 0K cma-reserved)
[    0.000000] SLUB: HWalign=64, Order=0-3, MinObjects=0, CPUs=6, Nodes=1
[    0.000000] Kernel/User page tables isolation: enabled
[    0.000000] ftrace: allocating 39226 entries in 154 pages
[    0.000000] Hierarchical RCU implementation.
[    0.000000] 	RCU restricting CPUs from NR_CPUS=8192 to nr_cpu_ids=6.
[    0.000000] 	Tasks RCU enabled.
[    0.000000] RCU: Adjusting geometry for rcu_fanout_leaf=16, nr_cpu_ids=6
[    0.000000] NR_IRQS: 524544, nr_irqs: 1536, preallocated irqs: 16
[    0.000000] vt handoff: transparent VT on vt#7
[    0.000000] Console: colour dummy device 80x25
[    0.000000] console [tty0] enabled
[    0.000000] ACPI: Core revision 20170831
[    0.000000] ACPI: 9 ACPI AML tables successfully acquired and loaded
[    0.000000] clocksource: hpet: mask: 0xffffffff max_cycles: 0xffffffff, max_idle_ns: 79635855245 ns
[    0.000000] hpet clockevent registered
[    0.004000] APIC: Switch to symmetric I/O mode setup
[    0.004000] x2apic: IRQ remapping doesn't support X2APIC mode
[    0.008000] ..TIMER: vector=0x30 apic1=0 pin1=2 apic2=-1 pin2=-1
[    0.028000] tsc: Detected 3700.000 MHz processor
[    0.028000] tsc: Detected 3696.000 MHz TSC
[    0.028000] Calibrating delay loop (skipped), value calculated using timer frequency.. 7392.00 BogoMIPS (lpj=14784000)
[    0.028000] pid_max: default: 32768 minimum: 301
[    0.028000] efi: memattr: Entry attributes invalid: RO and XP bits both cleared
[    0.028000] efi: memattr: ! 0x000000090000-0x000000090fff [Runtime Code       |RUN|  |  |  |  |  |  |   |  |  |  |  ]
[    0.028000] Security Framework initialized
[    0.028000] Yama: becoming mindful.
[    0.028000] AppArmor: AppArmor initialized
[    0.034470] Dentry cache hash table entries: 4194304 (order: 13, 33554432 bytes)
[    0.036837] Inode-cache hash table entries: 2097152 (order: 12, 16777216 bytes)
[    0.036916] Mount-cache hash table entries: 65536 (order: 7, 524288 bytes)
[    0.036992] Mountpoint-cache hash table entries: 65536 (order: 7, 524288 bytes)
[    0.037122] ENERGY_PERF_BIAS: Set to 'normal', was 'performance'
[    0.037123] ENERGY_PERF_BIAS: View and update with x86_energy_perf_policy(8)
[    0.037126] mce: CPU supports 12 MCE banks
[    0.037133] CPU0: Thermal monitoring enabled (TM1)
[    0.037149] process: using mwait in idle threads
[    0.037151] Last level iTLB entries: 4KB 128, 2MB 8, 4MB 8
[    0.037152] Last level dTLB entries: 4KB 64, 2MB 0, 4MB 0, 1GB 4
[    0.037153] Spectre V2 : Mitigation: Full generic retpoline
[    0.037153] Spectre V2 : Spectre v2 / SpectreRSB mitigation: Filling RSB on context switch
[    0.037153] Spectre V2 : Enabling Restricted Speculation for firmware calls
[    0.037157] Spectre V2 : mitigation: Enabling conditional Indirect Branch Prediction Barrier
[    0.037158] Spectre V2 : User space: Mitigation: STIBP via seccomp and prctl
[    0.037158] Speculative Store Bypass: Mitigation: Speculative Store Bypass disabled via prctl and seccomp
[    0.037177] MDS: Mitigation: Clear CPU buffers
[    0.041790] Freeing SMP alternatives memory: 36K
[    0.045138] TSC deadline timer enabled
[    0.045142] smpboot: CPU0: Intel(R) Core(TM) i7-8700K CPU @ 3.70GHz (family: 0x6, model: 0x9e, stepping: 0xa)
[    0.045182] Performance Events: PEBS fmt3+, Skylake events, 32-deep LBR, full-width counters, Intel PMU driver.
[    0.045203] ... version:                4
[    0.045204] ... bit width:              48
[    0.045204] ... generic registers:      8
[    0.045204] ... value mask:             0000ffffffffffff
[    0.045205] ... max period:             00007fffffffffff
[    0.045205] ... fixed-purpose events:   3
[    0.045205] ... event mask:             00000007000000ff
[    0.045231] Hierarchical SRCU implementation.
[    0.045956] NMI watchdog: Enabled. Permanently consumes one hw-PMU counter.
[    0.045964] smp: Bringing up secondary CPUs ...
[    0.046008] x86: Booting SMP configuration:
[    0.046008] .... node  #0, CPUs:      #1 #2 #3 #4 #5
[    0.048730] smp: Brought up 1 node, 6 CPUs
[    0.048730] smpboot: Max logical packages: 1
[    0.048730] smpboot: Total of 6 processors activated (44352.00 BogoMIPS)
[    0.052486] devtmpfs: initialized
[    0.052486] x86/mm: Memory block size: 128MB
[    0.053405] evm: security.selinux
[    0.053405] evm: security.SMACK64
[    0.053405] evm: security.SMACK64EXEC
[    0.053406] evm: security.SMACK64TRANSMUTE
[    0.053406] evm: security.SMACK64MMAP
[    0.053406] evm: security.apparmor
[    0.053407] evm: security.ima
[    0.053407] evm: security.capability
[    0.053415] PM: Registering ACPI NVS region [mem 0x7f395000-0x7f40afff] (483328 bytes)
[    0.053415] clocksource: jiffies: mask: 0xffffffff max_cycles: 0xffffffff, max_idle_ns: 7645041785100000 ns
[    0.053415] futex hash table entries: 2048 (order: 5, 131072 bytes)
[    0.053415] pinctrl core: initialized pinctrl subsystem
[    0.053415] RTC time: 17:03:39, date: 07/24/19
[    0.053415] NET: Registered protocol family 16
[    0.053415] audit: initializing netlink subsys (disabled)
[    0.053415] audit: type=2000 audit(1563987819.052:1): state=initialized audit_enabled=0 res=1
[    0.053415] cpuidle: using governor ladder
[    0.053415] cpuidle: using governor menu
[    0.053415] ACPI FADT declares the system doesn't support PCIe ASPM, so disable it
[    0.053415] ACPI: bus type PCI registered
[    0.053415] acpiphp: ACPI Hot Plug PCI Controller Driver version: 0.5
[    0.053415] PCI: MMCONFIG for domain 0000 [bus 00-ff] at [mem 0xe0000000-0xefffffff] (base 0xe0000000)
[    0.053415] PCI: MMCONFIG at [mem 0xe0000000-0xefffffff] reserved in E820
[    0.053415] PCI: Using configuration type 1 for base access
[    0.053415] HugeTLB registered 1.00 GiB page size, pre-allocated 0 pages
[    0.053415] HugeTLB registered 2.00 MiB page size, pre-allocated 0 pages
[    0.053415] ACPI: Added _OSI(Module Device)
[    0.053415] ACPI: Added _OSI(Processor Device)
[    0.053415] ACPI: Added _OSI(3.0 _SCP Extensions)
[    0.053415] ACPI: Added _OSI(Processor Aggregator Device)
[    0.053415] ACPI: Added _OSI(Linux-Dell-Video)
[    0.053415] ACPI: Added _OSI(Linux-Lenovo-NV-HDMI-Audio)
[    0.053415] ACPI: Added _OSI(Linux-HPI-Hybrid-Graphics)
[    0.082681] ACPI: Executed 45 blocks of module-level executable AML code
[    0.100686] ACPI: Dynamic OEM Table Load:
[    0.100690] ACPI: SSDT 0xFFFF929C0C896F00 0000F4 (v02 PmRef  Cpu0Psd  00003000 INTL 20160527)
[    0.100899] ACPI: Executed 1 blocks of module-level executable AML code
[    0.100995] ACPI: \_SB_.PR00: _OSC native thermal LVT Acked
[    0.102435] ACPI: Dynamic OEM Table Load:
[    0.102438] ACPI: SSDT 0xFFFF929C0C892000 000400 (v02 PmRef  Cpu0Cst  00003001 INTL 20160527)
[    0.102642] ACPI: Executed 1 blocks of module-level executable AML code
[    0.102837] ACPI: Dynamic OEM Table Load:
[    0.102840] ACPI: SSDT 0xFFFF929C0C82C000 0006EC (v02 PmRef  Cpu0Ist  00003000 INTL 20160527)
[    0.103027] ACPI: Executed 1 blocks of module-level executable AML code
[    0.103180] ACPI: Dynamic OEM Table Load:
[    0.103183] ACPI: SSDT 0xFFFF929C0C8B4600 000133 (v02 PmRef  Cpu0Hwp  00003000 INTL 20160527)
[    0.103373] ACPI: Executed 1 blocks of module-level executable AML code
[    0.103508] ACPI: Dynamic OEM Table Load:
[    0.103512] ACPI: SSDT 0xFFFF929C0C82E000 000724 (v02 PmRef  HwpLvt   00003000 INTL 20160527)
[    0.103684] ACPI: Executed 1 blocks of module-level executable AML code
[    0.104081] ACPI: Dynamic OEM Table Load:
[    0.104085] ACPI: SSDT 0xFFFF929C0C828800 0005FC (v02 PmRef  ApIst    00003000 INTL 20160527)
[    0.104429] ACPI: Executed 1 blocks of module-level executable AML code
[    0.104584] ACPI: Dynamic OEM Table Load:
[    0.104587] ACPI: SSDT 0xFFFF929C0C9E4000 000317 (v02 PmRef  ApHwp    00003000 INTL 20160527)
[    0.104831] ACPI: Executed 1 blocks of module-level executable AML code
[    0.105084] ACPI: Dynamic OEM Table Load:
[    0.105087] ACPI: SSDT 0xFFFF929C10544000 000AB0 (v02 PmRef  ApPsd    00003000 INTL 20160527)
[    0.105775] ACPI: Executed 1 blocks of module-level executable AML code
[    0.105933] ACPI: Dynamic OEM Table Load:
[    0.105937] ACPI: SSDT 0xFFFF929C0C9E5C00 00030A (v02 PmRef  ApCst    00003000 INTL 20160527)
[    0.106180] ACPI: Executed 1 blocks of module-level executable AML code
[    0.109620] ACPI: Interpreter enabled
[    0.109651] ACPI: (supports S0 S3 S4 S5)
[    0.109651] ACPI: Using IOAPIC for interrupt routing
[    0.109682] PCI: Using host bridge windows from ACPI; if necessary, use "pci=nocrs" and report a bug
[    0.110785] ACPI: Enabled 7 GPEs in block 00 to 7F
[    0.124306] ACPI: Power Resource [USBC] (on)
[    0.127201] ACPI: Power Resource [V0PR] (on)
[    0.127567] ACPI: Power Resource [V1PR] (on)
[    0.127927] ACPI: Power Resource [V2PR] (on)
[    0.137554] ACPI: Power Resource [WRST] (on)
[    0.142848] ACPI: Power Resource [FN00] (off)
[    0.142931] ACPI: Power Resource [FN01] (off)
[    0.143008] ACPI: Power Resource [FN02] (off)
[    0.143086] ACPI: Power Resource [FN03] (off)
[    0.143163] ACPI: Power Resource [FN04] (off)
[    0.143853] ACPI: Power Resource [PIN] (off)
[    0.144280] ACPI: PCI Root Bridge [PCI0] (domain 0000 [bus 00-fe])
[    0.144285] acpi PNP0A08:00: _OSC: OS supports [ExtendedConfig ASPM ClockPM Segments MSI]
[    0.144460] acpi PNP0A08:00: _OSC: platform does not support [PCIeHotplug PME]
[    0.144627] acpi PNP0A08:00: _OSC: OS now controls [AER PCIeCapability]
[    0.144628] acpi PNP0A08:00: FADT indicates ASPM is unsupported, using BIOS configuration
[    0.145480] PCI host bridge to bus 0000:00
[    0.145481] pci_bus 0000:00: root bus resource [io  0x0000-0x0cf7 window]
[    0.145482] pci_bus 0000:00: root bus resource [io  0x0d00-0xffff window]
[    0.145483] pci_bus 0000:00: root bus resource [mem 0x000a0000-0x000bffff window]
[    0.145484] pci_bus 0000:00: root bus resource [mem 0x8d000000-0xdfffffff window]
[    0.145485] pci_bus 0000:00: root bus resource [mem 0xfc800000-0xfe7fffff window]
[    0.145486] pci_bus 0000:00: root bus resource [bus 00-fe]
[    0.145491] pci 0000:00:00.0: [8086:3ec2] type 00 class 0x060000
[    0.145820] pci 0000:00:01.0: [8086:1901] type 01 class 0x060400
[    0.145851] pci 0000:00:01.0: PME# supported from D0 D3hot D3cold
[    0.145993] pci 0000:00:01.1: [8086:1905] type 01 class 0x060400
[    0.146022] pci 0000:00:01.1: PME# supported from D0 D3hot D3cold
[    0.146191] pci 0000:00:02.0: [8086:3e92] type 00 class 0x030000
[    0.146198] pci 0000:00:02.0: reg 0x10: [mem 0x8d000000-0x8dffffff 64bit]
[    0.146202] pci 0000:00:02.0: reg 0x18: [mem 0x90000000-0x9fffffff 64bit pref]
[    0.146205] pci 0000:00:02.0: reg 0x20: [io  0x3000-0x303f]
[    0.146216] pci 0000:00:02.0: BAR 2: assigned to efifb
[    0.146418] pci 0000:00:14.0: [8086:a36d] type 00 class 0x0c0330
[    0.146435] pci 0000:00:14.0: reg 0x10: [mem 0x8e420000-0x8e42ffff 64bit]
[    0.146486] pci 0000:00:14.0: PME# supported from D3hot D3cold
[    0.146832] pci 0000:00:14.2: [8086:a36f] type 00 class 0x050000
[    0.146850] pci 0000:00:14.2: reg 0x10: [mem 0x8e436000-0x8e437fff 64bit]
[    0.146859] pci 0000:00:14.2: reg 0x18: [mem 0x8e43c000-0x8e43cfff 64bit]
[    0.147008] pci 0000:00:16.0: [8086:a360] type 00 class 0x078000
[    0.147029] pci 0000:00:16.0: reg 0x10: [mem 0x8e43b000-0x8e43bfff 64bit]
[    0.147095] pci 0000:00:16.0: PME# supported from D3hot
[    0.147292] pci 0000:00:17.0: [8086:a352] type 00 class 0x010601
[    0.147308] pci 0000:00:17.0: reg 0x10: [mem 0x8e434000-0x8e435fff]
[    0.147316] pci 0000:00:17.0: reg 0x14: [mem 0x8e43a000-0x8e43a0ff]
[    0.147324] pci 0000:00:17.0: reg 0x18: [io  0x3090-0x3097]
[    0.147332] pci 0000:00:17.0: reg 0x1c: [io  0x3080-0x3083]
[    0.147339] pci 0000:00:17.0: reg 0x20: [io  0x3060-0x307f]
[    0.147347] pci 0000:00:17.0: reg 0x24: [mem 0x8e439000-0x8e4397ff]
[    0.147383] pci 0000:00:17.0: PME# supported from D3hot
[    0.147542] pci 0000:00:1b.0: [8086:a340] type 01 class 0x060400
[    0.147606] pci 0000:00:1b.0: PME# supported from D0 D3hot D3cold
[    0.147806] pci 0000:00:1c.0: [8086:a338] type 01 class 0x060400
[    0.147869] pci 0000:00:1c.0: PME# supported from D0 D3hot D3cold
[    0.148073] pci 0000:00:1d.0: [8086:a330] type 01 class 0x060400
[    0.148138] pci 0000:00:1d.0: PME# supported from D0 D3hot D3cold
[    0.148152] pci 0000:00:1d.0: PTM enabled (root), 4dns granularity
[    0.148349] pci 0000:00:1f.0: [8086:a305] type 00 class 0x060100
[    0.148636] pci 0000:00:1f.3: [8086:a348] type 00 class 0x040300
[    0.148675] pci 0000:00:1f.3: reg 0x10: [mem 0x8e430000-0x8e433fff 64bit]
[    0.148711] pci 0000:00:1f.3: reg 0x20: [mem 0x8e000000-0x8e0fffff 64bit]
[    0.148787] pci 0000:00:1f.3: PME# supported from D3hot D3cold
[    0.149393] pci 0000:00:1f.4: [8086:a323] type 00 class 0x0c0500
[    0.149410] pci 0000:00:1f.4: reg 0x10: [mem 0x8e438000-0x8e4380ff 64bit]
[    0.149437] pci 0000:00:1f.4: reg 0x20: [io  0xefa0-0xefbf]
[    0.149594] pci 0000:00:1f.5: [8086:a324] type 00 class 0x0c8000
[    0.149608] pci 0000:00:1f.5: reg 0x10: [mem 0xfe010000-0xfe010fff]
[    0.149753] pci 0000:00:1f.6: [8086:15bc] type 00 class 0x020000
[    0.149788] pci 0000:00:1f.6: reg 0x10: [mem 0x8e400000-0x8e41ffff]
[    0.149930] pci 0000:00:1f.6: PME# supported from D0 D3hot D3cold
[    0.150049] pci 0000:00:01.0: PCI bridge to [bus 01]
[    0.150081] pci 0000:02:00.0: [8086:1572] type 00 class 0x020000
[    0.150097] pci 0000:02:00.0: reg 0x10: [mem 0xa1800000-0xa1ffffff 64bit pref]
[    0.150109] pci 0000:02:00.0: reg 0x1c: [mem 0xa2018000-0xa201ffff 64bit pref]
[    0.150118] pci 0000:02:00.0: reg 0x30: [mem 0x8e280000-0x8e2fffff pref]
[    0.150159] pci 0000:02:00.0: PME# supported from D0 D3hot D3cold
[    0.150176] pci 0000:02:00.0: reg 0x184: [mem 0x00000000-0x0000ffff 64bit pref]
[    0.150177] pci 0000:02:00.0: VF(n) BAR0 space: [mem 0x00000000-0x001fffff 64bit pref] (contains BAR0 for 32 VFs)
[    0.150187] pci 0000:02:00.0: reg 0x190: [mem 0x00000000-0x00003fff 64bit pref]
[    0.150188] pci 0000:02:00.0: VF(n) BAR3 space: [mem 0x00000000-0x0007ffff 64bit pref] (contains BAR3 for 32 VFs)
[    0.150273] pci 0000:02:00.1: [8086:1572] type 00 class 0x020000
[    0.150288] pci 0000:02:00.1: reg 0x10: [mem 0xa1000000-0xa17fffff 64bit pref]
[    0.150300] pci 0000:02:00.1: reg 0x1c: [mem 0xa2010000-0xa2017fff 64bit pref]
[    0.150309] pci 0000:02:00.1: reg 0x30: [mem 0x8e200000-0x8e27ffff pref]
[    0.150349] pci 0000:02:00.1: PME# supported from D0 D3hot D3cold
[    0.150364] pci 0000:02:00.1: reg 0x184: [mem 0x00000000-0x0000ffff 64bit pref]
[    0.150365] pci 0000:02:00.1: VF(n) BAR0 space: [mem 0x00000000-0x001fffff 64bit pref] (contains BAR0 for 32 VFs)
[    0.150375] pci 0000:02:00.1: reg 0x190: [mem 0x00000000-0x00003fff 64bit pref]
[    0.150376] pci 0000:02:00.1: VF(n) BAR3 space: [mem 0x00000000-0x0007ffff 64bit pref] (contains BAR3 for 32 VFs)
[    0.150456] pci 0000:02:00.2: [8086:1572] type 00 class 0x020000
[    0.150472] pci 0000:02:00.2: reg 0x10: [mem 0xa0800000-0xa0ffffff 64bit pref]
[    0.150483] pci 0000:02:00.2: reg 0x1c: [mem 0xa2008000-0xa200ffff 64bit pref]
[    0.150492] pci 0000:02:00.2: reg 0x30: [mem 0x8e180000-0x8e1fffff pref]
[    0.150531] pci 0000:02:00.2: PME# supported from D0 D3hot D3cold
[    0.150547] pci 0000:02:00.2: reg 0x184: [mem 0x00000000-0x0000ffff 64bit pref]
[    0.150548] pci 0000:02:00.2: VF(n) BAR0 space: [mem 0x00000000-0x001fffff 64bit pref] (contains BAR0 for 32 VFs)
[    0.150557] pci 0000:02:00.2: reg 0x190: [mem 0x00000000-0x00003fff 64bit pref]
[    0.150558] pci 0000:02:00.2: VF(n) BAR3 space: [mem 0x00000000-0x0007ffff 64bit pref] (contains BAR3 for 32 VFs)
[    0.150637] pci 0000:02:00.3: [8086:1572] type 00 class 0x020000
[    0.150652] pci 0000:02:00.3: reg 0x10: [mem 0xa0000000-0xa07fffff 64bit pref]
[    0.150663] pci 0000:02:00.3: reg 0x1c: [mem 0xa2000000-0xa2007fff 64bit pref]
[    0.150672] pci 0000:02:00.3: reg 0x30: [mem 0x8e100000-0x8e17ffff pref]
[    0.150712] pci 0000:02:00.3: PME# supported from D0 D3hot D3cold
[    0.150727] pci 0000:02:00.3: reg 0x184: [mem 0x00000000-0x0000ffff 64bit pref]
[    0.150728] pci 0000:02:00.3: VF(n) BAR0 space: [mem 0x00000000-0x001fffff 64bit pref] (contains BAR0 for 32 VFs)
[    0.150738] pci 0000:02:00.3: reg 0x190: [mem 0x00000000-0x00003fff 64bit pref]
[    0.150739] pci 0000:02:00.3: VF(n) BAR3 space: [mem 0x00000000-0x0007ffff 64bit pref] (contains BAR3 for 32 VFs)
[    0.160012] pci 0000:00:01.1: PCI bridge to [bus 02]
[    0.160015] pci 0000:00:01.1:   bridge window [mem 0x8e100000-0x8e2fffff]
[    0.160017] pci 0000:00:01.1:   bridge window [mem 0xa0000000-0xa20fffff 64bit pref]
[    0.160018] pci 0000:00:01.1: bridge has subordinate 02 but max busn 03
[    0.160092] acpiphp: Slot [1] registered
[    0.160101] pci 0000:00:1b.0: PCI bridge to [bus 03]
[    0.160172] acpiphp: Slot [1-1] registered
[    0.160181] pci 0000:00:1c.0: PCI bridge to [bus 04]
[    0.160251] pci 0000:05:00.0: [144d:a804] type 00 class 0x010802
[    0.160276] pci 0000:05:00.0: reg 0x10: [mem 0x8e300000-0x8e303fff 64bit]
[    0.160439] pci 0000:00:1d.0: PCI bridge to [bus 05]
[    0.160442] pci 0000:00:1d.0:   bridge window [mem 0x8e300000-0x8e3fffff]
[    0.161793] ACPI: PCI Interrupt Link [LNKA] (IRQs 3 4 5 6 10 11 12 14 15) *0
[    0.161869] ACPI: PCI Interrupt Link [LNKB] (IRQs 3 4 5 6 10 11 12 14 15) *1
[    0.161944] ACPI: PCI Interrupt Link [LNKC] (IRQs 3 4 5 6 10 11 12 14 15) *0
[    0.162018] ACPI: PCI Interrupt Link [LNKD] (IRQs 3 4 5 6 10 11 12 14 15) *0
[    0.162091] ACPI: PCI Interrupt Link [LNKE] (IRQs 3 4 5 6 10 11 12 14 15) *0
[    0.162166] ACPI: PCI Interrupt Link [LNKF] (IRQs 3 4 5 6 10 11 12 14 15) *0
[    0.162240] ACPI: PCI Interrupt Link [LNKG] (IRQs 3 4 5 6 10 11 12 14 15) *0
[    0.162314] ACPI: PCI Interrupt Link [LNKH] (IRQs 3 4 5 6 10 11 12 14 15) *0
[    0.163042] SCSI subsystem initialized
[    0.163049] libata version 3.00 loaded.
[    0.163049] pci 0000:00:02.0: vgaarb: setting as boot VGA device
[    0.163049] pci 0000:00:02.0: vgaarb: VGA device added: decodes=io+mem,owns=io+mem,locks=none
[    0.163049] pci 0000:00:02.0: vgaarb: bridge control possible
[    0.163049] vgaarb: loaded
[    0.163049] ACPI: bus type USB registered
[    0.163049] usbcore: registered new interface driver usbfs
[    0.163049] usbcore: registered new interface driver hub
[    0.163049] usbcore: registered new device driver usb
[    0.163049] EDAC MC: Ver: 3.0.0
[    0.163049] Registered efivars operations
[    0.185708] PCI: Using ACPI for IRQ routing
[    0.228438] PCI: pci_cache_line_size set to 64 bytes
[    0.228511] e820: reserve RAM buffer [mem 0x0009f000-0x0009ffff]
[    0.228512] e820: reserve RAM buffer [mem 0x7d977000-0x7fffffff]
[    0.228513] e820: reserve RAM buffer [mem 0x7fd10000-0x7fffffff]
[    0.228514] e820: reserve RAM buffer [mem 0x871000000-0x873ffffff]
[    0.228566] NetLabel: Initializing
[    0.228567] NetLabel:  domain hash size = 128
[    0.228567] NetLabel:  protocols = UNLABELED CIPSOv4 CALIPSO
[    0.228575] NetLabel:  unlabeled traffic allowed by default
[    0.228583] hpet0: at MMIO 0xfed00000, IRQs 2, 8, 0, 0, 0, 0, 0, 0
[    0.228583] hpet0: 8 comparators, 64-bit 24.000000 MHz counter
[    0.230454] clocksource: Switched to clocksource hpet
[    0.234329] VFS: Disk quotas dquot_6.6.0
[    0.234338] VFS: Dquot-cache hash table entries: 512 (order 0, 4096 bytes)
[    0.234394] AppArmor: AppArmor Filesystem Enabled
[    0.234408] pnp: PnP ACPI init
[    0.234483] system 00:00: [mem 0x40000000-0x403fffff] could not be reserved
[    0.234486] system 00:00: Plug and Play ACPI device, IDs PNP0c02 (active)
[    0.234647] system 00:01: [io  0x0290-0x029f] has been reserved
[    0.234649] system 00:01: Plug and Play ACPI device, IDs PNP0c02 (active)
[    0.235089] pnp 00:02: [dma 0 disabled]
[    0.235118] pnp 00:02: Plug and Play ACPI device, IDs PNP0501 (active)
[    0.235205] system 00:03: [io  0x0680-0x069f] has been reserved
[    0.235207] system 00:03: Plug and Play ACPI device, IDs PNP0c02 (active)
[    0.235303] system 00:04: [io  0x1854-0x1857] has been reserved
[    0.235305] system 00:04: Plug and Play ACPI device, IDs INT3f0d PNP0c02 (active)
[    0.235464] system 00:05: [mem 0xfed10000-0xfed17fff] has been reserved
[    0.235465] system 00:05: [mem 0xfed18000-0xfed18fff] has been reserved
[    0.235466] system 00:05: [mem 0xfed19000-0xfed19fff] has been reserved
[    0.235467] system 00:05: [mem 0xe0000000-0xefffffff] has been reserved
[    0.235468] system 00:05: [mem 0xfed20000-0xfed3ffff] has been reserved
[    0.235469] system 00:05: [mem 0xfed90000-0xfed93fff] has been reserved
[    0.235470] system 00:05: [mem 0xfed45000-0xfed8ffff] has been reserved
[    0.235471] system 00:05: [mem 0xfee00000-0xfeefffff] could not be reserved
[    0.235474] system 00:05: Plug and Play ACPI device, IDs PNP0c02 (active)
[    0.235666] system 00:06: [io  0x1800-0x18fe] could not be reserved
[    0.235667] system 00:06: [mem 0xfd000000-0xfd69ffff] has been reserved
[    0.235668] system 00:06: [mem 0xfd6c0000-0xfd6cffff] has been reserved
[    0.235669] system 00:06: [mem 0xfd6f0000-0xfdffffff] has been reserved
[    0.235670] system 00:06: [mem 0xfe000000-0xfe01ffff] could not be reserved
[    0.235671] system 00:06: [mem 0xfe200000-0xfe7fffff] has been reserved
[    0.235672] system 00:06: [mem 0xff000000-0xffffffff] has been reserved
[    0.235675] system 00:06: Plug and Play ACPI device, IDs PNP0c02 (active)
[    0.235933] system 00:07: [io  0x2000-0x20fe] has been reserved
[    0.235935] system 00:07: Plug and Play ACPI device, IDs PNP0c02 (active)
[    0.237096] system 00:08: [mem 0xfd6e0000-0xfd6effff] has been reserved
[    0.237097] system 00:08: [mem 0xfd6d0000-0xfd6dffff] has been reserved
[    0.237098] system 00:08: [mem 0xfd6b0000-0xfd6bffff] has been reserved
[    0.237099] system 00:08: [mem 0xfd6a0000-0xfd6affff] has been reserved
[    0.237102] system 00:08: Plug and Play ACPI device, IDs PNP0c02 (active)
[    0.237919] pnp: PnP ACPI: found 9 devices
[    0.247831] clocksource: acpi_pm: mask: 0xffffff max_cycles: 0xffffff, max_idle_ns: 2085701024 ns
[    0.247834] pci_bus 0000:00: max bus depth: 1 pci_try_num: 2
[    0.247864] pci 0000:00:1b.0: BAR 14: assigned [mem 0x8e500000-0x8e6fffff]
[    0.247867] pci 0000:00:1b.0: BAR 15: assigned [mem 0x8e700000-0x8e8fffff 64bit pref]
[    0.247869] pci 0000:00:1b.0: BAR 13: assigned [io  0x4000-0x4fff]
[    0.247870] pci 0000:00:01.0: PCI bridge to [bus 01]
[    0.247876] pci 0000:02:00.0: BAR 7: no space for [mem size 0x00200000 64bit pref]
[    0.247877] pci 0000:02:00.0: BAR 7: failed to assign [mem size 0x00200000 64bit pref]
[    0.247879] pci 0000:02:00.1: BAR 7: no space for [mem size 0x00200000 64bit pref]
[    0.247880] pci 0000:02:00.1: BAR 7: failed to assign [mem size 0x00200000 64bit pref]
[    0.247881] pci 0000:02:00.2: BAR 7: no space for [mem size 0x00200000 64bit pref]
[    0.247882] pci 0000:02:00.2: BAR 7: failed to assign [mem size 0x00200000 64bit pref]
[    0.247883] pci 0000:02:00.3: BAR 7: no space for [mem size 0x00200000 64bit pref]
[    0.247884] pci 0000:02:00.3: BAR 7: failed to assign [mem size 0x00200000 64bit pref]
[    0.247885] pci 0000:02:00.0: BAR 10: assigned [mem 0xa2020000-0xa209ffff 64bit pref]
[    0.247888] pci 0000:02:00.1: BAR 10: no space for [mem size 0x00080000 64bit pref]
[    0.247889] pci 0000:02:00.1: BAR 10: failed to assign [mem size 0x00080000 64bit pref]
[    0.247891] pci 0000:02:00.2: BAR 10: no space for [mem size 0x00080000 64bit pref]
[    0.247892] pci 0000:02:00.2: BAR 10: failed to assign [mem size 0x00080000 64bit pref]
[    0.247893] pci 0000:02:00.3: BAR 10: no space for [mem size 0x00080000 64bit pref]
[    0.247894] pci 0000:02:00.3: BAR 10: failed to assign [mem size 0x00080000 64bit pref]
[    0.247895] pci 0000:00:01.1: PCI bridge to [bus 02]
[    0.247897] pci 0000:00:01.1:   bridge window [mem 0x8e100000-0x8e2fffff]
[    0.247898] pci 0000:00:01.1:   bridge window [mem 0xa0000000-0xa20fffff 64bit pref]
[    0.247901] pci 0000:00:1b.0: PCI bridge to [bus 03]
[    0.247907] pci 0000:00:1b.0:   bridge window [io  0x4000-0x4fff]
[    0.247910] pci 0000:00:1b.0:   bridge window [mem 0x8e500000-0x8e6fffff]
[    0.247912] pci 0000:00:1b.0:   bridge window [mem 0x8e700000-0x8e8fffff 64bit pref]
[    0.247916] pci 0000:00:1c.0: PCI bridge to [bus 04]
[    0.247925] pci 0000:00:1d.0: PCI bridge to [bus 05]
[    0.247928] pci 0000:00:1d.0:   bridge window [mem 0x8e300000-0x8e3fffff]
[    0.247933] pci_bus 0000:00: No. 2 try to assign unassigned res
[    0.247933] release child resource [mem 0xa0000000-0xa07fffff 64bit pref]
[    0.247934] release child resource [mem 0xa0800000-0xa0ffffff 64bit pref]
[    0.247934] release child resource [mem 0xa1000000-0xa17fffff 64bit pref]
[    0.247934] release child resource [mem 0xa1800000-0xa1ffffff 64bit pref]
[    0.247935] release child resource [mem 0xa2000000-0xa2007fff 64bit pref]
[    0.247935] release child resource [mem 0xa2008000-0xa200ffff 64bit pref]
[    0.247935] release child resource [mem 0xa2010000-0xa2017fff 64bit pref]
[    0.247936] release child resource [mem 0xa2018000-0xa201ffff 64bit pref]
[    0.247936] release child resource [mem 0xa2020000-0xa209ffff 64bit pref]
[    0.247937] pci 0000:00:01.1: resource 15 [mem 0xa0000000-0xa20fffff 64bit pref] released
[    0.247938] pci 0000:00:01.1: PCI bridge to [bus 02]
[    0.247947] pci 0000:00:01.1: bridge window [mem 0x00400000-0x027fffff 64bit pref] to [bus 02] add_size 800000 add_align 400000
[    0.247970] pci 0000:00:01.1: BAR 15: assigned [mem 0xa0000000-0xa2bfffff 64bit pref]
[    0.247971] pci 0000:00:01.0: PCI bridge to [bus 01]
[    0.247978] pci 0000:02:00.0: BAR 0: assigned [mem 0xa0000000-0xa07fffff 64bit pref]
[    0.247983] pci 0000:02:00.1: BAR 0: assigned [mem 0xa0800000-0xa0ffffff 64bit pref]
[    0.247989] pci 0000:02:00.2: BAR 0: assigned [mem 0xa1000000-0xa17fffff 64bit pref]
[    0.247994] pci 0000:02:00.3: BAR 0: assigned [mem 0xa1800000-0xa1ffffff 64bit pref]
[    0.247999] pci 0000:02:00.0: BAR 7: assigned [mem 0xa2000000-0xa21fffff 64bit pref]
[    0.248050] pci 0000:02:00.1: BAR 7: assigned [mem 0xa2200000-0xa23fffff 64bit pref]
[    0.248053] pci 0000:02:00.2: BAR 7: assigned [mem 0xa2400000-0xa25fffff 64bit pref]
[    0.248055] pci 0000:02:00.3: BAR 7: assigned [mem 0xa2600000-0xa27fffff 64bit pref]
[    0.248057] pci 0000:02:00.0: BAR 3: assigned [mem 0xa2800000-0xa2807fff 64bit pref]
[    0.248063] pci 0000:02:00.1: BAR 3: assigned [mem 0xa2808000-0xa280ffff 64bit pref]
[    0.248068] pci 0000:02:00.2: BAR 3: assigned [mem 0xa2810000-0xa2817fff 64bit pref]
[    0.248073] pci 0000:02:00.3: BAR 3: assigned [mem 0xa2818000-0xa281ffff 64bit pref]
[    0.248078] pci 0000:02:00.0: BAR 10: assigned [mem 0xa2820000-0xa289ffff 64bit pref]
[    0.248081] pci 0000:02:00.1: BAR 10: assigned [mem 0xa28a0000-0xa291ffff 64bit pref]
[    0.248083] pci 0000:02:00.2: BAR 10: assigned [mem 0xa2920000-0xa299ffff 64bit pref]
[    0.248086] pci 0000:02:00.3: BAR 10: assigned [mem 0xa29a0000-0xa2a1ffff 64bit pref]
[    0.248089] pci 0000:00:01.1: PCI bridge to [bus 02]
[    0.248091] pci 0000:00:01.1:   bridge window [mem 0x8e100000-0x8e2fffff]
[    0.248092] pci 0000:00:01.1:   bridge window [mem 0xa0000000-0xa2bfffff 64bit pref]
[    0.248095] pci 0000:00:1b.0: PCI bridge to [bus 03]
[    0.248101] pci 0000:00:1b.0:   bridge window [io  0x4000-0x4fff]
[    0.248104] pci 0000:00:1b.0:   bridge window [mem 0x8e500000-0x8e6fffff]
[    0.248106] pci 0000:00:1b.0:   bridge window [mem 0x8e700000-0x8e8fffff 64bit pref]
[    0.248110] pci 0000:00:1c.0: PCI bridge to [bus 04]
[    0.248119] pci 0000:00:1d.0: PCI bridge to [bus 05]
[    0.248122] pci 0000:00:1d.0:   bridge window [mem 0x8e300000-0x8e3fffff]
[    0.248127] pci_bus 0000:00: resource 4 [io  0x0000-0x0cf7 window]
[    0.248127] pci_bus 0000:00: resource 5 [io  0x0d00-0xffff window]
[    0.248128] pci_bus 0000:00: resource 6 [mem 0x000a0000-0x000bffff window]
[    0.248129] pci_bus 0000:00: resource 7 [mem 0x8d000000-0xdfffffff window]
[    0.248130] pci_bus 0000:00: resource 8 [mem 0xfc800000-0xfe7fffff window]
[    0.248131] pci_bus 0000:02: resource 1 [mem 0x8e100000-0x8e2fffff]
[    0.248132] pci_bus 0000:02: resource 2 [mem 0xa0000000-0xa2bfffff 64bit pref]
[    0.248133] pci_bus 0000:03: resource 0 [io  0x4000-0x4fff]
[    0.248134] pci_bus 0000:03: resource 1 [mem 0x8e500000-0x8e6fffff]
[    0.248134] pci_bus 0000:03: resource 2 [mem 0x8e700000-0x8e8fffff 64bit pref]
[    0.248135] pci_bus 0000:05: resource 1 [mem 0x8e300000-0x8e3fffff]
[    0.248263] NET: Registered protocol family 2
[    0.248403] TCP established hash table entries: 262144 (order: 9, 2097152 bytes)
[    0.248689] TCP bind hash table entries: 65536 (order: 8, 1048576 bytes)
[    0.248819] TCP: Hash tables configured (established 262144 bind 65536)
[    0.248846] UDP hash table entries: 16384 (order: 7, 524288 bytes)
[    0.248921] UDP-Lite hash table entries: 16384 (order: 7, 524288 bytes)
[    0.249006] NET: Registered protocol family 1
[    0.249015] pci 0000:00:02.0: Video device with shadowed ROM at [mem 0x000c0000-0x000dffff]
[    0.249209] PCI: CLS 64 bytes, default 64
[    0.249228] Unpacking initramfs...
[    0.755313] Freeing initrd memory: 54064K
[    0.755325] PCI-DMA: Using software bounce buffering for IO (SWIOTLB)
[    0.755326] software IO TLB [mem 0x74385000-0x78385000] (64MB) mapped at [        (ptrval)-        (ptrval)]
[    0.755649] clocksource: tsc: mask: 0xffffffffffffffff max_cycles: 0x6a8d280fdb9, max_idle_ns: 881591151302 ns
[    0.755677] platform rtc_cmos: registered platform RTC device (no PNP device found)
[    0.755969] Scanning for low memory corruption every 60 seconds
[    0.756587] Initialise system trusted keyrings
[    0.756593] Key type blacklist registered
[    0.756711] workingset: timestamp_bits=36 max_order=23 bucket_order=0
[    0.757351] zbud: loaded
[    0.757765] squashfs: version 4.0 (2009/01/31) Phillip Lougher
[    0.757948] fuse init (API version 7.26)
[    0.762759] Key type asymmetric registered
[    0.762760] Asymmetric key parser 'x509' registered
[    0.762775] Block layer SCSI generic (bsg) driver version 0.4 loaded (major 246)
[    0.762857] io scheduler noop registered
[    0.762857] io scheduler deadline registered
[    0.762872] io scheduler cfq registered (default)
[    0.763668] pcieport 0000:00:1d.0: AER enabled with IRQ 120
[    0.763680] dpc 0000:00:1d.0:pcie010: DPC error containment capabilities: Int Msg #0, RPExt+ PoisonedTLP+ SwTrigger+ RP PIO Log 4, DL_ActiveErr+
[    0.763714] efifb: probing for efifb
[    0.763722] efifb: framebuffer at 0x90000000, using 3072k, total 3072k
[    0.763723] efifb: mode is 1024x768x32, linelength=4096, pages=1
[    0.763723] efifb: scrolling: redraw
[    0.763724] efifb: Truecolor: size=8:8:8:8, shift=24:16:8:0
[    0.763794] Console: switching to colour frame buffer device 128x48
[    0.763803] fb0: EFI VGA frame buffer device
[    0.763807] intel_idle: MWAIT substates: 0x11142120
[    0.763808] intel_idle: v0.4.1 model 0x9E
[    0.764253] intel_idle: lapic_timer_reliable_states 0xffffffff
[    0.764342] input: Sleep Button as /devices/LNXSYSTM:00/LNXSYBUS:00/PNP0C0E:00/input/input0
[    0.764355] ACPI: Sleep Button [SLPB]
[    0.764374] input: Power Button as /devices/LNXSYSTM:00/LNXSYBUS:00/PNP0C0C:00/input/input1
[    0.764386] ACPI: Power Button [PWRB]
[    0.764405] input: Power Button as /devices/LNXSYSTM:00/LNXPWRBN:00/input/input2
[    0.764522] ACPI: Power Button [PWRF]
[    0.825317] (NULL device *): hwmon_device_register() is deprecated. Please convert the driver to use hwmon_device_register_with_info().
[    0.884313] thermal LNXTHERM:00: registered as thermal_zone0
[    0.884314] ACPI: Thermal Zone [TZ00] (28 C)
[    0.884523] Serial: 8250/16550 driver, 32 ports, IRQ sharing enabled
[    0.905662] 00:02: ttyS0 at I/O 0x3f8 (irq = 4, base_baud = 115200) is a 16550A
[    0.909418] Linux agpgart interface v0.103
[    0.911406] loop: module loaded
[    0.911495] libphy: Fixed MDIO Bus: probed
[    0.911496] tun: Universal TUN/TAP device driver, 1.6
[    0.911559] PPP generic driver version 2.4.2
[    0.911633] ehci_hcd: USB 2.0 'Enhanced' Host Controller (EHCI) Driver
[    0.911634] ehci-pci: EHCI PCI platform driver
[    0.911639] ehci-platform: EHCI generic platform driver
[    0.911644] ohci_hcd: USB 1.1 'Open' Host Controller (OHCI) Driver
[    0.911645] ohci-pci: OHCI PCI platform driver
[    0.911650] ohci-platform: OHCI generic platform driver
[    0.911653] uhci_hcd: USB Universal Host Controller Interface driver
[    0.911750] xhci_hcd 0000:00:14.0: xHCI Host Controller
[    0.911753] xhci_hcd 0000:00:14.0: new USB bus registered, assigned bus number 1
[    0.912895] xhci_hcd 0000:00:14.0: hcc params 0x200077c1 hci version 0x110 quirks 0x0000000000009810
[    0.912899] xhci_hcd 0000:00:14.0: cache line size of 64 is not supported
[    0.913010] usb usb1: New USB device found, idVendor=1d6b, idProduct=0002
[    0.913011] usb usb1: New USB device strings: Mfr=3, Product=2, SerialNumber=1
[    0.913012] usb usb1: Product: xHCI Host Controller
[    0.913013] usb usb1: Manufacturer: Linux 4.15.0-55-generic xhci-hcd
[    0.913014] usb usb1: SerialNumber: 0000:00:14.0
[    0.913151] hub 1-0:1.0: USB hub found
[    0.913164] hub 1-0:1.0: 16 ports detected
[    0.914398] xhci_hcd 0000:00:14.0: xHCI Host Controller
[    0.914400] xhci_hcd 0000:00:14.0: new USB bus registered, assigned bus number 2
[    0.914402] xhci_hcd 0000:00:14.0: Host supports USB 3.1 Enhanced SuperSpeed
[    0.914422] usb usb2: New USB device found, idVendor=1d6b, idProduct=0003
[    0.914423] usb usb2: New USB device strings: Mfr=3, Product=2, SerialNumber=1
[    0.914424] usb usb2: Product: xHCI Host Controller
[    0.914425] usb usb2: Manufacturer: Linux 4.15.0-55-generic xhci-hcd
[    0.914426] usb usb2: SerialNumber: 0000:00:14.0
[    0.914557] hub 2-0:1.0: USB hub found
[    0.914567] hub 2-0:1.0: 10 ports detected
[    0.915407] i8042: PNP: No PS/2 controller found.
[    0.915592] mousedev: PS/2 mouse device common for all mice
[    0.915961] rtc_cmos rtc_cmos: RTC can wake from S4
[    0.916587] rtc_cmos rtc_cmos: rtc core: registered rtc_cmos as rtc0
[    0.916683] rtc_cmos rtc_cmos: alarms up to one month, y3k, 114 bytes nvram, hpet irqs
[    0.916686] i2c /dev entries driver
[    0.916710] device-mapper: uevent: version 1.0.3
[    0.916827] device-mapper: ioctl: 4.37.0-ioctl (2017-09-20) initialised: dm-devel@redhat.com
[    0.916829] intel_pstate: Intel P-state driver initializing
[    0.918389] intel_pstate: HWP enabled
[    0.918828] ledtrig-cpu: registered to indicate activity on CPUs
[    0.918829] EFI Variables Facility v0.08 2004-May-17
[    0.948785] intel_pmc_core:  initialized
[    0.948921] NET: Registered protocol family 10
[    0.952627] Segment Routing with IPv6
[    0.952636] NET: Registered protocol family 17
[    0.952838] Key type dns_resolver registered
[    0.953612] RAS: Correctable Errors collector initialized.
[    0.953673] microcode: sig=0x906ea, pf=0x2, revision=0xb4
[    0.953988] microcode: Microcode Update Driver: v2.2.
[    0.953992] sched_clock: Marking stable (953975405, 0)->(945001694, 8973711)
[    0.954645] registered taskstats version 1
[    0.954651] Loading compiled-in X.509 certificates
[    0.956381] Loaded X.509 cert 'Build time autogenerated kernel key: e7667cc27bc30ba13155414766d1ea2a3e33b877'
[    0.958849] Loaded UEFI:db cert 'ASUSTeK MotherBoard SW Key Certificate: da83b990422ebc8c441f8d8b039a65a2' linked to secondary sys keyring
[    0.958957] Loaded UEFI:db cert 'ASUSTeK Notebook SW Key Certificate: b8e581e4df77a5bb4282d5ccfc00c071' linked to secondary sys keyring
[    0.958969] Loaded UEFI:db cert 'Microsoft Corporation UEFI CA 2011: 13adbf4309bd82709c8cd54f316ed522988a1bd4' linked to secondary sys keyring
[    0.958979] Loaded UEFI:db cert 'Microsoft Windows Production PCA 2011: a92902398e16c49778cd90f99e4f9ae17c55af53' linked to secondary sys keyring
[    0.959088] Loaded UEFI:db cert 'Canonical Ltd. Master Certificate Authority: ad91990bc22ab1f517048c23b6655a268e345a63' linked to secondary sys keyring
[    0.959344] Couldn't get size: 0x800000000000000e
[    0.959346] MODSIGN: Couldn't get UEFI MokListRT
[    0.959972] zswap: loaded using pool lzo/zbud
[    0.963002] Key type big_key registered
[    0.963004] Key type trusted registered
[    0.964270] Key type encrypted registered
[    0.964272] AppArmor: AppArmor sha1 policy hashing enabled
[    0.964273] ima: No TPM chip found, activating TPM-bypass! (rc=-19)
[    0.964276] ima: Allocated hash algorithm: sha1
[    0.964283] evm: HMAC attrs: 0x1
[    0.965566]   Magic number: 11:127:88
[    0.965603] acpi INT3F0D:00: hash matches
[    0.965611] memory memory241: hash matches
[    0.965860] rtc_cmos rtc_cmos: setting system clock to 2019-07-24 17:03:40 UTC (1563987820)
[    0.966012] BIOS EDD facility v0.16 2004-Jun-25, 0 devices found
[    0.966013] EDD information not available.
[    1.220113] Freeing unused kernel image memory: 2408K
[    1.244181] Write protecting the kernel read-only data: 20480k
[    1.245273] Freeing unused kernel image memory: 2008K
[    1.245494] Freeing unused kernel image memory: 1860K
[    1.248075] usb 1-1: new full-speed USB device number 2 using xhci_hcd
[    1.249929] x86/mm: Checked W+X mappings: passed, no W+X pages found.
[    1.249929] x86/mm: Checking user space page tables
[    1.253965] x86/mm: Checked W+X mappings: passed, no W+X pages found.
[    1.260974] random: systemd-udevd: uninitialized urandom read (16 bytes read)
[    1.261018] random: systemd-udevd: uninitialized urandom read (16 bytes read)
[    1.261024] random: systemd-udevd: uninitialized urandom read (16 bytes read)
[    1.311746] acpi PNP0C14:02: duplicate WMI GUID 05901221-D566-11D1-B2F0-00A0C9062910 (first instance was on PNP0C14:01)
[    1.311779] acpi PNP0C14:03: duplicate WMI GUID 05901221-D566-11D1-B2F0-00A0C9062910 (first instance was on PNP0C14:01)
[    1.311833] acpi PNP0C14:04: duplicate WMI GUID 05901221-D566-11D1-B2F0-00A0C9062910 (first instance was on PNP0C14:01)
[    1.407124] usb 1-1: New USB device found, idVendor=046d, idProduct=c246
[    1.407125] usb 1-1: New USB device strings: Mfr=1, Product=2, SerialNumber=0
[    1.407126] usb 1-1: Product: Gaming Mouse G300
[    1.407127] usb 1-1: Manufacturer: Logitech
[    1.424699] pps_core: LinuxPPS API ver. 1 registered
[    1.424699] pps_core: Software ver. 5.3.6 - Copyright 2005-2007 Rodolfo Giometti <giometti@linux.it>
[    1.425370] PTP clock support registered
[    1.426450] ahci 0000:00:17.0: version 3.0
[    1.426665] ahci 0000:00:17.0: AHCI 0001.0301 32 slots 6 ports 6 Gbps 0x3f impl SATA mode
[    1.426666] ahci 0000:00:17.0: flags: 64bit ncq sntf led clo only pio slum part ems deso sadm sds apst 
[    1.428143] i40e: Intel(R) Ethernet Connection XL710 Network Driver - version 2.1.14-k
[    1.428143] i40e: Copyright (c) 2013 - 2014 Intel Corporation.
[    1.428488] e1000e: Intel(R) PRO/1000 Network Driver - 3.2.6-k
[    1.428489] e1000e: Copyright(c) 1999 - 2015 Intel Corporation.
[    1.430600] nvme nvme0: pci function 0000:05:00.0
[    1.442359] i40e 0000:02:00.0: fw 6.0.48442 api 1.7 nvm 6.01 0x80003484 1.1747.0
[    1.536096] usb 1-5: new low-speed USB device number 3 using xhci_hcd
[    1.672471]  nvme0n1: p1 p2 p3
[    1.681896] i40e 0000:02:00.0: MAC address: 3c:fd:fe:b0:ad:90
[    1.694232] usb 1-5: New USB device found, idVendor=046a, idProduct=0011
[    1.694233] usb 1-5: New USB device strings: Mfr=0, Product=0, SerialNumber=0
[    1.697500] hidraw: raw HID events driver (C) Jiri Kosina
[    1.702280] i40e 0000:02:00.0: PCI-Express: Speed 8.0GT/s Width x8
[    1.709577] usbcore: registered new interface driver usbhid
[    1.709577] usbhid: USB HID core driver
[    1.710738] input: Logitech Gaming Mouse G300 as /devices/pci0000:00/0000:00:14.0/usb1/1-1/1-1:1.0/0003:046D:C246.0001/input/input3
[    1.710954] i40e 0000:02:00.0: Features: PF-id[0] VFs: 32 VSIs: 34 QP: 6 RSS FD_ATR FD_SB NTUPLE DCB VxLAN Geneve PTP VEPA
[    1.711066] hid-generic 0003:046D:C246.0001: input,hidraw0: USB HID v1.10 Mouse [Logitech Gaming Mouse G300] on usb-0000:00:14.0-1/input0
[    1.711181] input: Logitech Gaming Mouse G300 as /devices/pci0000:00/0000:00:14.0/usb1/1-1/1-1:1.1/0003:046D:C246.0002/input/input4
[    1.752835] scsi host0: ahci
[    1.753199] scsi host1: ahci
[    1.753462] scsi host2: ahci
[    1.753718] scsi host3: ahci
[    1.754802] scsi host4: ahci
[    1.755053] scsi host5: ahci
[    1.755076] ata1: SATA max UDMA/133 abar m2048@0x8e439000 port 0x8e439100 irq 122
[    1.755087] ata2: SATA max UDMA/133 abar m2048@0x8e439000 port 0x8e439180 irq 122
[    1.755098] ata3: SATA max UDMA/133 abar m2048@0x8e439000 port 0x8e439200 irq 122
[    1.755109] ata4: SATA max UDMA/133 abar m2048@0x8e439000 port 0x8e439280 irq 122
[    1.755111] ata5: SATA max UDMA/133 abar m2048@0x8e439000 port 0x8e439300 irq 122
[    1.755112] ata6: SATA max UDMA/133 abar m2048@0x8e439000 port 0x8e439380 irq 122
[    1.755575] e1000e 0000:00:1f.6: Interrupt Throttling Rate (ints/sec) set to dynamic conservative mode
[    1.758239] i40e 0000:02:00.1: fw 6.0.48442 api 1.7 nvm 6.01 0x80003484 1.1747.0
[    1.989814] clocksource: Switched to clocksource tsc
[    1.990046] hid-generic 0003:046D:C246.0002: input,hiddev0,hidraw1: USB HID v1.10 Keyboard [Logitech Gaming Mouse G300] on usb-0000:00:14.0-1/input1
[    1.990110] input: HID 046a:0011 as /devices/pci0000:00/0000:00:14.0/usb1/1-5/1-5:1.0/0003:046A:0011.0003/input/input5
[    1.990469] i40e 0000:02:00.1: MAC address: 3c:fd:fe:b0:ad:91
[    1.994814] i40e 0000:02:00.1: PCI-Express: Speed 8.0GT/s Width x8
[    1.995233] i40e 0000:02:00.1: Features: PF-id[1] VFs: 32 VSIs: 34 QP: 6 RSS FD_ATR FD_SB NTUPLE DCB VxLAN Geneve PTP VEPA
[    2.006633] i40e 0000:02:00.2: fw 6.0.48442 api 1.7 nvm 6.01 0x80003484 1.1747.0
[    2.048205] hid-generic 0003:046A:0011.0003: input,hidraw2: USB HID v1.11 Keyboard [HID 046a:0011] on usb-0000:00:14.0-5/input0
[    2.092161] ata2: SATA link down (SStatus 4 SControl 300)
[    2.092183] ata5: SATA link down (SStatus 4 SControl 300)
[    2.092221] ata1: SATA link down (SStatus 4 SControl 300)
[    2.092282] ata4: SATA link down (SStatus 4 SControl 300)
[    2.092301] ata3: SATA link down (SStatus 4 SControl 300)
[    2.092318] ata6: SATA link down (SStatus 4 SControl 300)
[    2.187195] e1000e 0000:00:1f.6 0000:00:1f.6 (uninitialized): registered PHC clock
[    2.238608] i40e 0000:02:00.2: MAC address: 3c:fd:fe:b0:ad:92
[    2.243024] i40e 0000:02:00.2: PCI-Express: Speed 8.0GT/s Width x8
[    2.243437] i40e 0000:02:00.2: Features: PF-id[2] VFs: 32 VSIs: 34 QP: 6 RSS FD_ATR FD_SB NTUPLE DCB VxLAN Geneve PTP VEPA
[    2.254038] i40e 0000:02:00.3: fw 6.0.48442 api 1.7 nvm 6.01 0x80003484 1.1747.0
[    2.255136] e1000e 0000:00:1f.6 eth3: (PCI Express:2.5GT/s:Width x1) 04:d4:c4:8d:cc:12
[    2.255137] e1000e 0000:00:1f.6 eth3: Intel(R) PRO/1000 Network Connection
[    2.255198] e1000e 0000:00:1f.6 eth3: MAC: 13, PHY: 12, PBA No: FFFFFF-0FF
[    2.255887] e1000e 0000:00:1f.6 eno1: renamed from eth3
[    2.258033] [drm] Memory usable by graphics device = 4096M
[    2.258034] checking generic (90000000 300000) vs hw (90000000 10000000)
[    2.258035] fb: switching to inteldrmfb from EFI VGA
[    2.258046] Console: switching to colour dummy device 80x25
[    2.258158] [drm] Replacing VGA console driver
[    2.264124] [drm] Supports vblank timestamp caching Rev 2 (21.10.2013).
[    2.264125] [drm] Driver supports precise vblank timestamp query.
[    2.264159] [drm:intel_bios_init [i915]] *ERROR* Unexpected child device config size 39 (expected 38 for VBT version 221)
[    2.266300] i915 0000:00:02.0: vgaarb: changed VGA decodes: olddecodes=io+mem,decodes=io+mem:owns=io+mem
[    2.266628] [drm] Finished loading DMC firmware i915/kbl_dmc_ver1_01.bin (v1.1)
[    2.487266] i40e 0000:02:00.3: MAC address: 3c:fd:fe:b0:ad:93
[    2.506633] i40e 0000:02:00.3: PCI-Express: Speed 8.0GT/s Width x8
[    2.507046] i40e 0000:02:00.3: Features: PF-id[3] VFs: 32 VSIs: 34 QP: 6 RSS FD_ATR FD_SB NTUPLE DCB VxLAN Geneve PTP VEPA
[    2.507406] i40e 0000:02:00.0 enp2s0f0: renamed from eth0
[    2.528106] i40e 0000:02:00.2 enp2s0f2: renamed from eth2
[    2.540088] [drm] failed to retrieve link info, disabling eDP
[    2.541928] [drm] Initialized i915 1.6.0 20171023 for 0000:00:02.0 on minor 0
[    2.543174] ACPI: Video Device [GFX0] (multi-head: yes  rom: no  post: no)
[    2.543362] input: Video Bus as /devices/LNXSYSTM:00/LNXSYBUS:00/PNP0A08:00/LNXVIDEO:00/input/input6
[    2.548147] i40e 0000:02:00.1 enp2s0f1: renamed from eth1
[    2.572236] i40e 0000:02:00.3 enp2s0f3: renamed from eth3
[    2.614461] random: fast init done
[    2.663762] fbcon: inteldrmfb (fb0) is primary device
[    2.663791] Console: switching to colour frame buffer device 240x67
[    2.663805] i915 0000:00:02.0: fb0: inteldrmfb frame buffer device
[    2.848870] EXT4-fs (nvme0n1p2): mounted filesystem with ordered data mode. Opts: (null)
[    2.968200] systemd[1]: systemd 229 running in system mode. (+PAM +AUDIT +SELINUX +IMA +APPARMOR +SMACK +SYSVINIT +UTMP +LIBCRYPTSETUP +GCRYPT +GNUTLS +ACL +XZ -LZ4 +SECCOMP +BLKID +ELFUTILS +KMOD -IDN)
[    2.988174] systemd[1]: Detected architecture x86-64.
[    2.988281] systemd[1]: Set hostname to <yangz-SGX>.
[    3.022751] systemd[1]: Listening on udev Kernel Socket.
[    3.022795] systemd[1]: Listening on /dev/initctl Compatibility Named Pipe.
[    3.022811] systemd[1]: Listening on Syslog Socket.
[    3.022856] systemd[1]: Created slice System Slice.
[    3.022893] systemd[1]: Created slice system-systemd\x2dfsck.slice.
[    3.022926] systemd[1]: Listening on Journal Audit Socket.
[    3.022939] systemd[1]: Listening on fsck to fsckd communication Socket.
[    3.033266] lp: driver loaded but no devices found
[    3.035937] ppdev: user-space parallel port driver
[    3.070307] EXT4-fs (nvme0n1p2): re-mounted. Opts: errors=remount-ro
[    3.074641] systemd-journald[278]: Received request to flush runtime journal from PID 1
[    3.117142] PKCS#7 signature not signed with a trusted key
[    3.117147] isgx: loading out-of-tree module taints kernel.
[    3.117165] isgx: module verification failed: signature and/or required key missing - tainting kernel
[    3.117397] intel_sgx: Intel SGX Driver v0.10
[    3.117410] intel_sgx: Number of EPCs 1
[    3.117410] intel_sgx: EPC memory range 0x80200000-0x85f80000
[    3.160664] shpchp: Standard Hot Plug PCI Controller Driver version: 0.4
[    3.161958] mei_me 0000:00:16.0: enabling device (0000 -> 0002)
[    3.163281] asus_wmi: ASUS WMI generic driver loaded
[    3.164763] asus_wmi: Initialization: 0x0
[    3.164787] asus_wmi: BIOS WMI version: 0.9
[    3.164883] asus_wmi: SFUN value: 0x0
[    3.166111] RAPL PMU: API unit is 2^-32 Joules, 5 fixed counters, 655360 ms ovfl timer
[    3.166111] RAPL PMU: hw unit of domain pp0-core 2^-14 Joules
[    3.166112] RAPL PMU: hw unit of domain package 2^-14 Joules
[    3.166112] RAPL PMU: hw unit of domain dram 2^-14 Joules
[    3.166112] RAPL PMU: hw unit of domain pp1-gpu 2^-14 Joules
[    3.166113] RAPL PMU: hw unit of domain psys 2^-14 Joules
[    3.166172] input: Eee PC WMI hotkeys as /devices/platform/eeepc-wmi/input/input7
[    3.166320] asus_wmi: Number of fans: 1
[    3.169501] random: crng init done
[    3.169502] random: 7 urandom warning(s) missed due to ratelimiting
[    3.175220] AVX2 version of gcm_enc/dec engaged.
[    3.175220] AES CTR mode by8 optimization enabled
[    3.201705] snd_hda_intel 0000:00:1f.3: enabling device (0000 -> 0002)
[    3.204327] snd_hda_intel 0000:00:1f.3: bound 0000:00:02.0 (ops i915_audio_component_bind_ops [i915])
[    3.226294] kvm: disabled by bios
[    3.247242] snd_hda_codec_realtek hdaudioC0D0: autoconfig for ALC1220: line_outs=3 (0x14/0x15/0x16/0x0/0x0) type:line
[    3.247244] snd_hda_codec_realtek hdaudioC0D0:    speaker_outs=0 (0x0/0x0/0x0/0x0/0x0)
[    3.247245] snd_hda_codec_realtek hdaudioC0D0:    hp_outs=1 (0x1b/0x0/0x0/0x0/0x0)
[    3.247245] snd_hda_codec_realtek hdaudioC0D0:    mono: mono_out=0x0
[    3.247246] snd_hda_codec_realtek hdaudioC0D0:    dig-out=0x1e/0x0
[    3.247247] snd_hda_codec_realtek hdaudioC0D0:    inputs:
[    3.247248] snd_hda_codec_realtek hdaudioC0D0:      Front Mic=0x19
[    3.247248] snd_hda_codec_realtek hdaudioC0D0:      Rear Mic=0x18
[    3.247249] snd_hda_codec_realtek hdaudioC0D0:      Line=0x1a
[    3.247266] intel_rapl: Found RAPL domain package
[    3.247267] intel_rapl: Found RAPL domain core
[    3.247267] intel_rapl: Found RAPL domain uncore
[    3.247268] intel_rapl: Found RAPL domain dram
[    3.290493] input: HDA Intel PCH Front Mic as /devices/pci0000:00/0000:00:1f.3/sound/card0/input8
[    3.290557] input: HDA Intel PCH Rear Mic as /devices/pci0000:00/0000:00:1f.3/sound/card0/input9
[    3.290621] input: HDA Intel PCH Line as /devices/pci0000:00/0000:00:1f.3/sound/card0/input10
[    3.290724] input: HDA Intel PCH Line Out Front as /devices/pci0000:00/0000:00:1f.3/sound/card0/input11
[    3.290746] input: HDA Intel PCH Line Out Surround as /devices/pci0000:00/0000:00:1f.3/sound/card0/input12
[    3.290771] input: HDA Intel PCH Line Out CLFE as /devices/pci0000:00/0000:00:1f.3/sound/card0/input13
[    3.290794] input: HDA Intel PCH Front Headphone as /devices/pci0000:00/0000:00:1f.3/sound/card0/input14
[    3.290817] input: HDA Intel PCH HDMI/DP,pcm=3 as /devices/pci0000:00/0000:00:1f.3/sound/card0/input15
[    3.290898] input: HDA Intel PCH HDMI/DP,pcm=7 as /devices/pci0000:00/0000:00:1f.3/sound/card0/input16
[    3.290923] input: HDA Intel PCH HDMI/DP,pcm=8 as /devices/pci0000:00/0000:00:1f.3/sound/card0/input17
[    3.290944] input: HDA Intel PCH HDMI/DP,pcm=9 as /devices/pci0000:00/0000:00:1f.3/sound/card0/input18
[    3.290965] input: HDA Intel PCH HDMI/DP,pcm=10 as /devices/pci0000:00/0000:00:1f.3/sound/card0/input19
[    3.294593] Adding 999420k swap on /dev/nvme0n1p3.  Priority:-2 extents:1 across:999420k SSFS
[    3.359394] audit: type=1400 audit(1563987822.888:2): apparmor="STATUS" operation="profile_load" profile="unconfined" name="/usr/sbin/cups-browsed" pid=723 comm="apparmor_parser"
[    3.359649] audit: type=1400 audit(1563987822.888:3): apparmor="STATUS" operation="profile_load" profile="unconfined" name="/usr/lib/snapd/snap-confine" pid=722 comm="apparmor_parser"
[    3.359650] audit: type=1400 audit(1563987822.888:4): apparmor="STATUS" operation="profile_load" profile="unconfined" name="/usr/lib/snapd/snap-confine//mount-namespace-capture-helper" pid=722 comm="apparmor_parser"
[    3.360164] audit: type=1400 audit(1563987822.892:5): apparmor="STATUS" operation="profile_load" profile="unconfined" name="/usr/lib/lightdm/lightdm-guest-session" pid=717 comm="apparmor_parser"
[    3.360165] audit: type=1400 audit(1563987822.892:6): apparmor="STATUS" operation="profile_load" profile="unconfined" name="/usr/lib/lightdm/lightdm-guest-session//chromium" pid=717 comm="apparmor_parser"
[    3.360353] audit: type=1400 audit(1563987822.892:7): apparmor="STATUS" operation="profile_load" profile="unconfined" name="/usr/sbin/ippusbxd" pid=725 comm="apparmor_parser"
[    3.361204] audit: type=1400 audit(1563987822.892:8): apparmor="STATUS" operation="profile_load" profile="unconfined" name="/usr/sbin/tcpdump" pid=727 comm="apparmor_parser"
[    3.361283] audit: type=1400 audit(1563987822.892:9): apparmor="STATUS" operation="profile_load" profile="unconfined" name="/usr/lib/cups/backend/cups-pdf" pid=724 comm="apparmor_parser"
[    3.361284] audit: type=1400 audit(1563987822.892:10): apparmor="STATUS" operation="profile_load" profile="unconfined" name="/usr/sbin/cupsd" pid=724 comm="apparmor_parser"
[    3.459460] IPv6: ADDRCONF(NETDEV_UP): eno1: link is not ready
[    3.648263] IPv6: ADDRCONF(NETDEV_UP): eno1: link is not ready
[    3.650012] IPv6: ADDRCONF(NETDEV_UP): enp2s0f2: link is not ready
[    3.654449] IPv6: ADDRCONF(NETDEV_UP): enp2s0f2: link is not ready
[    3.656260] IPv6: ADDRCONF(NETDEV_UP): enp2s0f1: link is not ready
[    3.659838] IPv6: ADDRCONF(NETDEV_UP): enp2s0f1: link is not ready
[    3.661653] IPv6: ADDRCONF(NETDEV_UP): enp2s0f0: link is not ready
[    3.663078] IPv6: ADDRCONF(NETDEV_UP): enp2s0f0: link is not ready
[    3.665396] IPv6: ADDRCONF(NETDEV_UP): enp2s0f3: link is not ready
[    3.666619] IPv6: ADDRCONF(NETDEV_UP): enp2s0f3: link is not ready
[    3.706434] [drm] RC6 on
[    6.486466] e1000e: eno1 NIC Link is Up 1000 Mbps Full Duplex, Flow Control: None
[    6.486528] IPv6: ADDRCONF(NETDEV_CHANGE): eno1: link becomes ready
[  802.141407] igb_uio: Use MSIX interrupt by default
[  802.231584] i40e 0000:02:00.0: i40e_ptp_stop: removed PHC on enp2s0f0
[  802.489949] igb_uio 0000:02:00.0: uio device registered with irq 81
[  802.489957] igb_uio 0000:02:00.0: mapping 1K dma=0x83f9ae000 host=0000000047ad3e77
[  802.489963] igb_uio 0000:02:00.0: unmapping 1K dma=0x83f9ae000 host=0000000047ad3e77
[ 2468.250585] usb 1-5: USB disconnect, device number 3
[ 4231.569431] show_signal_msg: 12 callbacks suppressed
[ 4231.569436] acl-fw[26928]: segfault at 7fadf1c2ff70 ip 00007f5181512fe0 sp 00007fff123aa1e0 error 6 in libzcsi.so[7f5181225000+40b000]
[ 4246.357979] acl-fw[27124]: segfault at 7f8393a2ff70 ip 00007ff328ed5fe0 sp 00007ffe2b3c72a0 error 6 in libzcsi.so[7ff328be8000+40b000]
[ 4321.478843] dpi[28044]: segfault at 7f534222ff70 ip 00007efdecf36fe0 sp 00007ffd01445540 error 6 in libzcsi.so[7efdecc49000+40b000]
[ 4459.577390] acl-fw[29756]: segfault at 7f10afe2ff70 ip 00007f351d59dfe0 sp 00007ffd62a8f2a0 error 6 in libzcsi.so[7f351d2b0000+40b000]
[ 4481.147971] acl-fw[30021]: segfault at 7f3ba4a2ff70 ip 00007f198661ffe0 sp 00007ffd9c768fc0 error 6 in libzcsi.so[7f1986332000+40b000]
[ 5779.985068] NMI watchdog: Watchdog detected hard LOCKUP on cpu 2
[ 5779.985068] Modules linked in: igb_uio(OE) binfmt_misc nls_iso8859_1 snd_hda_codec_hdmi intel_rapl snd_hda_codec_realtek x86_pkg_temp_thermal snd_hda_codec_generic intel_powerclamp coretemp kvm irqbypass crct10dif_pclmul snd_hda_intel snd_hda_codec crc32_pclmul snd_hda_core ghash_clmulni_intel snd_hwdep pcbc snd_pcm snd_seq_midi snd_seq_midi_event snd_rawmidi snd_seq snd_seq_device snd_timer aesni_intel snd aes_x86_64 crypto_simd input_leds glue_helper cryptd joydev intel_cstate intel_rapl_perf eeepc_wmi asus_wmi mei_me sparse_keymap wmi_bmof soundcore shpchp mei mac_hid isgx(OE) acpi_pad uio_pci_generic uio parport_pc ppdev lp parport autofs4 hid_generic usbhid hid i915 i2c_algo_bit drm_kms_helper nvme syscopyarea mxm_wmi sysfillrect sysimgblt e1000e i40e fb_sys_fops ahci ptp nvme_core drm libahci
[ 5779.985086]  pps_core wmi video
[ 5779.985088] CPU: 2 PID: 20833 Comm: sgx-runner Tainted: G           OE    4.15.0-55-generic #60~16.04.2-Ubuntu
[ 5779.985088] Hardware name: System manufacturer System Product Name/ROG STRIX Z390-H GAMING, BIOS 2417 06/03/2019
[ 5779.985090] RIP: 0033:0x55ba7daae252
[ 5779.985091] RSP: 002b:00007f8b7ddea1c0 EFLAGS: 00003002
[ 5779.985091] RAX: 0000000000000003 RBX: 00007f8b65524000 RCX: 000055ba7daae252
[ 5779.985092] RDX: 0000000000000000 RSI: 0000000000000000 RDI: 0000000000000000
[ 5779.985092] RBP: 0000000000000004 R08: 0000000000000000 R09: 0000000000000000
[ 5779.985092] R10: 0000000000000000 R11: 0000000000000000 R12: 0000000000000000
[ 5779.985093] R13: 0000000000000000 R14: 0000000000000000 R15: 0000000000000000
[ 5779.985093] FS:  00007f8b7ddfe700(0000) GS:ffff929c30c80000(0000) knlGS:0000000000000000
[ 5779.985094] CS:  0010 DS: 0000 ES: 0000 CR0: 0000000080050033
[ 5779.985094] CR2: 00007f8b600c8000 CR3: 000000078c50a001 CR4: 00000000003606e0
[ 5779.985095] DR0: 0000000000000000 DR1: 0000000000000000 DR2: 0000000000000000
[ 5779.985095] DR3: 0000000000000000 DR6: 00000000fffe0ff0 DR7: 0000000000000400
[ 5783.119835] [drm:i915_gem_idle_work_handler [i915]] *ERROR* Timeout waiting for engines to idle
[ 5820.236936] watchdog: BUG: soft lockup - CPU#0 stuck for 22s! [ksgxswapd:369]
[ 5820.236939] Modules linked in: igb_uio(OE) binfmt_misc nls_iso8859_1 snd_hda_codec_hdmi intel_rapl snd_hda_codec_realtek x86_pkg_temp_thermal snd_hda_codec_generic intel_powerclamp coretemp kvm irqbypass crct10dif_pclmul snd_hda_intel snd_hda_codec crc32_pclmul snd_hda_core ghash_clmulni_intel snd_hwdep pcbc snd_pcm snd_seq_midi snd_seq_midi_event snd_rawmidi snd_seq snd_seq_device snd_timer aesni_intel snd aes_x86_64 crypto_simd input_leds glue_helper cryptd joydev intel_cstate intel_rapl_perf eeepc_wmi asus_wmi mei_me sparse_keymap wmi_bmof soundcore shpchp mei mac_hid isgx(OE) acpi_pad uio_pci_generic uio parport_pc ppdev lp parport autofs4 hid_generic usbhid hid i915 i2c_algo_bit drm_kms_helper nvme syscopyarea mxm_wmi sysfillrect sysimgblt e1000e i40e fb_sys_fops ahci ptp nvme_core drm libahci
[ 5820.236984]  pps_core wmi video
[ 5820.236987] CPU: 0 PID: 369 Comm: ksgxswapd Tainted: G           OE    4.15.0-55-generic #60~16.04.2-Ubuntu
[ 5820.236987] Hardware name: System manufacturer System Product Name/ROG STRIX Z390-H GAMING, BIOS 2417 06/03/2019
[ 5820.236990] RIP: 0010:smp_call_function_many+0x1fe/0x260
[ 5820.236990] RSP: 0018:ffffbac143aa3c78 EFLAGS: 00000202 ORIG_RAX: ffffffffffffff11
[ 5820.236991] RAX: 0000000000000002 RBX: ffff929c30c23880 RCX: ffff929c30ca7e40
[ 5820.236992] RDX: 0000000000000001 RSI: 0000000000000006 RDI: ffff929c10421580
[ 5820.236992] RBP: ffffbac143aa3cb0 R08: 0000000000000000 R09: 0000000000000006
[ 5820.236993] R10: ffffe647a12beb40 R11: ffff929c10421580 R12: ffffffff8367d690
[ 5820.236993] R13: ffffbac143aa3cf0 R14: 0000000000000001 R15: 0000000000000006
[ 5820.236994] FS:  0000000000000000(0000) GS:ffff929c30c00000(0000) knlGS:0000000000000000
[ 5820.236995] CS:  0010 DS: 0000 ES: 0000 CR0: 0000000080050033
[ 5820.236995] CR2: 00005619e9a3ccb0 CR3: 00000003cde0a001 CR4: 00000000003606f0
[ 5820.236996] DR0: 0000000000000000 DR1: 0000000000000000 DR2: 0000000000000000
[ 5820.236996] DR3: 0000000000000000 DR6: 00000000fffe0ff0 DR7: 0000000000000400
[ 5820.236996] Call Trace:
[ 5820.236999]  native_flush_tlb_others+0x3c/0xf0
[ 5820.237000]  flush_tlb_mm_range+0xae/0x110
[ 5820.237002]  tlb_flush_mmu_tlbonly+0x64/0xc0
[ 5820.237016]  arch_tlb_finish_mmu+0x3f/0x80
[ 5820.237017]  tlb_finish_mmu+0x23/0x30
[ 5820.237018]  zap_page_range_single+0xd3/0x120
[ 5820.237020]  ? sgx_get_unmapped_area+0x90/0x90 [isgx]
[ 5820.237021]  zap_vma_ptes+0x2a/0x40
[ 5820.237022]  sgx_swap_pages.constprop.5+0x32a/0x620 [isgx]
[ 5820.237024]  ksgxswapd+0x4b/0x100 [isgx]
[ 5820.237025]  ? wait_woken+0x80/0x80
[ 5820.237027]  kthread+0x105/0x140
[ 5820.237028]  ? sgx_alloc_page+0xf0/0xf0 [isgx]
[ 5820.237029]  ? kthread_destroy_worker+0x50/0x50
[ 5820.237031]  ret_from_fork+0x35/0x40
[ 5820.237031] Code: 89 c7 e8 a6 e8 85 00 3b 05 54 b7 53 01 0f 83 8f fe ff ff 48 63 d0 48 8b 0b 48 03 0c d5 c0 26 7b 84 8b 51 18 83 e2 01 74 0a f3 90 <8b> 51 18 83 e2 01 75 f6 eb c7 0f b6 4d cc 4c 89 ea 4c 89 e6 44 
[ 5829.013212] INFO: rcu_sched detected stalls on CPUs/tasks:
[ 5829.013236] 	2-...0: (1 GPs behind) idle=616/140000000000000/0 softirq=201591/201591 fqs=7440 
[ 5829.013237] 	(detected by 1, t=15002 jiffies, g=179944, c=179943, q=38503)
[ 5829.013239] Sending NMI from CPU 1 to CPUs 2:
[ 5829.013243] NMI backtrace for cpu 2
[ 5829.013244] CPU: 2 PID: 20833 Comm: sgx-runner Tainted: G           OEL   4.15.0-55-generic #60~16.04.2-Ubuntu
[ 5829.013244] Hardware name: System manufacturer System Product Name/ROG STRIX Z390-H GAMING, BIOS 2417 06/03/2019
[ 5829.013245] RIP: 0033:0x55ba7daae252
[ 5829.013245] RSP: 002b:00007f8b7ddea1c0 EFLAGS: 00003002
[ 5829.013246] RAX: 0000000000000003 RBX: 00007f8b65524000 RCX: 000055ba7daae252
[ 5829.013246] RDX: 0000000000000000 RSI: 0000000000000000 RDI: 0000000000000000
[ 5829.013247] RBP: 0000000000000004 R08: 0000000000000000 R09: 0000000000000000
[ 5829.013247] R10: 0000000000000000 R11: 0000000000000000 R12: 0000000000000000
[ 5829.013247] R13: 0000000000000000 R14: 0000000000000000 R15: 0000000000000000
[ 5829.013248] FS:  00007f8b7ddfe700(0000) GS:ffff929c30c80000(0000) knlGS:0000000000000000
[ 5829.013248] CS:  0010 DS: 0000 ES: 0000 CR0: 0000000080050033
[ 5829.013249] CR2: 00007f8b600c8000 CR3: 000000078c50a001 CR4: 00000000003606e0
[ 5829.013249] DR0: 0000000000000000 DR1: 0000000000000000 DR2: 0000000000000000
[ 5829.013262] DR3: 0000000000000000 DR6: 00000000fffe0ff0 DR7: 0000000000000400
[ 5829.241401] ------------[ cut here ]------------
[ 5829.241401] RPM wakelock ref not held during HW access
[ 5829.241489] WARNING: CPU: 2 PID: 22 at /build/linux-hwe-Eeb7Lo/linux-hwe-4.15.0/drivers/gpu/drm/i915/intel_drv.h:1814 intel_uncore_forcewake_get+0xa1/0xb0 [i915]
[ 5829.241490] Modules linked in: igb_uio(OE) binfmt_misc nls_iso8859_1 snd_hda_codec_hdmi intel_rapl snd_hda_codec_realtek x86_pkg_temp_thermal snd_hda_codec_generic intel_powerclamp coretemp kvm irqbypass crct10dif_pclmul snd_hda_intel snd_hda_codec crc32_pclmul snd_hda_core ghash_clmulni_intel snd_hwdep pcbc snd_pcm snd_seq_midi snd_seq_midi_event snd_rawmidi snd_seq snd_seq_device snd_timer aesni_intel snd aes_x86_64 crypto_simd input_leds glue_helper cryptd joydev intel_cstate intel_rapl_perf eeepc_wmi asus_wmi mei_me sparse_keymap wmi_bmof soundcore shpchp mei mac_hid isgx(OE) acpi_pad uio_pci_generic uio parport_pc ppdev lp parport autofs4 hid_generic usbhid hid i915 i2c_algo_bit drm_kms_helper nvme syscopyarea mxm_wmi sysfillrect sysimgblt e1000e i40e fb_sys_fops ahci ptp nvme_core drm libahci
[ 5829.241512]  pps_core wmi video
[ 5829.241513] CPU: 2 PID: 22 Comm: ksoftirqd/2 Tainted: G           OEL   4.15.0-55-generic #60~16.04.2-Ubuntu
[ 5829.241514] Hardware name: System manufacturer System Product Name/ROG STRIX Z390-H GAMING, BIOS 2417 06/03/2019
[ 5829.241540] RIP: 0010:intel_uncore_forcewake_get+0xa1/0xb0 [i915]
[ 5829.241541] RSP: 0018:ffffbac143263db0 EFLAGS: 00010286
[ 5829.241542] RAX: 0000000000000000 RBX: ffff929bfff70000 RCX: ffffffff84a627a8
[ 5829.241542] RDX: 0000000000000001 RSI: 0000000000000096 RDI: 0000000000000202
[ 5829.241542] RBP: ffffbac143263dd0 R08: 000000000000002a R09: 00000000000003e3
[ 5829.241543] R10: 0000000000000339 R11: 000000000000002a R12: 0000000000000001
[ 5829.241543] R13: ffff929c002f2000 R14: 0000000000000000 R15: ffff929c0cd45d00
[ 5829.241544] FS:  0000000000000000(0000) GS:ffff929c30c80000(0000) knlGS:0000000000000000
[ 5829.241544] CS:  0010 DS: 0000 ES: 0000 CR0: 0000000080050033
[ 5829.241545] CR2: 00007f8b600a6000 CR3: 00000003cde0a006 CR4: 00000000003606e0
[ 5829.241546] DR0: 0000000000000000 DR1: 0000000000000000 DR2: 0000000000000000
[ 5829.241546] DR3: 0000000000000000 DR6: 00000000fffe0ff0 DR7: 0000000000000400
[ 5829.241546] Call Trace:
[ 5829.241558]  intel_lrc_irq_handler+0x44/0x780 [i915]
[ 5829.241561]  ? __switch_to_asm+0x34/0x70
[ 5829.241562]  ? __switch_to_asm+0x40/0x70
[ 5829.241562]  ? __switch_to_asm+0x34/0x70
[ 5829.241565]  ? __switch_to+0x9b/0x4e0
[ 5829.241567]  tasklet_hi_action+0xfd/0x110
[ 5829.241568]  __do_softirq+0xf5/0x28f
[ 5829.241569]  run_ksoftirqd+0x22/0x60
[ 5829.241570]  smpboot_thread_fn+0x11a/0x170
[ 5829.241572]  kthread+0x105/0x140
[ 5829.241573]  ? sort_range+0x30/0x30
[ 5829.241574]  ? kthread_destroy_worker+0x50/0x50
[ 5829.241575]  ret_from_fork+0x35/0x40
[ 5829.241575] Code: 05 2e 29 0f 00 01 e8 ef 08 15 c3 0f 0b eb a4 80 3d 1d 29 0f 00 00 75 a5 48 c7 c7 38 62 60 c0 c6 05 0d 29 0f 00 01 e8 cf 08 15 c3 <0f> 0b eb 8e 90 66 2e 0f 1f 84 00 00 00 00 00 0f 1f 44 00 00 55 
[ 5829.241591] ---[ end trace ffe9ee43941b56c5 ]---
[ 5956.055098] NMI watchdog: Watchdog detected hard LOCKUP on cpu 2
[ 5956.055099] Modules linked in: igb_uio(OE) binfmt_misc nls_iso8859_1 snd_hda_codec_hdmi intel_rapl snd_hda_codec_realtek x86_pkg_temp_thermal snd_hda_codec_generic intel_powerclamp coretemp kvm irqbypass crct10dif_pclmul snd_hda_intel snd_hda_codec crc32_pclmul snd_hda_core ghash_clmulni_intel snd_hwdep pcbc snd_pcm snd_seq_midi snd_seq_midi_event snd_rawmidi snd_seq snd_seq_device snd_timer aesni_intel snd aes_x86_64 crypto_simd input_leds glue_helper cryptd joydev intel_cstate intel_rapl_perf eeepc_wmi asus_wmi mei_me sparse_keymap wmi_bmof soundcore shpchp mei mac_hid isgx(OE) acpi_pad uio_pci_generic uio parport_pc ppdev lp parport autofs4 hid_generic usbhid hid i915 i2c_algo_bit drm_kms_helper nvme syscopyarea mxm_wmi sysfillrect sysimgblt e1000e i40e fb_sys_fops ahci ptp nvme_core drm libahci
[ 5956.055116]  pps_core wmi video
[ 5956.055119] CPU: 2 PID: 22856 Comm: sgx-runner Tainted: G        W  OEL   4.15.0-55-generic #60~16.04.2-Ubuntu
[ 5956.055119] Hardware name: System manufacturer System Product Name/ROG STRIX Z390-H GAMING, BIOS 2417 06/03/2019
[ 5956.055121] RIP: 0033:0x560071325252
[ 5956.055121] RSP: 002b:00007fd0f95ea1c0 EFLAGS: 00003002
[ 5956.055122] RAX: 0000000000000003 RBX: 00007fd0e5524000 RCX: 0000560071325252
[ 5956.055122] RDX: 0000000000000000 RSI: 0000000000000000 RDI: 0000000000000000
[ 5956.055122] RBP: 0000000000000004 R08: 0000000000000000 R09: 0000000000000000
[ 5956.055123] R10: 0000000000000000 R11: 0000000000000000 R12: 0000000000000000
[ 5956.055123] R13: 0000000000000000 R14: 0000000000000000 R15: 0000000000000000
[ 5956.055124] FS:  00007fd0f95fe700(0000) GS:ffff929c30c80000(0000) knlGS:0000000000000000
[ 5956.055124] CS:  0010 DS: 0000 ES: 0000 CR0: 0000000080050033
[ 5956.055124] CR2: 00007fd0e00c8000 CR3: 000000078d334004 CR4: 00000000003606e0
[ 5956.055125] DR0: 0000000000000000 DR1: 0000000000000000 DR2: 0000000000000000
[ 5956.055125] DR3: 0000000000000000 DR6: 00000000fffe0ff0 DR7: 0000000000000400
[ 5960.245330] watchdog: BUG: soft lockup - CPU#5 stuck for 22s! [ksgxswapd:369]
[ 5960.245333] Modules linked in: igb_uio(OE) binfmt_misc nls_iso8859_1 snd_hda_codec_hdmi intel_rapl snd_hda_codec_realtek x86_pkg_temp_thermal snd_hda_codec_generic intel_powerclamp coretemp kvm irqbypass crct10dif_pclmul snd_hda_intel snd_hda_codec crc32_pclmul snd_hda_core ghash_clmulni_intel snd_hwdep pcbc snd_pcm snd_seq_midi snd_seq_midi_event snd_rawmidi snd_seq snd_seq_device snd_timer aesni_intel snd aes_x86_64 crypto_simd input_leds glue_helper cryptd joydev intel_cstate intel_rapl_perf eeepc_wmi asus_wmi mei_me sparse_keymap wmi_bmof soundcore shpchp mei mac_hid isgx(OE) acpi_pad uio_pci_generic uio parport_pc ppdev lp parport autofs4 hid_generic usbhid hid i915 i2c_algo_bit drm_kms_helper nvme syscopyarea mxm_wmi sysfillrect sysimgblt e1000e i40e fb_sys_fops ahci ptp nvme_core drm libahci
[ 5960.245379]  pps_core wmi video
[ 5960.245382] CPU: 5 PID: 369 Comm: ksgxswapd Tainted: G        W  OEL   4.15.0-55-generic #60~16.04.2-Ubuntu
[ 5960.245382] Hardware name: System manufacturer System Product Name/ROG STRIX Z390-H GAMING, BIOS 2417 06/03/2019
[ 5960.245385] RIP: 0010:smp_call_function_many+0x1fe/0x260
[ 5960.245386] RSP: 0018:ffffbac143aa3c78 EFLAGS: 00000202 ORIG_RAX: ffffffffffffff11
[ 5960.245386] RAX: 0000000000000002 RBX: ffff929c30d63880 RCX: ffff929c30ca88c0
[ 5960.245387] RDX: 0000000000000001 RSI: 0000000000000006 RDI: ffff929c10421fd8
[ 5960.245387] RBP: ffffbac143aa3cb0 R08: 0000000000000000 R09: 0000000000000006
[ 5960.245388] R10: ffffe647a133a780 R11: ffff929c10421fd8 R12: ffffffff8367d690
[ 5960.245388] R13: ffffbac143aa3cf0 R14: 0000000000000001 R15: 0000000000000006
[ 5960.245389] FS:  0000000000000000(0000) GS:ffff929c30d40000(0000) knlGS:0000000000000000
[ 5960.245390] CS:  0010 DS: 0000 ES: 0000 CR0: 0000000080050033
[ 5960.245390] CR2: 000055aff9ec2cb0 CR3: 00000003cde0a005 CR4: 00000000003606e0
[ 5960.245391] DR0: 0000000000000000 DR1: 0000000000000000 DR2: 0000000000000000
[ 5960.245391] DR3: 0000000000000000 DR6: 00000000fffe0ff0 DR7: 0000000000000400
[ 5960.245391] Call Trace:
[ 5960.245394]  native_flush_tlb_others+0x3c/0xf0
[ 5960.245395]  flush_tlb_mm_range+0xae/0x110
[ 5960.245397]  tlb_flush_mmu_tlbonly+0x64/0xc0
[ 5960.245398]  arch_tlb_finish_mmu+0x3f/0x80
[ 5960.245399]  tlb_finish_mmu+0x23/0x30
[ 5960.245400]  zap_page_range_single+0xd3/0x120
[ 5960.245416]  ? sgx_get_unmapped_area+0x90/0x90 [isgx]
[ 5960.245417]  zap_vma_ptes+0x2a/0x40
[ 5960.245419]  sgx_swap_pages.constprop.5+0x32a/0x620 [isgx]
[ 5960.245420]  ksgxswapd+0x4b/0x100 [isgx]
[ 5960.245421]  ? wait_woken+0x80/0x80
[ 5960.245423]  kthread+0x105/0x140
[ 5960.245424]  ? sgx_alloc_page+0xf0/0xf0 [isgx]
[ 5960.245425]  ? kthread_destroy_worker+0x50/0x50
[ 5960.245427]  ret_from_fork+0x35/0x40
[ 5960.245427] Code: 89 c7 e8 a6 e8 85 00 3b 05 54 b7 53 01 0f 83 8f fe ff ff 48 63 d0 48 8b 0b 48 03 0c d5 c0 26 7b 84 8b 51 18 83 e2 01 74 0a f3 90 <8b> 51 18 83 e2 01 75 f6 eb c7 0f b6 4d cc 4c 89 ea 4c 89 e6 44 
[ 5963.125488] [drm:i915_gem_idle_work_handler [i915]] *ERROR* Timeout waiting for engines to idle
[ 6050.596803] NMI watchdog: Watchdog detected hard LOCKUP on cpu 2
[ 6050.596804] Modules linked in: igb_uio(OE) binfmt_misc nls_iso8859_1 snd_hda_codec_hdmi intel_rapl snd_hda_codec_realtek x86_pkg_temp_thermal snd_hda_codec_generic intel_powerclamp coretemp kvm irqbypass crct10dif_pclmul snd_hda_intel snd_hda_codec crc32_pclmul snd_hda_core ghash_clmulni_intel snd_hwdep pcbc snd_pcm snd_seq_midi snd_seq_midi_event snd_rawmidi snd_seq snd_seq_device snd_timer aesni_intel snd aes_x86_64 crypto_simd input_leds glue_helper cryptd joydev intel_cstate intel_rapl_perf eeepc_wmi asus_wmi mei_me sparse_keymap wmi_bmof soundcore shpchp mei mac_hid isgx(OE) acpi_pad uio_pci_generic uio parport_pc ppdev lp parport autofs4 hid_generic usbhid hid i915 i2c_algo_bit drm_kms_helper nvme syscopyarea mxm_wmi sysfillrect sysimgblt e1000e i40e fb_sys_fops ahci ptp nvme_core drm libahci
[ 6050.596822]  pps_core wmi video
[ 6050.596824] CPU: 2 PID: 24186 Comm: sgx-runner Tainted: G        W  OEL   4.15.0-55-generic #60~16.04.2-Ubuntu
[ 6050.596824] Hardware name: System manufacturer System Product Name/ROG STRIX Z390-H GAMING, BIOS 2417 06/03/2019
[ 6050.596826] RIP: 0033:0x55d96b0cd252
[ 6050.596826] RSP: 002b:00007fb8ee1eb1c0 EFLAGS: 00003002
[ 6050.596827] RAX: 0000000000000003 RBX: 00007fb8d5524000 RCX: 000055d96b0cd252
[ 6050.596827] RDX: 0000000000000000 RSI: 0000000000000000 RDI: 0000000000000000
[ 6050.596827] RBP: 0000000000000004 R08: 0000000000000000 R09: 0000000000000000
[ 6050.596828] R10: 0000000000000000 R11: 0000000000000000 R12: 0000000000000000
[ 6050.596828] R13: 0000000000000000 R14: 0000000000000000 R15: 0000000000000000
[ 6050.596828] FS:  00007fb8ee1ff700(0000) GS:ffff929c30c80000(0000) knlGS:0000000000000000
[ 6050.596829] CS:  0010 DS: 0000 ES: 0000 CR0: 0000000080050033
[ 6050.596829] CR2: 00007fb8d00c8000 CR3: 00000006486ee003 CR4: 00000000003606e0
[ 6050.596830] DR0: 0000000000000000 DR1: 0000000000000000 DR2: 0000000000000000
[ 6050.596830] DR3: 0000000000000000 DR6: 00000000fffe0ff0 DR7: 0000000000000400
[ 6457.282142] usb 1-6: new low-speed USB device number 4 using xhci_hcd
[ 6457.440190] usb 1-6: New USB device found, idVendor=046a, idProduct=0011
[ 6457.440191] usb 1-6: New USB device strings: Mfr=0, Product=0, SerialNumber=0
[ 6457.450749] input: HID 046a:0011 as /devices/pci0000:00/0000:00:14.0/usb1/1-6/1-6:1.0/0003:046A:0011.0004/input/input20
[ 6457.510394] hid-generic 0003:046A:0011.0004: input,hidraw2: USB HID v1.11 Keyboard [HID 046a:0011] on usb-0000:00:14.0-6/input0
[11426.323175] [drm:i915_gem_idle_work_handler [i915]] *ERROR* Timeout waiting for engines to idle
[11435.619446] [drm:drm_atomic_helper_wait_for_flip_done [drm_kms_helper]] *ERROR* [CRTC:37:pipe A] flip_done timed out
[11437.173914] NMI watchdog: Watchdog detected hard LOCKUP on cpu 2
[11437.173914] Modules linked in: igb_uio(OE) binfmt_misc nls_iso8859_1 snd_hda_codec_hdmi intel_rapl snd_hda_codec_realtek x86_pkg_temp_thermal snd_hda_codec_generic intel_powerclamp coretemp kvm irqbypass crct10dif_pclmul snd_hda_intel snd_hda_codec crc32_pclmul snd_hda_core ghash_clmulni_intel snd_hwdep pcbc snd_pcm snd_seq_midi snd_seq_midi_event snd_rawmidi snd_seq snd_seq_device snd_timer aesni_intel snd aes_x86_64 crypto_simd input_leds glue_helper cryptd joydev intel_cstate intel_rapl_perf eeepc_wmi asus_wmi mei_me sparse_keymap wmi_bmof soundcore shpchp mei mac_hid isgx(OE) acpi_pad uio_pci_generic uio parport_pc ppdev lp parport autofs4 hid_generic usbhid hid i915 i2c_algo_bit drm_kms_helper nvme syscopyarea mxm_wmi sysfillrect sysimgblt e1000e i40e fb_sys_fops ahci ptp nvme_core drm libahci
[11437.173932]  pps_core wmi video
[11437.173934] CPU: 2 PID: 26194 Comm: sgx-runner Tainted: G        W  OEL   4.15.0-55-generic #60~16.04.2-Ubuntu
[11437.173935] Hardware name: System manufacturer System Product Name/ROG STRIX Z390-H GAMING, BIOS 2417 06/03/2019
[11437.173937] RIP: 0033:0x564b6de82f74
[11437.173937] RSP: 002b:00007f7b063f14f0 EFLAGS: 00003002
[11437.173938] RAX: 0000000000000003 RBX: 00007f7aeb602000 RCX: 0000564b6de82f74
[11437.173938] RDX: 0000000000000000 RSI: 0000000000000000 RDI: 0000000000000000
[11437.173938] RBP: 00007f7b063fd6c0 R08: 0000000000000000 R09: 0000000000000000
[11437.173939] R10: 0000000000000000 R11: 0000000000000000 R12: 0000000000000000
[11437.173939] R13: 0000000000000000 R14: 0000000000000000 R15: 0000000000000000
[11437.173940] FS:  00007f7b063fe700(0000) GS:ffff929c30c80000(0000) knlGS:0000000000000000
[11437.173940] CS:  0010 DS: 0000 ES: 0000 CR0: 0000000080050033
[11437.173941] CR2: 00007f351df3b624 CR3: 000000063c17e004 CR4: 00000000003606e0
[11437.173941] DR0: 0000000000000000 DR1: 0000000000000000 DR2: 0000000000000000
[11437.173941] DR3: 0000000000000000 DR6: 00000000fffe0ff0 DR7: 0000000000000400
